******************************************************************************
               TMS320C6x Linker PC v7.4.2                      
******************************************************************************
>> Linked Fri Dec 12 00:47:58 2014

OUTPUT FILE NAME:   <attempt_2.out>
ENTRY POINT SYMBOL: "_c_int00"  address: 0000bb80


MEMORY CONFIGURATION

         name            origin    length      used     unused   attr    fill
----------------------  --------  ---------  --------  --------  ----  --------
  VECS                  00000000   00000200  00000200  00000000  RWIX
  IRAM                  00000200   0002fe00  0000c588  00023878  RWIX
  L2RAM                 00030000   00010000  00000000  00010000  RWIX
  EMIFCE0               80000000   10000000  00000000  10000000  RWIX
  EMIFCE1               90000000   10000000  00000000  10000000  RWIX
  EMIFCE2               a0000000   10000000  00000000  10000000  RWIX
  EMIFCE3               b0000000   10000000  00000000  10000000  RWIX


SECTION ALLOCATION MAP

 output                                  attributes/
section   page    origin      length       input sections
--------  ----  ----------  ----------   ----------------
vectors    0    00000000    00000200     
                  00000000    00000200     vectors.obj (vectors)

.pinit     0    00000200    00000000     UNINITIALIZED

.bss       0    00000200    00000000     UNINITIALIZED

.data      0    00000200    00000000     UNINITIALIZED

.far       0    00000200    00007a4c     UNINITIALIZED
                  00000200    00007840     attempt2.obj (.far)
                  00007a40    000000f4     csl6713.lib : csl_irq.obj (.far)
                  00007b34    00000002     dsk6713bsl.lib : dsk6713.obj (.far)
                  00007b36    00000002     --HOLE--
                  00007b38    00000040     rts6700.lib : cos.obj (.far)
                  00007b78    00000040                 : sin.obj (.far)
                  00007bb8    00000038     csl6713.lib : csl_mcbsp.obj (.far)
                  00007bf0    00000028     dsk6713bsl.lib : dsk6713_aic23_registers.obj (.far)
                  00007c18    00000020                    : dsk6713_aic23_setfreq.obj (.far)
                  00007c38    0000000c     rts6700.lib : exit.obj (.far)
                  00007c44    00000008     dsk6713bsl.lib : dsk6713_aic23_opencodec.obj (.far)

.text      0    00007c60    00004140     
                  00007c60    00001280     attempt2.obj (.text)
                  00008ee0    00000480     dsk6713bsl.lib : dsk6713.obj (.text)
                  00009360    000003e0     attempt2.obj (.text:retain)
                  00009740    00000360     rts6700.lib : cos.obj (.text:_cos)
                  00009aa0    00000340                 : divf.obj (.text:__divf)
                  00009de0    00000340                 : sin.obj (.text:_sin)
                  0000a120    00000300     dsk6713bsl.lib : dsk6713_aic23_opencodec.obj (.text)
                  0000a420    00000280     cfftr2_dit.obj (.text)
                  0000a6a0    00000240     rts6700.lib : memcpy62.obj (.text:_memcpy)
                  0000a8e0    00000240     digitrev_index.obj (.text)
                  0000ab20    000001c0     csl6713.lib : csl_irq.obj (.text:_IRQ_map)
                  0000ace0    000001a0                 : csl_mcbsp.obj (.text:_MCBSP_reset)
                  0000ae80    000001a0     bitrev.obj (.text)
                  0000b020    00000140     dsk6713bsl.lib : dsk6713_aic23_registers.obj (.text)
                  0000b160    00000120     rts6700.lib : divi.obj (.text:__divi)
                  0000b280    00000100     csl6713.lib : csl_mcbsp.obj (.text:_MCBSP_open)
                  0000b380    00000100                 : csl_mcbsp.obj (.text:_MCBSP_start)
                  0000b480    00000100     rts6700.lib : autoinit.obj (.text:__auto_init)
                  0000b580    000000e0                 : strasg.obj (.text:__strasg)
                  0000b660    000000e0                 : exit.obj (.text:_exit)
                  0000b740    000000e0                 : modf.obj (.text:_modf)
                  0000b820    000000c0                 : round.obj (.text:__nround)
                  0000b8e0    000000c0                 : cpy_tbl.obj (.text:_copy_in)
                  0000b9a0    000000c0     dsk6713bsl.lib : dsk6713_aic23_setfreq.obj (.text)
                  0000ba60    000000a0     csl6713.lib : csl_irq.obj (.text:_setMux)
                  0000bb00    00000080     rts6700.lib : cpp_init.obj (.text:___TI_cpp_init)
                  0000bb80    00000080                 : boot.obj (.text:_c_int00)
                  0000bc00    00000040     csl6713.lib : csl_irq.obj (.text:_IRQ_enable)
                  0000bc40    00000040     rts6700.lib : args_main.obj (.text:__args_main)
                  0000bc80    00000040                 : trunc.obj (.text:__trunc)
                  0000bcc0    00000020     csl6713.lib : csl_irq.obj (.text:_IRQ_globalDisable)
                  0000bce0    00000020                 : csl_irq.obj (.text:_IRQ_globalEnable)
                  0000bd00    00000020                 : csl_irq.obj (.text:_IRQ_nmiEnable)
                  0000bd20    00000020                 : csl_mcbsp.obj (.text:_MCBSP_read)
                  0000bd40    00000020                 : csl_mcbsp.obj (.text:_MCBSP_write)
                  0000bd60    00000020     rts6700.lib : exit.obj (.text:_abort)
                  0000bd80    00000020     csl6713.lib : csl_irq.obj (.text)

.stack     0    0000bda0    00000400     UNINITIALIZED
                  0000bda0    00000008     rts6700.lib : boot.obj (.stack)
                  0000bda8    000003f8     --HOLE--

.cinit     0    0000c1a0    00000404     
                  0000c1a0    0000015c     attempt2.obj (.cinit)
                  0000c2fc    00000004     --HOLE-- [fill = 0]
                  0000c300    0000012c     csl6713.lib : csl_irq.obj (.cinit)
                  0000c42c    00000004     --HOLE-- [fill = 0]
                  0000c430    00000054                 : csl_mcbsp.obj (.cinit)
                  0000c484    00000004     --HOLE-- [fill = 0]
                  0000c488    00000048     rts6700.lib : cos.obj (.cinit)
                  0000c4d0    00000048                 : sin.obj (.cinit)
                  0000c518    00000030     dsk6713bsl.lib : dsk6713_aic23_registers.obj (.cinit)
                  0000c548    0000002c     rts6700.lib : exit.obj (.cinit)
                  0000c574    00000004     --HOLE-- [fill = 0]
                  0000c578    00000028     dsk6713bsl.lib : dsk6713_aic23_setfreq.obj (.cinit)
                  0000c5a0    00000004     --HOLE-- [fill = 0]

.const     0    0000c5a4    000001f8     
                  0000c5a4    00000194     attempt2.obj (.const:_B)
                  0000c738    00000040     dsk6713bsl.lib : dsk6713_aic23_opencodec.obj (.const)
                  0000c778    00000020                    : dsk6713.obj (.const)
                  0000c798    00000004     attempt2.obj (.const)


GLOBAL SYMBOLS: SORTED ALPHABETICALLY BY Name 

address    name
--------   ----
00000200   $bss
00000200   .bss
00000200   .data
00007c60   .text
0000bd60   C$$EXIT
0000c5a4   _B
0000c798   _BL
00000238   _DELTA
00007c44   _DSK6713_AIC23_codeccontrolhandle
00007c48   _DSK6713_AIC23_codecdatahandle
0000b0e0   _DSK6713_AIC23_config
0000a120   _DSK6713_AIC23_openCodec
0000b0b8   _DSK6713_AIC23_rget
0000b020   _DSK6713_AIC23_rset
0000b9a0   _DSK6713_AIC23_setFreq
000092f4   _DSK6713_getVersion
00008f2c   _DSK6713_init
00009248   _DSK6713_rget
0000925c   _DSK6713_rset
00007b34   _DSK6713_version
00009270   _DSK6713_wait
000092c8   _DSK6713_waitusec
0000bc00   _IRQ_enable
0000bcc0   _IRQ_globalDisable
0000bce0   _IRQ_globalEnable
0000ab20   _IRQ_map
0000bd00   _IRQ_nmiEnable
0000b280   _MCBSP_open
0000bd20   _MCBSP_read
0000ace0   _MCBSP_reset
0000b380   _MCBSP_start
0000bd40   _MCBSP_write
00005550   _PING
00006238   _PONG
00004548   _V
00007720   _Z
00007b2c   __IRQ_dispatchTable
00007a68   __IRQ_eventTable
0000bd80   __IRQ_hookFetchPacket
00007aec   __IRQ_intTable
00007be8   __MCBSP_hDev0
00007bec   __MCBSP_hDev1
0000c1a0   __STACK_END
00000400   __STACK_SIZE
00000001   __TI_args_main
0000bb00   ___TI_cpp_init
00007c40   ___TI_enable_exit_profile_output
ffffffff   ___TI_pprof_out_hndl
ffffffff   ___TI_prof_data_size
ffffffff   ___TI_prof_data_start
ffffffff   ___binit__
00000200   ___bss__
ffffffff   ___c_args__
0000c1a0   ___cinit__
00000200   ___data__
00000200   ___edata__
00000200   ___end__
0000bda0   ___etext__
ffffffff   ___pinit__
00007c60   ___text__
0000bc40   __args_main
0000b480   __auto_init
0000b160   __c6xabi_divi
00007c38   __cleanup_ptr
00009aa0   __divf
0000b160   __divi
00007c3c   __dtors_ptr
0000b820   __nround
0000bda0   __stack
0000b580   __strasg
0000bc80   __trunc
00003538   _a
0000bd60   _abort
00004540   _b
0000ae80   _bitrev
00005548   _c
0000bb80   _c_int00
0000a420   _cfftr2_dit
00000204   _config
0000b8e0   _copy_in
00009740   _cos
00006230   _d
0000a8e0   _digitrev_index
00006f18   _e
0000b660   _exit
00000850   _h
00000200   _hCodec
00000844   _in
00008808   _init
0000023c   _iw
0000043c   _ix
0000083c   _lflag
00007c60   _main
0000a6a0   _memcpy
0000b740   _modf
00000840   _n
00000848   _out
00001ec8   _outputPING
00001858   _outputPONG
0000022c   _pingFlag
00000230   _pingIndex
00002538   _pingU
0000022d   _pongFlag
00000234   _pongIndex
00003540   _pongU
00009360   _serialPortRcvISR
00009de0   _sin
00001850   _stahp
00006f20   _w
ffffffff   binit
0000c1a0   cinit
00000200   edata
00000200   end
0000bda0   etext
ffffffff   pinit


GLOBAL SYMBOLS: SORTED BY Symbol Address 

address    name
--------   ----
00000001   __TI_args_main
00000200   $bss
00000200   .bss
00000200   .data
00000200   ___bss__
00000200   ___data__
00000200   ___edata__
00000200   ___end__
00000200   _hCodec
00000200   edata
00000200   end
00000204   _config
0000022c   _pingFlag
0000022d   _pongFlag
00000230   _pingIndex
00000234   _pongIndex
00000238   _DELTA
0000023c   _iw
00000400   __STACK_SIZE
0000043c   _ix
0000083c   _lflag
00000840   _n
00000844   _in
00000848   _out
00000850   _h
00001850   _stahp
00001858   _outputPONG
00001ec8   _outputPING
00002538   _pingU
00003538   _a
00003540   _pongU
00004540   _b
00004548   _V
00005548   _c
00005550   _PING
00006230   _d
00006238   _PONG
00006f18   _e
00006f20   _w
00007720   _Z
00007a68   __IRQ_eventTable
00007aec   __IRQ_intTable
00007b2c   __IRQ_dispatchTable
00007b34   _DSK6713_version
00007be8   __MCBSP_hDev0
00007bec   __MCBSP_hDev1
00007c38   __cleanup_ptr
00007c3c   __dtors_ptr
00007c40   ___TI_enable_exit_profile_output
00007c44   _DSK6713_AIC23_codeccontrolhandle
00007c48   _DSK6713_AIC23_codecdatahandle
00007c60   .text
00007c60   ___text__
00007c60   _main
00008808   _init
00008f2c   _DSK6713_init
00009248   _DSK6713_rget
0000925c   _DSK6713_rset
00009270   _DSK6713_wait
000092c8   _DSK6713_waitusec
000092f4   _DSK6713_getVersion
00009360   _serialPortRcvISR
00009740   _cos
00009aa0   __divf
00009de0   _sin
0000a120   _DSK6713_AIC23_openCodec
0000a420   _cfftr2_dit
0000a6a0   _memcpy
0000a8e0   _digitrev_index
0000ab20   _IRQ_map
0000ace0   _MCBSP_reset
0000ae80   _bitrev
0000b020   _DSK6713_AIC23_rset
0000b0b8   _DSK6713_AIC23_rget
0000b0e0   _DSK6713_AIC23_config
0000b160   __c6xabi_divi
0000b160   __divi
0000b280   _MCBSP_open
0000b380   _MCBSP_start
0000b480   __auto_init
0000b580   __strasg
0000b660   _exit
0000b740   _modf
0000b820   __nround
0000b8e0   _copy_in
0000b9a0   _DSK6713_AIC23_setFreq
0000bb00   ___TI_cpp_init
0000bb80   _c_int00
0000bc00   _IRQ_enable
0000bc40   __args_main
0000bc80   __trunc
0000bcc0   _IRQ_globalDisable
0000bce0   _IRQ_globalEnable
0000bd00   _IRQ_nmiEnable
0000bd20   _MCBSP_read
0000bd40   _MCBSP_write
0000bd60   C$$EXIT
0000bd60   _abort
0000bd80   __IRQ_hookFetchPacket
0000bda0   ___etext__
0000bda0   __stack
0000bda0   etext
0000c1a0   __STACK_END
0000c1a0   ___cinit__
0000c1a0   cinit
0000c5a4   _B
0000c798   _BL
ffffffff   ___TI_pprof_out_hndl
ffffffff   ___TI_prof_data_size
ffffffff   ___TI_prof_data_start
ffffffff   ___binit__
ffffffff   ___c_args__
ffffffff   ___pinit__
ffffffff   binit
ffffffff   pinit

[115 symbols]
