******************************************************************************
               TMS320C6x Linker PC v7.4.2                      
******************************************************************************
>> Linked Wed Dec 10 23:41:49 2014

OUTPUT FILE NAME:   <fuck_this.out>
ENTRY POINT SYMBOL: "_c_int00"  address: 000132a0


MEMORY CONFIGURATION

         name            origin    length      used     unused   attr    fill
----------------------  --------  ---------  --------  --------  ----  --------
  VECS                  00000000   00000200  00000200  00000000  RWIX
  IRAM                  00000200   0002fe00  00013bc8  0001c238  RWIX
  L2RAM                 00030000   00010000  00000000  00010000  RWIX
  EMIFCE0               80000000   10000000  00000000  10000000  RWIX
  EMIFCE1               90000000   10000000  00000000  10000000  RWIX
  EMIFCE2               a0000000   10000000  00000000  10000000  RWIX
  EMIFCE3               b0000000   10000000  00000000  10000000  RWIX


SECTION ALLOCATION MAP

 output                                  attributes/
section   page    origin      length       input sections
--------  ----  ----------  ----------   ----------------
vectors    0    00000000    00000200     
                  00000000    00000200     vectors.obj (vectors)

.pinit     0    00000200    00000000     UNINITIALIZED

.bss       0    00000200    00000000     UNINITIALIZED

.data      0    00000200    00000000     UNINITIALIZED

.far       0    00000200    0000fa74     UNINITIALIZED
                  00000200    0000f868     fuck_this.obj (.far)
                  0000fa68    000000f4     csl6713.lib : csl_irq.obj (.far)
                  0000fb5c    00000002     dsk6713bsl.lib : dsk6713.obj (.far)
                  0000fb5e    00000002     --HOLE--
                  0000fb60    00000040     rts6700.lib : cos.obj (.far)
                  0000fba0    00000040                 : sin.obj (.far)
                  0000fbe0    00000038     csl6713.lib : csl_mcbsp.obj (.far)
                  0000fc18    00000028     dsk6713bsl.lib : dsk6713_aic23_registers.obj (.far)
                  0000fc40    00000020                    : dsk6713_aic23_setfreq.obj (.far)
                  0000fc60    0000000c     rts6700.lib : exit.obj (.far)
                  0000fc6c    00000008     dsk6713bsl.lib : dsk6713_aic23_opencodec.obj (.far)

.text      0    0000fc80    00003840     
                  0000fc80    000009c0     fuck_this.obj (.text)
                  00010640    00000480     dsk6713bsl.lib : dsk6713.obj (.text)
                  00010ac0    000003a0     fuck_this.obj (.text:retain)
                  00010e60    00000360     rts6700.lib : cos.obj (.text:_cos)
                  000111c0    00000340                 : divf.obj (.text:__divf)
                  00011500    00000340                 : sin.obj (.text:_sin)
                  00011840    00000300     dsk6713bsl.lib : dsk6713_aic23_opencodec.obj (.text)
                  00011b40    00000280     cfftr2_dit.obj (.text)
                  00011dc0    00000240     rts6700.lib : memcpy62.obj (.text:_memcpy)
                  00012000    00000240     digitrev_index.obj (.text)
                  00012240    000001c0     csl6713.lib : csl_irq.obj (.text:_IRQ_map)
                  00012400    000001a0                 : csl_mcbsp.obj (.text:_MCBSP_reset)
                  000125a0    000001a0     bitrev.obj (.text)
                  00012740    00000140     dsk6713bsl.lib : dsk6713_aic23_registers.obj (.text)
                  00012880    00000120     rts6700.lib : divi.obj (.text:__divi)
                  000129a0    00000100     csl6713.lib : csl_mcbsp.obj (.text:_MCBSP_open)
                  00012aa0    00000100                 : csl_mcbsp.obj (.text:_MCBSP_start)
                  00012ba0    00000100     rts6700.lib : autoinit.obj (.text:__auto_init)
                  00012ca0    000000e0                 : strasg.obj (.text:__strasg)
                  00012d80    000000e0                 : exit.obj (.text:_exit)
                  00012e60    000000e0                 : modf.obj (.text:_modf)
                  00012f40    000000c0                 : round.obj (.text:__nround)
                  00013000    000000c0                 : cpy_tbl.obj (.text:_copy_in)
                  000130c0    000000c0     dsk6713bsl.lib : dsk6713_aic23_setfreq.obj (.text)
                  00013180    000000a0     csl6713.lib : csl_irq.obj (.text:_setMux)
                  00013220    00000080     rts6700.lib : cpp_init.obj (.text:___TI_cpp_init)
                  000132a0    00000080                 : boot.obj (.text:_c_int00)
                  00013320    00000040     csl6713.lib : csl_irq.obj (.text:_IRQ_enable)
                  00013360    00000040     rts6700.lib : args_main.obj (.text:__args_main)
                  000133a0    00000040                 : trunc.obj (.text:__trunc)
                  000133e0    00000020     csl6713.lib : csl_irq.obj (.text:_IRQ_globalDisable)
                  00013400    00000020                 : csl_irq.obj (.text:_IRQ_globalEnable)
                  00013420    00000020                 : csl_irq.obj (.text:_IRQ_nmiEnable)
                  00013440    00000020                 : csl_mcbsp.obj (.text:_MCBSP_read)
                  00013460    00000020                 : csl_mcbsp.obj (.text:_MCBSP_write)
                  00013480    00000020     rts6700.lib : exit.obj (.text:_abort)
                  000134a0    00000020     csl6713.lib : csl_irq.obj (.text)

.stack     0    000134c0    00000400     UNINITIALIZED
                  000134c0    00000008     rts6700.lib : boot.obj (.stack)
                  000134c8    000003f8     --HOLE--

.cinit     0    000138c0    000003e4     
                  000138c0    0000013c     fuck_this.obj (.cinit)
                  000139fc    00000004     --HOLE-- [fill = 0]
                  00013a00    0000012c     csl6713.lib : csl_irq.obj (.cinit)
                  00013b2c    00000004     --HOLE-- [fill = 0]
                  00013b30    00000054                 : csl_mcbsp.obj (.cinit)
                  00013b84    00000004     --HOLE-- [fill = 0]
                  00013b88    00000048     rts6700.lib : cos.obj (.cinit)
                  00013bd0    00000048                 : sin.obj (.cinit)
                  00013c18    00000030     dsk6713bsl.lib : dsk6713_aic23_registers.obj (.cinit)
                  00013c48    0000002c     rts6700.lib : exit.obj (.cinit)
                  00013c74    00000004     --HOLE-- [fill = 0]
                  00013c78    00000028     dsk6713bsl.lib : dsk6713_aic23_setfreq.obj (.cinit)
                  00013ca0    00000004     --HOLE-- [fill = 0]

.const     0    00013ca4    00000130     
                  00013ca4    000000cc     fuck_this.obj (.const:_B)
                  00013d70    00000040     dsk6713bsl.lib : dsk6713_aic23_opencodec.obj (.const)
                  00013db0    00000020                    : dsk6713.obj (.const)
                  00013dd0    00000004     fuck_this.obj (.const)


GLOBAL SYMBOLS: SORTED ALPHABETICALLY BY Name 

address    name
--------   ----
00000200   $bss
00000200   .bss
00000200   .data
0000fc80   .text
00013480   C$$EXIT
00013ca4   _B
00013dd0   _BL
00006cc8   _DELTA
0000fc6c   _DSK6713_AIC23_codeccontrolhandle
0000fc70   _DSK6713_AIC23_codecdatahandle
00012800   _DSK6713_AIC23_config
00011840   _DSK6713_AIC23_openCodec
000127d8   _DSK6713_AIC23_rget
00012740   _DSK6713_AIC23_rset
000130c0   _DSK6713_AIC23_setFreq
00010a54   _DSK6713_getVersion
0001068c   _DSK6713_init
000109a8   _DSK6713_rget
000109bc   _DSK6713_rset
0000fb5c   _DSK6713_version
000109d0   _DSK6713_wait
00010a28   _DSK6713_waitusec
00013320   _IRQ_enable
000133e0   _IRQ_globalDisable
00013400   _IRQ_globalEnable
00012240   _IRQ_map
00013420   _IRQ_nmiEnable
000129a0   _MCBSP_open
00013440   _MCBSP_read
00012400   _MCBSP_reset
00012aa0   _MCBSP_start
00013460   _MCBSP_write
00000230   _PING
000020a0   _PONG
0000ce60   _V
0000ccd0   _Z
0000fb54   __IRQ_dispatchTable
0000fa90   __IRQ_eventTable
000134a0   __IRQ_hookFetchPacket
0000fb14   __IRQ_intTable
0000fc10   __MCBSP_hDev0
0000fc14   __MCBSP_hDev1
000138c0   __STACK_END
00000400   __STACK_SIZE
00000001   __TI_args_main
00013220   ___TI_cpp_init
0000fc68   ___TI_enable_exit_profile_output
ffffffff   ___TI_pprof_out_hndl
ffffffff   ___TI_prof_data_size
ffffffff   ___TI_prof_data_start
ffffffff   ___binit__
00000200   ___bss__
ffffffff   ___c_args__
000138c0   ___cinit__
00000200   ___data__
00000200   ___edata__
00000200   ___end__
000134c0   ___etext__
ffffffff   ___pinit__
0000fc80   ___text__
00013360   __args_main
00012ba0   __auto_init
00012880   __c6xabi_divi
0000fc60   __cleanup_ptr
000111c0   __divf
00012880   __divi
0000fc64   __dtors_ptr
00012f40   __nround
000134c0   __stack
00012ca0   __strasg
000133a0   __trunc
00013480   _abort
000125a0   _bitrev
000132a0   _c_int00
00011b40   _cfftr2_dit
00000204   _config
00013000   _copy_in
00010e60   _cos
00012000   _digitrev_index
00012d80   _exit
00006cd0   _h
00000200   _hCodec
0000ff94   _init
0000ee60   _iw
0000f260   _ix
0000fa60   _lflag
0000fc80   _main
00011dc0   _memcpy
00012e60   _modf
0000fa64   _n
00003f10   _outputPING
00004e48   _outputPONG
00005d80   _pingFlag
00005d84   _pingIndex
00008cd0   _pingU
00005d81   _pongFlag
00005d88   _pongIndex
0000acd0   _pongU
00010ac0   _serialPortRcvISR
00011500   _sin
00005d90   _w
ffffffff   binit
000138c0   cinit
00000200   edata
00000200   end
000134c0   etext
ffffffff   pinit


GLOBAL SYMBOLS: SORTED BY Symbol Address 

address    name
--------   ----
00000001   __TI_args_main
00000200   $bss
00000200   .bss
00000200   .data
00000200   ___bss__
00000200   ___data__
00000200   ___edata__
00000200   ___end__
00000200   _hCodec
00000200   edata
00000200   end
00000204   _config
00000230   _PING
00000400   __STACK_SIZE
000020a0   _PONG
00003f10   _outputPING
00004e48   _outputPONG
00005d80   _pingFlag
00005d81   _pongFlag
00005d84   _pingIndex
00005d88   _pongIndex
00005d90   _w
00006cc8   _DELTA
00006cd0   _h
00008cd0   _pingU
0000acd0   _pongU
0000ccd0   _Z
0000ce60   _V
0000ee60   _iw
0000f260   _ix
0000fa60   _lflag
0000fa64   _n
0000fa90   __IRQ_eventTable
0000fb14   __IRQ_intTable
0000fb54   __IRQ_dispatchTable
0000fb5c   _DSK6713_version
0000fc10   __MCBSP_hDev0
0000fc14   __MCBSP_hDev1
0000fc60   __cleanup_ptr
0000fc64   __dtors_ptr
0000fc68   ___TI_enable_exit_profile_output
0000fc6c   _DSK6713_AIC23_codeccontrolhandle
0000fc70   _DSK6713_AIC23_codecdatahandle
0000fc80   .text
0000fc80   ___text__
0000fc80   _main
0000ff94   _init
0001068c   _DSK6713_init
000109a8   _DSK6713_rget
000109bc   _DSK6713_rset
000109d0   _DSK6713_wait
00010a28   _DSK6713_waitusec
00010a54   _DSK6713_getVersion
00010ac0   _serialPortRcvISR
00010e60   _cos
000111c0   __divf
00011500   _sin
00011840   _DSK6713_AIC23_openCodec
00011b40   _cfftr2_dit
00011dc0   _memcpy
00012000   _digitrev_index
00012240   _IRQ_map
00012400   _MCBSP_reset
000125a0   _bitrev
00012740   _DSK6713_AIC23_rset
000127d8   _DSK6713_AIC23_rget
00012800   _DSK6713_AIC23_config
00012880   __c6xabi_divi
00012880   __divi
000129a0   _MCBSP_open
00012aa0   _MCBSP_start
00012ba0   __auto_init
00012ca0   __strasg
00012d80   _exit
00012e60   _modf
00012f40   __nround
00013000   _copy_in
000130c0   _DSK6713_AIC23_setFreq
00013220   ___TI_cpp_init
000132a0   _c_int00
00013320   _IRQ_enable
00013360   __args_main
000133a0   __trunc
000133e0   _IRQ_globalDisable
00013400   _IRQ_globalEnable
00013420   _IRQ_nmiEnable
00013440   _MCBSP_read
00013460   _MCBSP_write
00013480   C$$EXIT
00013480   _abort
000134a0   __IRQ_hookFetchPacket
000134c0   ___etext__
000134c0   __stack
000134c0   etext
000138c0   __STACK_END
000138c0   ___cinit__
000138c0   cinit
00013ca4   _B
00013dd0   _BL
ffffffff   ___TI_pprof_out_hndl
ffffffff   ___TI_prof_data_size
ffffffff   ___TI_prof_data_start
ffffffff   ___binit__
ffffffff   ___c_args__
ffffffff   ___pinit__
ffffffff   binit
ffffffff   pinit

[107 symbols]
