******************************************************************************
               TMS320C6x Linker PC v7.4.2                      
******************************************************************************
>> Linked Thu Dec 11 01:22:41 2014

OUTPUT FILE NAME:   <fuck_this.out>
ENTRY POINT SYMBOL: "_c_int00"  address: 00013740


MEMORY CONFIGURATION

         name            origin    length      used     unused   attr    fill
----------------------  --------  ---------  --------  --------  ----  --------
  VECS                  00000000   00000200  00000200  00000000  RWIX
  IRAM                  00000200   0002fe00  00014068  0001bd98  RWIX
  L2RAM                 00030000   00010000  00000000  00010000  RWIX
  EMIFCE0               80000000   10000000  00000000  10000000  RWIX
  EMIFCE1               90000000   10000000  00000000  10000000  RWIX
  EMIFCE2               a0000000   10000000  00000000  10000000  RWIX
  EMIFCE3               b0000000   10000000  00000000  10000000  RWIX


SECTION ALLOCATION MAP

 output                                  attributes/
section   page    origin      length       input sections
--------  ----  ----------  ----------   ----------------
vectors    0    00000000    00000200     
                  00000000    00000200     vectors.obj (vectors)

.pinit     0    00000200    00000000     UNINITIALIZED

.bss       0    00000200    00000000     UNINITIALIZED

.data      0    00000200    00000000     UNINITIALIZED

.far       0    00000200    0000fa74     UNINITIALIZED
                  00000200    0000f868     fuck_this.obj (.far)
                  0000fa68    000000f4     csl6713.lib : csl_irq.obj (.far)
                  0000fb5c    00000002     dsk6713bsl.lib : dsk6713.obj (.far)
                  0000fb5e    00000002     --HOLE--
                  0000fb60    00000040     rts6700.lib : cos.obj (.far)
                  0000fba0    00000040                 : sin.obj (.far)
                  0000fbe0    00000038     csl6713.lib : csl_mcbsp.obj (.far)
                  0000fc18    00000028     dsk6713bsl.lib : dsk6713_aic23_registers.obj (.far)
                  0000fc40    00000020                    : dsk6713_aic23_setfreq.obj (.far)
                  0000fc60    0000000c     rts6700.lib : exit.obj (.far)
                  0000fc6c    00000008     dsk6713bsl.lib : dsk6713_aic23_opencodec.obj (.far)

.text      0    0000fc80    00003ce0     
                  0000fc80    00000e60     fuck_this.obj (.text)
                  00010ae0    00000480     dsk6713bsl.lib : dsk6713.obj (.text)
                  00010f60    000003a0     fuck_this.obj (.text:retain)
                  00011300    00000360     rts6700.lib : cos.obj (.text:_cos)
                  00011660    00000340                 : divf.obj (.text:__divf)
                  000119a0    00000340                 : sin.obj (.text:_sin)
                  00011ce0    00000300     dsk6713bsl.lib : dsk6713_aic23_opencodec.obj (.text)
                  00011fe0    00000280     cfftr2_dit.obj (.text)
                  00012260    00000240     rts6700.lib : memcpy62.obj (.text:_memcpy)
                  000124a0    00000240     digitrev_index.obj (.text)
                  000126e0    000001c0     csl6713.lib : csl_irq.obj (.text:_IRQ_map)
                  000128a0    000001a0                 : csl_mcbsp.obj (.text:_MCBSP_reset)
                  00012a40    000001a0     bitrev.obj (.text)
                  00012be0    00000140     dsk6713bsl.lib : dsk6713_aic23_registers.obj (.text)
                  00012d20    00000120     rts6700.lib : divi.obj (.text:__divi)
                  00012e40    00000100     csl6713.lib : csl_mcbsp.obj (.text:_MCBSP_open)
                  00012f40    00000100                 : csl_mcbsp.obj (.text:_MCBSP_start)
                  00013040    00000100     rts6700.lib : autoinit.obj (.text:__auto_init)
                  00013140    000000e0                 : strasg.obj (.text:__strasg)
                  00013220    000000e0                 : exit.obj (.text:_exit)
                  00013300    000000e0                 : modf.obj (.text:_modf)
                  000133e0    000000c0                 : round.obj (.text:__nround)
                  000134a0    000000c0                 : cpy_tbl.obj (.text:_copy_in)
                  00013560    000000c0     dsk6713bsl.lib : dsk6713_aic23_setfreq.obj (.text)
                  00013620    000000a0     csl6713.lib : csl_irq.obj (.text:_setMux)
                  000136c0    00000080     rts6700.lib : cpp_init.obj (.text:___TI_cpp_init)
                  00013740    00000080                 : boot.obj (.text:_c_int00)
                  000137c0    00000040     csl6713.lib : csl_irq.obj (.text:_IRQ_enable)
                  00013800    00000040     rts6700.lib : args_main.obj (.text:__args_main)
                  00013840    00000040                 : trunc.obj (.text:__trunc)
                  00013880    00000020     csl6713.lib : csl_irq.obj (.text:_IRQ_globalDisable)
                  000138a0    00000020                 : csl_irq.obj (.text:_IRQ_globalEnable)
                  000138c0    00000020                 : csl_irq.obj (.text:_IRQ_nmiEnable)
                  000138e0    00000020                 : csl_mcbsp.obj (.text:_MCBSP_read)
                  00013900    00000020                 : csl_mcbsp.obj (.text:_MCBSP_write)
                  00013920    00000020     rts6700.lib : exit.obj (.text:_abort)
                  00013940    00000020     csl6713.lib : csl_irq.obj (.text)

.stack     0    00013960    00000400     UNINITIALIZED
                  00013960    00000008     rts6700.lib : boot.obj (.stack)
                  00013968    000003f8     --HOLE--

.cinit     0    00013d60    000003e4     
                  00013d60    0000013c     fuck_this.obj (.cinit)
                  00013e9c    00000004     --HOLE-- [fill = 0]
                  00013ea0    0000012c     csl6713.lib : csl_irq.obj (.cinit)
                  00013fcc    00000004     --HOLE-- [fill = 0]
                  00013fd0    00000054                 : csl_mcbsp.obj (.cinit)
                  00014024    00000004     --HOLE-- [fill = 0]
                  00014028    00000048     rts6700.lib : cos.obj (.cinit)
                  00014070    00000048                 : sin.obj (.cinit)
                  000140b8    00000030     dsk6713bsl.lib : dsk6713_aic23_registers.obj (.cinit)
                  000140e8    0000002c     rts6700.lib : exit.obj (.cinit)
                  00014114    00000004     --HOLE-- [fill = 0]
                  00014118    00000028     dsk6713bsl.lib : dsk6713_aic23_setfreq.obj (.cinit)
                  00014140    00000004     --HOLE-- [fill = 0]

.const     0    00014144    00000130     
                  00014144    000000cc     fuck_this.obj (.const:_B)
                  00014210    00000040     dsk6713bsl.lib : dsk6713_aic23_opencodec.obj (.const)
                  00014250    00000020                    : dsk6713.obj (.const)
                  00014270    00000004     fuck_this.obj (.const)


GLOBAL SYMBOLS: SORTED ALPHABETICALLY BY Name 

address    name
--------   ----
00000200   $bss
00000200   .bss
00000200   .data
0000fc80   .text
00013920   C$$EXIT
00014144   _B
00014270   _BL
00006cc8   _DELTA
0000fc6c   _DSK6713_AIC23_codeccontrolhandle
0000fc70   _DSK6713_AIC23_codecdatahandle
00012ca0   _DSK6713_AIC23_config
00011ce0   _DSK6713_AIC23_openCodec
00012c78   _DSK6713_AIC23_rget
00012be0   _DSK6713_AIC23_rset
00013560   _DSK6713_AIC23_setFreq
00010ef4   _DSK6713_getVersion
00010b2c   _DSK6713_init
00010e48   _DSK6713_rget
00010e5c   _DSK6713_rset
0000fb5c   _DSK6713_version
00010e70   _DSK6713_wait
00010ec8   _DSK6713_waitusec
000137c0   _IRQ_enable
00013880   _IRQ_globalDisable
000138a0   _IRQ_globalEnable
000126e0   _IRQ_map
000138c0   _IRQ_nmiEnable
00012e40   _MCBSP_open
000138e0   _MCBSP_read
000128a0   _MCBSP_reset
00012f40   _MCBSP_start
00013900   _MCBSP_write
00000230   _PING
000020a0   _PONG
0000ce60   _V
0000ccd0   _Z
0000fb54   __IRQ_dispatchTable
0000fa90   __IRQ_eventTable
00013940   __IRQ_hookFetchPacket
0000fb14   __IRQ_intTable
0000fc10   __MCBSP_hDev0
0000fc14   __MCBSP_hDev1
00013d60   __STACK_END
00000400   __STACK_SIZE
00000001   __TI_args_main
000136c0   ___TI_cpp_init
0000fc68   ___TI_enable_exit_profile_output
ffffffff   ___TI_pprof_out_hndl
ffffffff   ___TI_prof_data_size
ffffffff   ___TI_prof_data_start
ffffffff   ___binit__
00000200   ___bss__
ffffffff   ___c_args__
00013d60   ___cinit__
00000200   ___data__
00000200   ___edata__
00000200   ___end__
00013960   ___etext__
ffffffff   ___pinit__
0000fc80   ___text__
00013800   __args_main
00013040   __auto_init
00012d20   __c6xabi_divi
0000fc60   __cleanup_ptr
00011660   __divf
00012d20   __divi
0000fc64   __dtors_ptr
000133e0   __nround
00013960   __stack
00013140   __strasg
00013840   __trunc
00013920   _abort
00012a40   _bitrev
00013740   _c_int00
00011fe0   _cfftr2_dit
00000204   _config
000134a0   _copy_in
00011300   _cos
000124a0   _digitrev_index
00013220   _exit
00006cd0   _h
00000200   _hCodec
0001043c   _init
0000ee60   _iw
0000f260   _ix
0000fa60   _lflag
0000fc80   _main
00012260   _memcpy
00013300   _modf
0000fa64   _n
00003f10   _outputPING
00004e48   _outputPONG
00005d80   _pingFlag
00005d84   _pingIndex
00008cd0   _pingU
00005d81   _pongFlag
00005d88   _pongIndex
0000acd0   _pongU
00010f60   _serialPortRcvISR
000119a0   _sin
00005d90   _w
ffffffff   binit
00013d60   cinit
00000200   edata
00000200   end
00013960   etext
ffffffff   pinit


GLOBAL SYMBOLS: SORTED BY Symbol Address 

address    name
--------   ----
00000001   __TI_args_main
00000200   $bss
00000200   .bss
00000200   .data
00000200   ___bss__
00000200   ___data__
00000200   ___edata__
00000200   ___end__
00000200   _hCodec
00000200   edata
00000200   end
00000204   _config
00000230   _PING
00000400   __STACK_SIZE
000020a0   _PONG
00003f10   _outputPING
00004e48   _outputPONG
00005d80   _pingFlag
00005d81   _pongFlag
00005d84   _pingIndex
00005d88   _pongIndex
00005d90   _w
00006cc8   _DELTA
00006cd0   _h
00008cd0   _pingU
0000acd0   _pongU
0000ccd0   _Z
0000ce60   _V
0000ee60   _iw
0000f260   _ix
0000fa60   _lflag
0000fa64   _n
0000fa90   __IRQ_eventTable
0000fb14   __IRQ_intTable
0000fb54   __IRQ_dispatchTable
0000fb5c   _DSK6713_version
0000fc10   __MCBSP_hDev0
0000fc14   __MCBSP_hDev1
0000fc60   __cleanup_ptr
0000fc64   __dtors_ptr
0000fc68   ___TI_enable_exit_profile_output
0000fc6c   _DSK6713_AIC23_codeccontrolhandle
0000fc70   _DSK6713_AIC23_codecdatahandle
0000fc80   .text
0000fc80   ___text__
0000fc80   _main
0001043c   _init
00010b2c   _DSK6713_init
00010e48   _DSK6713_rget
00010e5c   _DSK6713_rset
00010e70   _DSK6713_wait
00010ec8   _DSK6713_waitusec
00010ef4   _DSK6713_getVersion
00010f60   _serialPortRcvISR
00011300   _cos
00011660   __divf
000119a0   _sin
00011ce0   _DSK6713_AIC23_openCodec
00011fe0   _cfftr2_dit
00012260   _memcpy
000124a0   _digitrev_index
000126e0   _IRQ_map
000128a0   _MCBSP_reset
00012a40   _bitrev
00012be0   _DSK6713_AIC23_rset
00012c78   _DSK6713_AIC23_rget
00012ca0   _DSK6713_AIC23_config
00012d20   __c6xabi_divi
00012d20   __divi
00012e40   _MCBSP_open
00012f40   _MCBSP_start
00013040   __auto_init
00013140   __strasg
00013220   _exit
00013300   _modf
000133e0   __nround
000134a0   _copy_in
00013560   _DSK6713_AIC23_setFreq
000136c0   ___TI_cpp_init
00013740   _c_int00
000137c0   _IRQ_enable
00013800   __args_main
00013840   __trunc
00013880   _IRQ_globalDisable
000138a0   _IRQ_globalEnable
000138c0   _IRQ_nmiEnable
000138e0   _MCBSP_read
00013900   _MCBSP_write
00013920   C$$EXIT
00013920   _abort
00013940   __IRQ_hookFetchPacket
00013960   ___etext__
00013960   __stack
00013960   etext
00013d60   __STACK_END
00013d60   ___cinit__
00013d60   cinit
00014144   _B
00014270   _BL
ffffffff   ___TI_pprof_out_hndl
ffffffff   ___TI_prof_data_size
ffffffff   ___TI_prof_data_start
ffffffff   ___binit__
ffffffff   ___c_args__
ffffffff   ___pinit__
ffffffff   binit
ffffffff   pinit

[107 symbols]
