******************************************************************************
               TMS320C6x Linker PC v7.4.2                      
******************************************************************************
>> Linked Wed Dec 10 22:09:57 2014

OUTPUT FILE NAME:   <lab5_FIR_FxF.out>
ENTRY POINT SYMBOL: "_c_int00"  address: 00013000


MEMORY CONFIGURATION

         name            origin    length      used     unused   attr    fill
----------------------  --------  ---------  --------  --------  ----  --------
  VECS                  00000000   00000200  00000200  00000000  RWIX
  IRAM                  00000200   0002fe00  00013832  0001c5ce  RWIX
  L2RAM                 00030000   00010000  00000000  00010000  RWIX
  EMIFCE0               80000000   10000000  00000000  10000000  RWIX
  EMIFCE1               90000000   10000000  00000000  10000000  RWIX
  EMIFCE2               a0000000   10000000  00000000  10000000  RWIX
  EMIFCE3               b0000000   10000000  00000000  10000000  RWIX


SECTION ALLOCATION MAP

 output                                  attributes/
section   page    origin      length       input sections
--------  ----  ----------  ----------   ----------------
vectors    0    00000000    00000200     
                  00000000    00000200     vectors.obj (vectors)

.pinit     0    00000200    00000000     UNINITIALIZED

.bss       0    00000200    00000000     UNINITIALIZED

.data      0    00000200    00000000     UNINITIALIZED

.far       0    00000200    0000fa6e     UNINITIALIZED
                  00000200    0000f864     lab5_FIR_FxF.obj (.far)
                  0000fa64    000000f4     csl6713.lib : csl_irq.obj (.far)
                  0000fb58    00000040     rts6700.lib : cos.obj (.far)
                  0000fb98    00000040                 : sin.obj (.far)
                  0000fbd8    00000038     csl6713.lib : csl_mcbsp.obj (.far)
                  0000fc10    00000028     dsk6713bsl.lib : dsk6713_aic23_registers.obj (.far)
                  0000fc38    00000020                    : dsk6713_aic23_setfreq.obj (.far)
                  0000fc58    0000000c     rts6700.lib : exit.obj (.far)
                  0000fc64    00000008     dsk6713bsl.lib : dsk6713_aic23_opencodec.obj (.far)
                  0000fc6c    00000002                    : dsk6713.obj (.far)

.text      0    0000fc80    000034c0     
                  0000fc80    00000ca0     lab5_FIR_FxF.obj (.text)
                  00010920    00000480     dsk6713bsl.lib : dsk6713.obj (.text)
                  00010da0    00000360     rts6700.lib : cos.obj (.text:_cos)
                  00011100    00000340                 : sin.obj (.text:_sin)
                  00011440    00000300     dsk6713bsl.lib : dsk6713_aic23_opencodec.obj (.text)
                  00011740    00000280     cfftr2_dit.obj (.text)
                  000119c0    00000240     rts6700.lib : memcpy62.obj (.text:_memcpy)
                  00011c00    00000240     lab5_FIR_FxF.obj (.text:retain)
                  00011e40    000001c0     csl6713.lib : csl_irq.obj (.text:_IRQ_map)
                  00012000    000001a0                 : csl_mcbsp.obj (.text:_MCBSP_reset)
                  000121a0    000001a0     bitrev.obj (.text)
                  00012340    00000160     digitrev_index.obj (.text)
                  000124a0    00000140     dsk6713bsl.lib : dsk6713_aic23_registers.obj (.text)
                  000125e0    00000120     rts6700.lib : divi.obj (.text:__divi)
                  00012700    00000100     csl6713.lib : csl_mcbsp.obj (.text:_MCBSP_open)
                  00012800    00000100                 : csl_mcbsp.obj (.text:_MCBSP_start)
                  00012900    00000100     rts6700.lib : autoinit.obj (.text:__auto_init)
                  00012a00    000000e0                 : strasg.obj (.text:__strasg)
                  00012ae0    000000e0                 : exit.obj (.text:_exit)
                  00012bc0    000000e0                 : modf.obj (.text:_modf)
                  00012ca0    000000c0                 : round.obj (.text:__nround)
                  00012d60    000000c0                 : cpy_tbl.obj (.text:_copy_in)
                  00012e20    000000c0     dsk6713bsl.lib : dsk6713_aic23_setfreq.obj (.text)
                  00012ee0    000000a0     csl6713.lib : csl_irq.obj (.text:_setMux)
                  00012f80    00000080     rts6700.lib : cpp_init.obj (.text:___TI_cpp_init)
                  00013000    00000080                 : boot.obj (.text:_c_int00)
                  00013080    00000040                 : args_main.obj (.text:__args_main)
                  000130c0    00000040                 : trunc.obj (.text:__trunc)
                  00013100    00000020                 : exit.obj (.text:_abort)
                  00013120    00000020     csl6713.lib : csl_irq.obj (.text)

.stack     0    00013140    00000400     UNINITIALIZED
                  00013140    00000008     rts6700.lib : boot.obj (.stack)
                  00013148    000003f8     --HOLE--

.cinit     0    00013540    000003d4     
                  00013540    0000012c     csl6713.lib : csl_irq.obj (.cinit)
                  0001366c    00000004     --HOLE-- [fill = 0]
                  00013670    0000012c     lab5_FIR_FxF.obj (.cinit)
                  0001379c    00000004     --HOLE-- [fill = 0]
                  000137a0    00000054     csl6713.lib : csl_mcbsp.obj (.cinit)
                  000137f4    00000004     --HOLE-- [fill = 0]
                  000137f8    00000048     rts6700.lib : cos.obj (.cinit)
                  00013840    00000048                 : sin.obj (.cinit)
                  00013888    00000030     dsk6713bsl.lib : dsk6713_aic23_registers.obj (.cinit)
                  000138b8    0000002c     rts6700.lib : exit.obj (.cinit)
                  000138e4    00000004     --HOLE-- [fill = 0]
                  000138e8    00000028     dsk6713bsl.lib : dsk6713_aic23_setfreq.obj (.cinit)
                  00013910    00000004     --HOLE-- [fill = 0]

.const     0    00013914    00000130     
                  00013914    000000cc     lab5_FIR_FxF.obj (.const:_B)
                  000139e0    00000040     dsk6713bsl.lib : dsk6713_aic23_opencodec.obj (.const)
                  00013a20    00000020                    : dsk6713.obj (.const)
                  00013a40    00000004     lab5_FIR_FxF.obj (.const)


GLOBAL SYMBOLS: SORTED ALPHABETICALLY BY Name 

address    name
--------   ----
00000200   $bss
00000200   .bss
00000200   .data
0000fc80   .text
00013100   C$$EXIT
00013914   _B
00013a40   _BL
0000fa5c   _DELTA
0000fc64   _DSK6713_AIC23_codeccontrolhandle
0000fc68   _DSK6713_AIC23_codecdatahandle
00012560   _DSK6713_AIC23_config
00011440   _DSK6713_AIC23_openCodec
00012538   _DSK6713_AIC23_rget
000124a0   _DSK6713_AIC23_rset
00012e20   _DSK6713_AIC23_setFreq
00010d34   _DSK6713_getVersion
0001096c   _DSK6713_init
00010c88   _DSK6713_rget
00010c9c   _DSK6713_rset
0000fc6c   _DSK6713_version
00010cb0   _DSK6713_wait
00010d08   _DSK6713_waitusec
00011e40   _IRQ_map
00012700   _MCBSP_open
00012000   _MCBSP_reset
00012800   _MCBSP_start
00000230   _PING
000020a0   _PONG
0000a0b0   _V
00009f20   _Z
0000fb50   __IRQ_dispatchTable
0000fa8c   __IRQ_eventTable
00013120   __IRQ_hookFetchPacket
0000fb10   __IRQ_intTable
0000fc08   __MCBSP_hDev0
0000fc0c   __MCBSP_hDev1
00013540   __STACK_END
00000400   __STACK_SIZE
00000001   __TI_args_main
00012f80   ___TI_cpp_init
0000fc60   ___TI_enable_exit_profile_output
ffffffff   ___TI_pprof_out_hndl
ffffffff   ___TI_prof_data_size
ffffffff   ___TI_prof_data_start
ffffffff   ___binit__
00000200   ___bss__
ffffffff   ___c_args__
00013540   ___cinit__
00000200   ___data__
00000200   ___edata__
00000200   ___end__
00013140   ___etext__
ffffffff   ___pinit__
0000fc80   ___text__
00013080   __args_main
00012900   __auto_init
000125e0   __c6xabi_divi
0000fc58   __cleanup_ptr
000125e0   __divi
0000fc5c   __dtors_ptr
00012ca0   __nround
00013140   __stack
00012a00   __strasg
000130c0   __trunc
00013100   _abort
000121a0   _bitrev
00013000   _c_int00
00011740   _cfftr2_dit
00000204   _config
00012d60   _copy_in
00010da0   _cos
00012340   _digitrev_index
00012ae0   _exit
00003f20   _h
00000200   _hCodec
0000fc80   _init
0000ee58   _iw
0000f258   _ix
0000fa58   _lflag
000101fc   _main
000119c0   _memcpy
00012bc0   _modf
0000fa60   _n
0000cfe8   _outputPING
0000df20   _outputPONG
00003f10   _pingFlag
00003f14   _pingIndex
00005f20   _pingU
00003f11   _pongFlag
00003f18   _pongIndex
00007f20   _pongU
00011c00   _serialPortRcvISR
00011100   _sin
0000c0b0   _w
ffffffff   binit
00013540   cinit
00000200   edata
00000200   end
00013140   etext
ffffffff   pinit


GLOBAL SYMBOLS: SORTED BY Symbol Address 

address    name
--------   ----
00000001   __TI_args_main
00000200   $bss
00000200   .bss
00000200   .data
00000200   ___bss__
00000200   ___data__
00000200   ___edata__
00000200   ___end__
00000200   _hCodec
00000200   edata
00000200   end
00000204   _config
00000230   _PING
00000400   __STACK_SIZE
000020a0   _PONG
00003f10   _pingFlag
00003f11   _pongFlag
00003f14   _pingIndex
00003f18   _pongIndex
00003f20   _h
00005f20   _pingU
00007f20   _pongU
00009f20   _Z
0000a0b0   _V
0000c0b0   _w
0000cfe8   _outputPING
0000df20   _outputPONG
0000ee58   _iw
0000f258   _ix
0000fa58   _lflag
0000fa5c   _DELTA
0000fa60   _n
0000fa8c   __IRQ_eventTable
0000fb10   __IRQ_intTable
0000fb50   __IRQ_dispatchTable
0000fc08   __MCBSP_hDev0
0000fc0c   __MCBSP_hDev1
0000fc58   __cleanup_ptr
0000fc5c   __dtors_ptr
0000fc60   ___TI_enable_exit_profile_output
0000fc64   _DSK6713_AIC23_codeccontrolhandle
0000fc68   _DSK6713_AIC23_codecdatahandle
0000fc6c   _DSK6713_version
0000fc80   .text
0000fc80   ___text__
0000fc80   _init
000101fc   _main
0001096c   _DSK6713_init
00010c88   _DSK6713_rget
00010c9c   _DSK6713_rset
00010cb0   _DSK6713_wait
00010d08   _DSK6713_waitusec
00010d34   _DSK6713_getVersion
00010da0   _cos
00011100   _sin
00011440   _DSK6713_AIC23_openCodec
00011740   _cfftr2_dit
000119c0   _memcpy
00011c00   _serialPortRcvISR
00011e40   _IRQ_map
00012000   _MCBSP_reset
000121a0   _bitrev
00012340   _digitrev_index
000124a0   _DSK6713_AIC23_rset
00012538   _DSK6713_AIC23_rget
00012560   _DSK6713_AIC23_config
000125e0   __c6xabi_divi
000125e0   __divi
00012700   _MCBSP_open
00012800   _MCBSP_start
00012900   __auto_init
00012a00   __strasg
00012ae0   _exit
00012bc0   _modf
00012ca0   __nround
00012d60   _copy_in
00012e20   _DSK6713_AIC23_setFreq
00012f80   ___TI_cpp_init
00013000   _c_int00
00013080   __args_main
000130c0   __trunc
00013100   C$$EXIT
00013100   _abort
00013120   __IRQ_hookFetchPacket
00013140   ___etext__
00013140   __stack
00013140   etext
00013540   __STACK_END
00013540   ___cinit__
00013540   cinit
00013914   _B
00013a40   _BL
ffffffff   ___TI_pprof_out_hndl
ffffffff   ___TI_prof_data_size
ffffffff   ___TI_prof_data_start
ffffffff   ___binit__
ffffffff   ___c_args__
ffffffff   ___pinit__
ffffffff   binit
ffffffff   pinit

[100 symbols]
