******************************************************************************
               TMS320C6x Linker PC v7.4.2                      
******************************************************************************
>> Linked Mon Dec 08 20:36:17 2014

OUTPUT FILE NAME:   <lab5_FIR_SxS.out>
ENTRY POINT SYMBOL: "_c_int00"  address: 00001d80


MEMORY CONFIGURATION

         name            origin    length      used     unused   attr    fill
----------------------  --------  ---------  --------  --------  ----  --------
  VECS                  00000000   00000200  00000200  00000000  RWIX
  IRAM                  00000200   0002fe00  00003188  0002cc78  RWIX
  L2RAM                 00030000   00010000  00000000  00010000  RWIX
  EMIFCE0               80000000   10000000  00000000  10000000  RWIX
  EMIFCE1               90000000   10000000  00000000  10000000  RWIX
  EMIFCE2               a0000000   10000000  00000000  10000000  RWIX
  EMIFCE3               b0000000   10000000  00000000  10000000  RWIX


SECTION ALLOCATION MAP

 output                                  attributes/
section   page    origin      length       input sections
--------  ----  ----------  ----------   ----------------
vectors    0    00000000    00000200     
                  00000000    00000200     vectors.obj (vectors)

.pinit     0    00000200    00000000     UNINITIALIZED

.text      0    00000200    00001c80     
                  00000200    00000480     dsk6713bsl.lib : dsk6713.obj (.text)
                  00000680    00000380     lab5_FIR_SxS.obj (.text:retain)
                  00000a00    00000300     dsk6713bsl.lib : dsk6713_aic23_opencodec.obj (.text)
                  00000d00    00000240     rts6700.lib : memcpy62.obj (.text:_memcpy)
                  00000f40    00000240     lab5_FIR_SxS.obj (.text)
                  00001180    000001c0     csl6713.lib : csl_irq.obj (.text:_IRQ_map)
                  00001340    000001a0                 : csl_mcbsp.obj (.text:_MCBSP_reset)
                  000014e0    00000140     dsk6713bsl.lib : dsk6713_aic23_registers.obj (.text)
                  00001620    00000100     csl6713.lib : csl_mcbsp.obj (.text:_MCBSP_open)
                  00001720    00000100                 : csl_mcbsp.obj (.text:_MCBSP_start)
                  00001820    00000100     rts6700.lib : autoinit.obj (.text:__auto_init)
                  00001920    000000e0                 : strasg.obj (.text:__strasg)
                  00001a00    000000e0                 : exit.obj (.text:_exit)
                  00001ae0    000000c0                 : cpy_tbl.obj (.text:_copy_in)
                  00001ba0    000000c0     dsk6713bsl.lib : dsk6713_aic23_setfreq.obj (.text)
                  00001c60    000000a0     csl6713.lib : csl_irq.obj (.text:_setMux)
                  00001d00    00000080     rts6700.lib : cpp_init.obj (.text:___TI_cpp_init)
                  00001d80    00000080                 : boot.obj (.text:_c_int00)
                  00001e00    00000040                 : args_main.obj (.text:__args_main)
                  00001e40    00000020                 : exit.obj (.text:_abort)
                  00001e60    00000020     csl6713.lib : csl_irq.obj (.text)

.bss       0    00000200    00000000     UNINITIALIZED

.data      0    00000200    00000000     UNINITIALIZED

.far       0    00001e80    000007fc     UNINITIALIZED
                  00001e80    00000672     lab5_FIR_SxS.obj (.far)
                  000024f2    00000002     dsk6713bsl.lib : dsk6713.obj (.far)
                  000024f4    000000f4     csl6713.lib : csl_irq.obj (.far)
                  000025e8    00000038                 : csl_mcbsp.obj (.far)
                  00002620    00000028     dsk6713bsl.lib : dsk6713_aic23_registers.obj (.far)
                  00002648    00000020                    : dsk6713_aic23_setfreq.obj (.far)
                  00002668    0000000c     rts6700.lib : exit.obj (.far)
                  00002674    00000008     dsk6713bsl.lib : dsk6713_aic23_opencodec.obj (.far)

.const     0    0000267c    000006a8     
                  0000267c    00000644     lab5_FIR_SxS.obj (.const:_B)
                  00002cc0    00000040     dsk6713bsl.lib : dsk6713_aic23_opencodec.obj (.const)
                  00002d00    00000020                    : dsk6713.obj (.const)
                  00002d20    00000004     lab5_FIR_SxS.obj (.const)

.stack     0    00002d28    00000400     UNINITIALIZED
                  00002d28    00000008     rts6700.lib : boot.obj (.stack)
                  00002d30    000003f8     --HOLE--

.cinit     0    00003128    00000264     
                  00003128    0000012c     csl6713.lib : csl_irq.obj (.cinit)
                  00003254    00000004     --HOLE-- [fill = 0]
                  00003258    00000054                 : csl_mcbsp.obj (.cinit)
                  000032ac    00000004     --HOLE-- [fill = 0]
                  000032b0    0000004a     lab5_FIR_SxS.obj (.cinit)
                  000032fa    00000006     --HOLE-- [fill = 0]
                  00003300    00000030     dsk6713bsl.lib : dsk6713_aic23_registers.obj (.cinit)
                  00003330    0000002c     rts6700.lib : exit.obj (.cinit)
                  0000335c    00000004     --HOLE-- [fill = 0]
                  00003360    00000028     dsk6713bsl.lib : dsk6713_aic23_setfreq.obj (.cinit)
                  00003388    00000004     --HOLE-- [fill = 0]


GLOBAL SYMBOLS: SORTED ALPHABETICALLY BY Name 

address    name
--------   ----
00000200   $bss
00000200   .bss
00000200   .data
00000200   .text
00001e40   C$$EXIT
0000267c   _B
00002d20   _BL
00002674   _DSK6713_AIC23_codeccontrolhandle
00002678   _DSK6713_AIC23_codecdatahandle
000015a0   _DSK6713_AIC23_config
00000a00   _DSK6713_AIC23_openCodec
00001578   _DSK6713_AIC23_rget
000014e0   _DSK6713_AIC23_rset
00001ba0   _DSK6713_AIC23_setFreq
00000614   _DSK6713_getVersion
0000024c   _DSK6713_init
00000568   _DSK6713_rget
0000057c   _DSK6713_rset
000024f2   _DSK6713_version
00000590   _DSK6713_wait
000005e8   _DSK6713_waitusec
00001180   _IRQ_map
00001620   _MCBSP_open
00001340   _MCBSP_reset
00001720   _MCBSP_start
000025e0   __IRQ_dispatchTable
0000251c   __IRQ_eventTable
00001e60   __IRQ_hookFetchPacket
000025a0   __IRQ_intTable
00002618   __MCBSP_hDev0
0000261c   __MCBSP_hDev1
00003128   __STACK_END
00000400   __STACK_SIZE
00000001   __TI_args_main
00001d00   ___TI_cpp_init
00002670   ___TI_enable_exit_profile_output
ffffffff   ___TI_pprof_out_hndl
ffffffff   ___TI_prof_data_size
ffffffff   ___TI_prof_data_start
ffffffff   ___binit__
00000200   ___bss__
ffffffff   ___c_args__
00003128   ___cinit__
00000200   ___data__
00000200   ___edata__
00000200   ___end__
00001e80   ___etext__
ffffffff   ___pinit__
00000200   ___text__
00001e00   __args_main
00001820   __auto_init
00002668   __cleanup_ptr
0000266c   __dtors_ptr
00002d28   __stack
00001920   __strasg
00001e40   _abort
00001d80   _c_int00
00001e84   _config
00001ae0   _copy_in
00001a00   _exit
00001e80   _hCodec
00000f40   _main
00000d00   _memcpy
000024f0   _n
00000680   _serialPortRcvISR
00001eac   _x
ffffffff   binit
00003128   cinit
00000200   edata
00000200   end
00001e80   etext
ffffffff   pinit


GLOBAL SYMBOLS: SORTED BY Symbol Address 

address    name
--------   ----
00000001   __TI_args_main
00000200   $bss
00000200   .bss
00000200   .data
00000200   .text
00000200   ___bss__
00000200   ___data__
00000200   ___edata__
00000200   ___end__
00000200   ___text__
00000200   edata
00000200   end
0000024c   _DSK6713_init
00000400   __STACK_SIZE
00000568   _DSK6713_rget
0000057c   _DSK6713_rset
00000590   _DSK6713_wait
000005e8   _DSK6713_waitusec
00000614   _DSK6713_getVersion
00000680   _serialPortRcvISR
00000a00   _DSK6713_AIC23_openCodec
00000d00   _memcpy
00000f40   _main
00001180   _IRQ_map
00001340   _MCBSP_reset
000014e0   _DSK6713_AIC23_rset
00001578   _DSK6713_AIC23_rget
000015a0   _DSK6713_AIC23_config
00001620   _MCBSP_open
00001720   _MCBSP_start
00001820   __auto_init
00001920   __strasg
00001a00   _exit
00001ae0   _copy_in
00001ba0   _DSK6713_AIC23_setFreq
00001d00   ___TI_cpp_init
00001d80   _c_int00
00001e00   __args_main
00001e40   C$$EXIT
00001e40   _abort
00001e60   __IRQ_hookFetchPacket
00001e80   ___etext__
00001e80   _hCodec
00001e80   etext
00001e84   _config
00001eac   _x
000024f0   _n
000024f2   _DSK6713_version
0000251c   __IRQ_eventTable
000025a0   __IRQ_intTable
000025e0   __IRQ_dispatchTable
00002618   __MCBSP_hDev0
0000261c   __MCBSP_hDev1
00002668   __cleanup_ptr
0000266c   __dtors_ptr
00002670   ___TI_enable_exit_profile_output
00002674   _DSK6713_AIC23_codeccontrolhandle
00002678   _DSK6713_AIC23_codecdatahandle
0000267c   _B
00002d20   _BL
00002d28   __stack
00003128   __STACK_END
00003128   ___cinit__
00003128   cinit
ffffffff   ___TI_pprof_out_hndl
ffffffff   ___TI_prof_data_size
ffffffff   ___TI_prof_data_start
ffffffff   ___binit__
ffffffff   ___c_args__
ffffffff   ___pinit__
ffffffff   binit
ffffffff   pinit

[72 symbols]
