<?xml version="1.0"?>
<link_info>
   <banner>TMS320C6x Linker PC v7.4.2</banner>
   <copyright>Copyright (c) 1996-2012 Texas Instruments Incorporated</copyright>
   <link_time>0x54890b05</link_time>
   <output_file>lab5_FIR_FxF.out</output_file>
   <entry_point>
      <name>_c_int00</name>
      <address>0x13000</address>
   </entry_point>
   <input_file_list>
      <input_file id="fl-2">
         <path>.\</path>
         <kind>object</kind>
         <file>vectors.obj</file>
         <name>vectors.obj</name>
      </input_file>
      <input_file id="fl-3">
         <path>.\</path>
         <kind>object</kind>
         <file>lab5_FIR_FxF.obj</file>
         <name>lab5_FIR_FxF.obj</name>
      </input_file>
      <input_file id="fl-4">
         <path>.\</path>
         <kind>object</kind>
         <file>digitrev_index.obj</file>
         <name>digitrev_index.obj</name>
      </input_file>
      <input_file id="fl-5">
         <path>.\</path>
         <kind>object</kind>
         <file>cfftr2_dit.obj</file>
         <name>cfftr2_dit.obj</name>
      </input_file>
      <input_file id="fl-6">
         <path>.\</path>
         <kind>object</kind>
         <file>bitrev.obj</file>
         <name>bitrev.obj</name>
      </input_file>
      <input_file id="fl-c">
         <path>C:\ti\DSK6713\c6000\dsk6713\lib\</path>
         <kind>archive</kind>
         <file>dsk6713bsl.lib</file>
         <name>dsk6713.obj</name>
      </input_file>
      <input_file id="fl-d">
         <path>C:\ti\DSK6713\c6000\dsk6713\lib\</path>
         <kind>archive</kind>
         <file>dsk6713bsl.lib</file>
         <name>dsk6713_aic23_opencodec.obj</name>
      </input_file>
      <input_file id="fl-e">
         <path>C:\ti\DSK6713\c6000\dsk6713\lib\</path>
         <kind>archive</kind>
         <file>dsk6713bsl.lib</file>
         <name>dsk6713_aic23_registers.obj</name>
      </input_file>
      <input_file id="fl-f">
         <path>C:\ti\DSK6713\c6000\dsk6713\lib\</path>
         <kind>archive</kind>
         <file>dsk6713bsl.lib</file>
         <name>dsk6713_aic23_setfreq.obj</name>
      </input_file>
      <input_file id="fl-10">
         <path>C:\ti\lib_3x\</path>
         <kind>archive</kind>
         <file>csl6713.lib</file>
         <name>csl_irq.obj</name>
      </input_file>
      <input_file id="fl-11">
         <path>C:\ti\lib_3x\</path>
         <kind>archive</kind>
         <file>csl6713.lib</file>
         <name>csl_mcbsp.obj</name>
      </input_file>
      <input_file id="fl-89">
         <path>C:\ti\ccsv5\tools\compiler\c6000_7.4.2\lib\</path>
         <kind>archive</kind>
         <file>rts6700.lib</file>
         <name>boot.obj</name>
      </input_file>
      <input_file id="fl-8a">
         <path>C:\ti\ccsv5\tools\compiler\c6000_7.4.2\lib\</path>
         <kind>archive</kind>
         <file>rts6700.lib</file>
         <name>cos.obj</name>
      </input_file>
      <input_file id="fl-8b">
         <path>C:\ti\ccsv5\tools\compiler\c6000_7.4.2\lib\</path>
         <kind>archive</kind>
         <file>rts6700.lib</file>
         <name>divi.obj</name>
      </input_file>
      <input_file id="fl-8c">
         <path>C:\ti\ccsv5\tools\compiler\c6000_7.4.2\lib\</path>
         <kind>archive</kind>
         <file>rts6700.lib</file>
         <name>exit.obj</name>
      </input_file>
      <input_file id="fl-8d">
         <path>C:\ti\ccsv5\tools\compiler\c6000_7.4.2\lib\</path>
         <kind>archive</kind>
         <file>rts6700.lib</file>
         <name>modf.obj</name>
      </input_file>
      <input_file id="fl-8e">
         <path>C:\ti\ccsv5\tools\compiler\c6000_7.4.2\lib\</path>
         <kind>archive</kind>
         <file>rts6700.lib</file>
         <name>round.obj</name>
      </input_file>
      <input_file id="fl-8f">
         <path>C:\ti\ccsv5\tools\compiler\c6000_7.4.2\lib\</path>
         <kind>archive</kind>
         <file>rts6700.lib</file>
         <name>sin.obj</name>
      </input_file>
      <input_file id="fl-90">
         <path>C:\ti\ccsv5\tools\compiler\c6000_7.4.2\lib\</path>
         <kind>archive</kind>
         <file>rts6700.lib</file>
         <name>strasg.obj</name>
      </input_file>
      <input_file id="fl-91">
         <path>C:\ti\ccsv5\tools\compiler\c6000_7.4.2\lib\</path>
         <kind>archive</kind>
         <file>rts6700.lib</file>
         <name>trunc.obj</name>
      </input_file>
      <input_file id="fl-92">
         <path>C:\ti\ccsv5\tools\compiler\c6000_7.4.2\lib\</path>
         <kind>archive</kind>
         <file>rts6700.lib</file>
         <name>args_main.obj</name>
      </input_file>
      <input_file id="fl-93">
         <path>C:\ti\ccsv5\tools\compiler\c6000_7.4.2\lib\</path>
         <kind>archive</kind>
         <file>rts6700.lib</file>
         <name>autoinit.obj</name>
      </input_file>
      <input_file id="fl-94">
         <path>C:\ti\ccsv5\tools\compiler\c6000_7.4.2\lib\</path>
         <kind>archive</kind>
         <file>rts6700.lib</file>
         <name>cpp_init.obj</name>
      </input_file>
      <input_file id="fl-95">
         <path>C:\ti\ccsv5\tools\compiler\c6000_7.4.2\lib\</path>
         <kind>archive</kind>
         <file>rts6700.lib</file>
         <name>cpy_tbl.obj</name>
      </input_file>
      <input_file id="fl-96">
         <path>C:\ti\ccsv5\tools\compiler\c6000_7.4.2\lib\</path>
         <kind>archive</kind>
         <file>rts6700.lib</file>
         <name>memcpy62.obj</name>
      </input_file>
   </input_file_list>
   <object_component_list>
      <object_component id="oc-19">
         <name>vectors</name>
         <load_address>0x0</load_address>
         <run_address>0x0</run_address>
         <size>0x200</size>
         <input_file_ref idref="fl-2"/>
      </object_component>
      <object_component id="oc-8c">
         <name>.text</name>
         <load_address>0xfc80</load_address>
         <run_address>0xfc80</run_address>
         <size>0xca0</size>
         <input_file_ref idref="fl-3"/>
      </object_component>
      <object_component id="oc-2f">
         <name>.text</name>
         <load_address>0x10920</load_address>
         <run_address>0x10920</run_address>
         <size>0x480</size>
         <input_file_ref idref="fl-c"/>
      </object_component>
      <object_component id="oc-90">
         <name>.text:_cos</name>
         <load_address>0x10da0</load_address>
         <run_address>0x10da0</run_address>
         <size>0x360</size>
         <input_file_ref idref="fl-8a"/>
      </object_component>
      <object_component id="oc-91">
         <name>.text:_sin</name>
         <load_address>0x11100</load_address>
         <run_address>0x11100</run_address>
         <size>0x340</size>
         <input_file_ref idref="fl-8f"/>
      </object_component>
      <object_component id="oc-35">
         <name>.text</name>
         <load_address>0x11440</load_address>
         <run_address>0x11440</run_address>
         <size>0x300</size>
         <input_file_ref idref="fl-d"/>
      </object_component>
      <object_component id="oc-29">
         <name>.text</name>
         <load_address>0x11740</load_address>
         <run_address>0x11740</run_address>
         <size>0x280</size>
         <input_file_ref idref="fl-5"/>
      </object_component>
      <object_component id="oc-8a">
         <name>.text:_memcpy</name>
         <load_address>0x119c0</load_address>
         <run_address>0x119c0</run_address>
         <size>0x240</size>
         <input_file_ref idref="fl-96"/>
      </object_component>
      <object_component id="oc-21">
         <name>.text:retain</name>
         <load_address>0x11c00</load_address>
         <run_address>0x11c00</run_address>
         <size>0x240</size>
         <input_file_ref idref="fl-3"/>
      </object_component>
      <object_component id="oc-93">
         <name>.text:_IRQ_map</name>
         <load_address>0x11e40</load_address>
         <run_address>0x11e40</run_address>
         <size>0x1c0</size>
         <input_file_ref idref="fl-10"/>
      </object_component>
      <object_component id="oc-8e">
         <name>.text:_MCBSP_reset</name>
         <load_address>0x12000</load_address>
         <run_address>0x12000</run_address>
         <size>0x1a0</size>
         <input_file_ref idref="fl-11"/>
      </object_component>
      <object_component id="oc-2c">
         <name>.text</name>
         <load_address>0x121a0</load_address>
         <run_address>0x121a0</run_address>
         <size>0x1a0</size>
         <input_file_ref idref="fl-6"/>
      </object_component>
      <object_component id="oc-92">
         <name>.text</name>
         <load_address>0x12340</load_address>
         <run_address>0x12340</run_address>
         <size>0x160</size>
         <input_file_ref idref="fl-4"/>
      </object_component>
      <object_component id="oc-3b">
         <name>.text</name>
         <load_address>0x124a0</load_address>
         <run_address>0x124a0</run_address>
         <size>0x140</size>
         <input_file_ref idref="fl-e"/>
      </object_component>
      <object_component id="oc-97">
         <name>.text:__divi</name>
         <load_address>0x125e0</load_address>
         <run_address>0x125e0</run_address>
         <size>0x120</size>
         <input_file_ref idref="fl-8b"/>
      </object_component>
      <object_component id="oc-87">
         <name>.text:_MCBSP_open</name>
         <load_address>0x12700</load_address>
         <run_address>0x12700</run_address>
         <size>0x100</size>
         <input_file_ref idref="fl-11"/>
      </object_component>
      <object_component id="oc-88">
         <name>.text:_MCBSP_start</name>
         <load_address>0x12800</load_address>
         <run_address>0x12800</run_address>
         <size>0x100</size>
         <input_file_ref idref="fl-11"/>
      </object_component>
      <object_component id="oc-83">
         <name>.text:__auto_init</name>
         <load_address>0x12900</load_address>
         <run_address>0x12900</run_address>
         <size>0x100</size>
         <input_file_ref idref="fl-93"/>
      </object_component>
      <object_component id="oc-86">
         <name>.text:__strasg</name>
         <load_address>0x12a00</load_address>
         <run_address>0x12a00</run_address>
         <size>0xe0</size>
         <input_file_ref idref="fl-90"/>
      </object_component>
      <object_component id="oc-85">
         <name>.text:_exit</name>
         <load_address>0x12ae0</load_address>
         <run_address>0x12ae0</run_address>
         <size>0xe0</size>
         <input_file_ref idref="fl-8c"/>
      </object_component>
      <object_component id="oc-96">
         <name>.text:_modf</name>
         <load_address>0x12bc0</load_address>
         <run_address>0x12bc0</run_address>
         <size>0xe0</size>
         <input_file_ref idref="fl-8d"/>
      </object_component>
      <object_component id="oc-95">
         <name>.text:__nround</name>
         <load_address>0x12ca0</load_address>
         <run_address>0x12ca0</run_address>
         <size>0xc0</size>
         <input_file_ref idref="fl-8e"/>
      </object_component>
      <object_component id="oc-89">
         <name>.text:_copy_in</name>
         <load_address>0x12d60</load_address>
         <run_address>0x12d60</run_address>
         <size>0xc0</size>
         <input_file_ref idref="fl-95"/>
      </object_component>
      <object_component id="oc-41">
         <name>.text</name>
         <load_address>0x12e20</load_address>
         <run_address>0x12e20</run_address>
         <size>0xc0</size>
         <input_file_ref idref="fl-f"/>
      </object_component>
      <object_component id="oc-98">
         <name>.text:_setMux</name>
         <load_address>0x12ee0</load_address>
         <run_address>0x12ee0</run_address>
         <size>0xa0</size>
         <input_file_ref idref="fl-10"/>
      </object_component>
      <object_component id="oc-8b">
         <name>.text:___TI_cpp_init</name>
         <load_address>0x12f80</load_address>
         <run_address>0x12f80</run_address>
         <size>0x80</size>
         <input_file_ref idref="fl-94"/>
      </object_component>
      <object_component id="oc-18">
         <name>.text:_c_int00</name>
         <load_address>0x13000</load_address>
         <run_address>0x13000</run_address>
         <size>0x80</size>
         <input_file_ref idref="fl-89"/>
      </object_component>
      <object_component id="oc-84">
         <name>.text:__args_main</name>
         <load_address>0x13080</load_address>
         <run_address>0x13080</run_address>
         <size>0x40</size>
         <input_file_ref idref="fl-92"/>
      </object_component>
      <object_component id="oc-94">
         <name>.text:__trunc</name>
         <load_address>0x130c0</load_address>
         <run_address>0x130c0</run_address>
         <size>0x40</size>
         <input_file_ref idref="fl-91"/>
      </object_component>
      <object_component id="oc-8d">
         <name>.text:_abort</name>
         <load_address>0x13100</load_address>
         <run_address>0x13100</run_address>
         <size>0x20</size>
         <input_file_ref idref="fl-8c"/>
      </object_component>
      <object_component id="oc-47">
         <name>.text</name>
         <load_address>0x13120</load_address>
         <run_address>0x13120</run_address>
         <size>0x20</size>
         <input_file_ref idref="fl-10"/>
      </object_component>
      <object_component id="oc-53">
         <name>.stack</name>
         <uninitialized>true</uninitialized>
         <run_address>0x13140</run_address>
         <size>0x8</size>
         <input_file_ref idref="fl-89"/>
      </object_component>
      <object_component id="oc-b8">
         <name>.stack</name>
         <uninitialized>true</uninitialized>
         <run_address>0x13140</run_address>
         <size>0x0</size>
      </object_component>
      <object_component id="oc-8f">
         <name>.const:_B</name>
         <load_address>0x13914</load_address>
         <run_address>0x13914</run_address>
         <size>0xcc</size>
         <input_file_ref idref="fl-3"/>
      </object_component>
      <object_component id="oc-37">
         <name>.const</name>
         <load_address>0x139e0</load_address>
         <run_address>0x139e0</run_address>
         <size>0x40</size>
         <input_file_ref idref="fl-d"/>
      </object_component>
      <object_component id="oc-31">
         <name>.const</name>
         <load_address>0x13a20</load_address>
         <run_address>0x13a20</run_address>
         <size>0x20</size>
         <input_file_ref idref="fl-c"/>
      </object_component>
      <object_component id="oc-1f">
         <name>.const</name>
         <load_address>0x13a40</load_address>
         <run_address>0x13a40</run_address>
         <size>0x4</size>
         <input_file_ref idref="fl-3"/>
      </object_component>
      <object_component id="oc-20">
         <name>.far</name>
         <uninitialized>true</uninitialized>
         <run_address>0x200</run_address>
         <size>0xf864</size>
         <input_file_ref idref="fl-3"/>
      </object_component>
      <object_component id="oc-30">
         <name>.far</name>
         <uninitialized>true</uninitialized>
         <run_address>0xfc6c</run_address>
         <size>0x2</size>
         <input_file_ref idref="fl-c"/>
      </object_component>
      <object_component id="oc-36">
         <name>.far</name>
         <uninitialized>true</uninitialized>
         <run_address>0xfc64</run_address>
         <size>0x8</size>
         <input_file_ref idref="fl-d"/>
      </object_component>
      <object_component id="oc-3d">
         <name>.far</name>
         <uninitialized>true</uninitialized>
         <run_address>0xfc10</run_address>
         <size>0x28</size>
         <input_file_ref idref="fl-e"/>
      </object_component>
      <object_component id="oc-43">
         <name>.far</name>
         <uninitialized>true</uninitialized>
         <run_address>0xfc38</run_address>
         <size>0x20</size>
         <input_file_ref idref="fl-f"/>
      </object_component>
      <object_component id="oc-49">
         <name>.far</name>
         <uninitialized>true</uninitialized>
         <run_address>0xfa64</run_address>
         <size>0xf4</size>
         <input_file_ref idref="fl-10"/>
      </object_component>
      <object_component id="oc-4e">
         <name>.far</name>
         <uninitialized>true</uninitialized>
         <run_address>0xfbd8</run_address>
         <size>0x38</size>
         <input_file_ref idref="fl-11"/>
      </object_component>
      <object_component id="oc-58">
         <name>.far</name>
         <uninitialized>true</uninitialized>
         <run_address>0xfb58</run_address>
         <size>0x40</size>
         <input_file_ref idref="fl-8a"/>
      </object_component>
      <object_component id="oc-60">
         <name>.far</name>
         <uninitialized>true</uninitialized>
         <run_address>0xfc58</run_address>
         <size>0xc</size>
         <input_file_ref idref="fl-8c"/>
      </object_component>
      <object_component id="oc-6b">
         <name>.far</name>
         <uninitialized>true</uninitialized>
         <run_address>0xfb98</run_address>
         <size>0x40</size>
         <input_file_ref idref="fl-8f"/>
      </object_component>
      <object_component id="oc-48">
         <name>.cinit</name>
         <load_address>0x13540</load_address>
         <run_address>0x13540</run_address>
         <size>0x12c</size>
         <input_file_ref idref="fl-10"/>
      </object_component>
      <object_component id="oc-1e">
         <name>.cinit</name>
         <load_address>0x13670</load_address>
         <run_address>0x13670</run_address>
         <size>0x12c</size>
         <input_file_ref idref="fl-3"/>
      </object_component>
      <object_component id="oc-4d">
         <name>.cinit</name>
         <load_address>0x137a0</load_address>
         <run_address>0x137a0</run_address>
         <size>0x54</size>
         <input_file_ref idref="fl-11"/>
      </object_component>
      <object_component id="oc-57">
         <name>.cinit</name>
         <load_address>0x137f8</load_address>
         <run_address>0x137f8</run_address>
         <size>0x48</size>
         <input_file_ref idref="fl-8a"/>
      </object_component>
      <object_component id="oc-6a">
         <name>.cinit</name>
         <load_address>0x13840</load_address>
         <run_address>0x13840</run_address>
         <size>0x48</size>
         <input_file_ref idref="fl-8f"/>
      </object_component>
      <object_component id="oc-3c">
         <name>.cinit</name>
         <load_address>0x13888</load_address>
         <run_address>0x13888</run_address>
         <size>0x30</size>
         <input_file_ref idref="fl-e"/>
      </object_component>
      <object_component id="oc-5f">
         <name>.cinit</name>
         <load_address>0x138b8</load_address>
         <run_address>0x138b8</run_address>
         <size>0x2c</size>
         <input_file_ref idref="fl-8c"/>
      </object_component>
      <object_component id="oc-42">
         <name>.cinit</name>
         <load_address>0x138e8</load_address>
         <run_address>0x138e8</run_address>
         <size>0x28</size>
         <input_file_ref idref="fl-f"/>
      </object_component>
      <object_component id="oc-1a">
         <name>.debug_info</name>
         <load_address>0x0</load_address>
         <run_address>0x0</run_address>
         <size>0xc0</size>
         <input_file_ref idref="fl-2"/>
      </object_component>
      <object_component id="oc-1d">
         <name>.debug_info</name>
         <load_address>0xc0</load_address>
         <run_address>0xc0</run_address>
         <size>0x148e</size>
         <input_file_ref idref="fl-3"/>
      </object_component>
      <object_component id="oc-25">
         <name>.debug_info</name>
         <load_address>0x154e</load_address>
         <run_address>0x154e</run_address>
         <size>0x7dd</size>
         <input_file_ref idref="fl-4"/>
      </object_component>
      <object_component id="oc-2a">
         <name>.debug_info</name>
         <load_address>0x1d2b</load_address>
         <run_address>0x1d2b</run_address>
         <size>0x5c8</size>
         <input_file_ref idref="fl-5"/>
      </object_component>
      <object_component id="oc-2d">
         <name>.debug_info</name>
         <load_address>0x22f3</load_address>
         <run_address>0x22f3</run_address>
         <size>0x5c4</size>
         <input_file_ref idref="fl-6"/>
      </object_component>
      <object_component id="oc-33">
         <name>.debug_info</name>
         <load_address>0x28b7</load_address>
         <run_address>0x28b7</run_address>
         <size>0x8a7</size>
         <input_file_ref idref="fl-c"/>
      </object_component>
      <object_component id="oc-39">
         <name>.debug_info</name>
         <load_address>0x315e</load_address>
         <run_address>0x315e</run_address>
         <size>0x89f</size>
         <input_file_ref idref="fl-d"/>
      </object_component>
      <object_component id="oc-3f">
         <name>.debug_info</name>
         <load_address>0x39fd</load_address>
         <run_address>0x39fd</run_address>
         <size>0x929</size>
         <input_file_ref idref="fl-e"/>
      </object_component>
      <object_component id="oc-45">
         <name>.debug_info</name>
         <load_address>0x4326</load_address>
         <run_address>0x4326</run_address>
         <size>0x5b3</size>
         <input_file_ref idref="fl-f"/>
      </object_component>
      <object_component id="oc-4b">
         <name>.debug_info</name>
         <load_address>0x48d9</load_address>
         <run_address>0x48d9</run_address>
         <size>0x9df</size>
         <input_file_ref idref="fl-10"/>
      </object_component>
      <object_component id="oc-50">
         <name>.debug_info</name>
         <load_address>0x52b8</load_address>
         <run_address>0x52b8</run_address>
         <size>0xac3</size>
         <input_file_ref idref="fl-11"/>
      </object_component>
      <object_component id="oc-52">
         <name>.debug_info</name>
         <load_address>0x5d7b</load_address>
         <run_address>0x5d7b</run_address>
         <size>0x715</size>
         <input_file_ref idref="fl-89"/>
      </object_component>
      <object_component id="oc-56">
         <name>.debug_info</name>
         <load_address>0x6490</load_address>
         <run_address>0x6490</run_address>
         <size>0x729</size>
         <input_file_ref idref="fl-8a"/>
      </object_component>
      <object_component id="oc-5b">
         <name>.debug_info</name>
         <load_address>0x6bb9</load_address>
         <run_address>0x6bb9</run_address>
         <size>0xdc</size>
         <input_file_ref idref="fl-8b"/>
      </object_component>
      <object_component id="oc-5e">
         <name>.debug_info</name>
         <load_address>0x6c95</load_address>
         <run_address>0x6c95</run_address>
         <size>0x811</size>
         <input_file_ref idref="fl-8c"/>
      </object_component>
      <object_component id="oc-63">
         <name>.debug_info</name>
         <load_address>0x74a6</load_address>
         <run_address>0x74a6</run_address>
         <size>0x68a</size>
         <input_file_ref idref="fl-8d"/>
      </object_component>
      <object_component id="oc-66">
         <name>.debug_info</name>
         <load_address>0x7b30</load_address>
         <run_address>0x7b30</run_address>
         <size>0x65d</size>
         <input_file_ref idref="fl-8e"/>
      </object_component>
      <object_component id="oc-69">
         <name>.debug_info</name>
         <load_address>0x818d</load_address>
         <run_address>0x818d</run_address>
         <size>0x729</size>
         <input_file_ref idref="fl-8f"/>
      </object_component>
      <object_component id="oc-6e">
         <name>.debug_info</name>
         <load_address>0x88b6</load_address>
         <run_address>0x88b6</run_address>
         <size>0xe2</size>
         <input_file_ref idref="fl-90"/>
      </object_component>
      <object_component id="oc-71">
         <name>.debug_info</name>
         <load_address>0x8998</load_address>
         <run_address>0x8998</run_address>
         <size>0x65b</size>
         <input_file_ref idref="fl-91"/>
      </object_component>
      <object_component id="oc-74">
         <name>.debug_info</name>
         <load_address>0x8ff3</load_address>
         <run_address>0x8ff3</run_address>
         <size>0x6eb</size>
         <input_file_ref idref="fl-92"/>
      </object_component>
      <object_component id="oc-77">
         <name>.debug_info</name>
         <load_address>0x96de</load_address>
         <run_address>0x96de</run_address>
         <size>0x883</size>
         <input_file_ref idref="fl-93"/>
      </object_component>
      <object_component id="oc-7a">
         <name>.debug_info</name>
         <load_address>0x9f61</load_address>
         <run_address>0x9f61</run_address>
         <size>0x6fb</size>
         <input_file_ref idref="fl-94"/>
      </object_component>
      <object_component id="oc-7d">
         <name>.debug_info</name>
         <load_address>0xa65c</load_address>
         <run_address>0xa65c</run_address>
         <size>0x7f1</size>
         <input_file_ref idref="fl-95"/>
      </object_component>
      <object_component id="oc-80">
         <name>.debug_info</name>
         <load_address>0xae4d</load_address>
         <run_address>0xae4d</run_address>
         <size>0x7ac</size>
         <input_file_ref idref="fl-96"/>
      </object_component>
      <object_component id="oc-b9">
         <name>.debug_info</name>
         <load_address>0xb5f9</load_address>
         <run_address>0xb5f9</run_address>
         <size>0x6d</size>
      </object_component>
      <object_component id="oc-1b">
         <name>.debug_line</name>
         <load_address>0x0</load_address>
         <run_address>0x0</run_address>
         <size>0xb9</size>
         <input_file_ref idref="fl-2"/>
      </object_component>
      <object_component id="oc-23">
         <name>.debug_line</name>
         <load_address>0xb9</load_address>
         <run_address>0xb9</run_address>
         <size>0x1a5</size>
         <input_file_ref idref="fl-3"/>
      </object_component>
      <object_component id="oc-27">
         <name>.debug_line</name>
         <load_address>0x25e</load_address>
         <run_address>0x25e</run_address>
         <size>0x6f</size>
         <input_file_ref idref="fl-4"/>
      </object_component>
      <object_component id="oc-34">
         <name>.debug_line</name>
         <load_address>0x2cd</load_address>
         <run_address>0x2cd</run_address>
         <size>0xb2</size>
         <input_file_ref idref="fl-c"/>
      </object_component>
      <object_component id="oc-3a">
         <name>.debug_line</name>
         <load_address>0x37f</load_address>
         <run_address>0x37f</run_address>
         <size>0x4f</size>
         <input_file_ref idref="fl-d"/>
      </object_component>
      <object_component id="oc-40">
         <name>.debug_line</name>
         <load_address>0x3ce</load_address>
         <run_address>0x3ce</run_address>
         <size>0x7e</size>
         <input_file_ref idref="fl-e"/>
      </object_component>
      <object_component id="oc-46">
         <name>.debug_line</name>
         <load_address>0x44c</load_address>
         <run_address>0x44c</run_address>
         <size>0x52</size>
         <input_file_ref idref="fl-f"/>
      </object_component>
      <object_component id="oc-4c">
         <name>.debug_line</name>
         <load_address>0x49e</load_address>
         <run_address>0x49e</run_address>
         <size>0xa0</size>
         <input_file_ref idref="fl-10"/>
      </object_component>
      <object_component id="oc-51">
         <name>.debug_line</name>
         <load_address>0x53e</load_address>
         <run_address>0x53e</run_address>
         <size>0xbf</size>
         <input_file_ref idref="fl-11"/>
      </object_component>
      <object_component id="oc-54">
         <name>.debug_line</name>
         <load_address>0x5fd</load_address>
         <run_address>0x5fd</run_address>
         <size>0x3d</size>
         <input_file_ref idref="fl-89"/>
      </object_component>
      <object_component id="oc-59">
         <name>.debug_line</name>
         <load_address>0x63a</load_address>
         <run_address>0x63a</run_address>
         <size>0x54</size>
         <input_file_ref idref="fl-8a"/>
      </object_component>
      <object_component id="oc-5c">
         <name>.debug_line</name>
         <load_address>0x68e</load_address>
         <run_address>0x68e</run_address>
         <size>0x45</size>
         <input_file_ref idref="fl-8b"/>
      </object_component>
      <object_component id="oc-61">
         <name>.debug_line</name>
         <load_address>0x6d3</load_address>
         <run_address>0x6d3</run_address>
         <size>0x4f</size>
         <input_file_ref idref="fl-8c"/>
      </object_component>
      <object_component id="oc-64">
         <name>.debug_line</name>
         <load_address>0x722</load_address>
         <run_address>0x722</run_address>
         <size>0x37</size>
         <input_file_ref idref="fl-8d"/>
      </object_component>
      <object_component id="oc-67">
         <name>.debug_line</name>
         <load_address>0x759</load_address>
         <run_address>0x759</run_address>
         <size>0x38</size>
         <input_file_ref idref="fl-8e"/>
      </object_component>
      <object_component id="oc-6c">
         <name>.debug_line</name>
         <load_address>0x791</load_address>
         <run_address>0x791</run_address>
         <size>0x54</size>
         <input_file_ref idref="fl-8f"/>
      </object_component>
      <object_component id="oc-6f">
         <name>.debug_line</name>
         <load_address>0x7e5</load_address>
         <run_address>0x7e5</run_address>
         <size>0x48</size>
         <input_file_ref idref="fl-90"/>
      </object_component>
      <object_component id="oc-72">
         <name>.debug_line</name>
         <load_address>0x82d</load_address>
         <run_address>0x82d</run_address>
         <size>0x38</size>
         <input_file_ref idref="fl-91"/>
      </object_component>
      <object_component id="oc-75">
         <name>.debug_line</name>
         <load_address>0x865</load_address>
         <run_address>0x865</run_address>
         <size>0x41</size>
         <input_file_ref idref="fl-92"/>
      </object_component>
      <object_component id="oc-78">
         <name>.debug_line</name>
         <load_address>0x8a6</load_address>
         <run_address>0x8a6</run_address>
         <size>0x47</size>
         <input_file_ref idref="fl-93"/>
      </object_component>
      <object_component id="oc-7b">
         <name>.debug_line</name>
         <load_address>0x8ed</load_address>
         <run_address>0x8ed</run_address>
         <size>0x45</size>
         <input_file_ref idref="fl-94"/>
      </object_component>
      <object_component id="oc-7e">
         <name>.debug_line</name>
         <load_address>0x932</load_address>
         <run_address>0x932</run_address>
         <size>0x44</size>
         <input_file_ref idref="fl-95"/>
      </object_component>
      <object_component id="oc-81">
         <name>.debug_line</name>
         <load_address>0x976</load_address>
         <run_address>0x976</run_address>
         <size>0x4e</size>
         <input_file_ref idref="fl-96"/>
      </object_component>
      <object_component id="oc-1c">
         <name>.debug_abbrev</name>
         <load_address>0x0</load_address>
         <run_address>0x0</run_address>
         <size>0x20</size>
         <input_file_ref idref="fl-2"/>
      </object_component>
      <object_component id="oc-24">
         <name>.debug_abbrev</name>
         <load_address>0x20</load_address>
         <run_address>0x20</run_address>
         <size>0x1d3</size>
         <input_file_ref idref="fl-3"/>
      </object_component>
      <object_component id="oc-28">
         <name>.debug_abbrev</name>
         <load_address>0x1f3</load_address>
         <run_address>0x1f3</run_address>
         <size>0xc0</size>
         <input_file_ref idref="fl-4"/>
      </object_component>
      <object_component id="oc-2b">
         <name>.debug_abbrev</name>
         <load_address>0x2b3</load_address>
         <run_address>0x2b3</run_address>
         <size>0x34</size>
         <input_file_ref idref="fl-5"/>
      </object_component>
      <object_component id="oc-2e">
         <name>.debug_abbrev</name>
         <load_address>0x2e7</load_address>
         <run_address>0x2e7</run_address>
         <size>0x34</size>
         <input_file_ref idref="fl-6"/>
      </object_component>
      <object_component id="oc-32">
         <name>.debug_abbrev</name>
         <load_address>0x31b</load_address>
         <run_address>0x31b</run_address>
         <size>0x196</size>
         <input_file_ref idref="fl-c"/>
      </object_component>
      <object_component id="oc-38">
         <name>.debug_abbrev</name>
         <load_address>0x4b1</load_address>
         <run_address>0x4b1</run_address>
         <size>0x126</size>
         <input_file_ref idref="fl-d"/>
      </object_component>
      <object_component id="oc-3e">
         <name>.debug_abbrev</name>
         <load_address>0x5d7</load_address>
         <run_address>0x5d7</run_address>
         <size>0x14e</size>
         <input_file_ref idref="fl-e"/>
      </object_component>
      <object_component id="oc-44">
         <name>.debug_abbrev</name>
         <load_address>0x725</load_address>
         <run_address>0x725</run_address>
         <size>0xf1</size>
         <input_file_ref idref="fl-f"/>
      </object_component>
      <object_component id="oc-4a">
         <name>.debug_abbrev</name>
         <load_address>0x816</load_address>
         <run_address>0x816</run_address>
         <size>0x1b7</size>
         <input_file_ref idref="fl-10"/>
      </object_component>
      <object_component id="oc-4f">
         <name>.debug_abbrev</name>
         <load_address>0x9cd</load_address>
         <run_address>0x9cd</run_address>
         <size>0x1a3</size>
         <input_file_ref idref="fl-11"/>
      </object_component>
      <object_component id="oc-55">
         <name>.debug_abbrev</name>
         <load_address>0xb70</load_address>
         <run_address>0xb70</run_address>
         <size>0xfe</size>
         <input_file_ref idref="fl-89"/>
      </object_component>
      <object_component id="oc-5a">
         <name>.debug_abbrev</name>
         <load_address>0xc6e</load_address>
         <run_address>0xc6e</run_address>
         <size>0xcc</size>
         <input_file_ref idref="fl-8a"/>
      </object_component>
      <object_component id="oc-5d">
         <name>.debug_abbrev</name>
         <load_address>0xd3a</load_address>
         <run_address>0xd3a</run_address>
         <size>0x3a</size>
         <input_file_ref idref="fl-8b"/>
      </object_component>
      <object_component id="oc-62">
         <name>.debug_abbrev</name>
         <load_address>0xd74</load_address>
         <run_address>0xd74</run_address>
         <size>0x119</size>
         <input_file_ref idref="fl-8c"/>
      </object_component>
      <object_component id="oc-65">
         <name>.debug_abbrev</name>
         <load_address>0xe8d</load_address>
         <run_address>0xe8d</run_address>
         <size>0xa1</size>
         <input_file_ref idref="fl-8d"/>
      </object_component>
      <object_component id="oc-68">
         <name>.debug_abbrev</name>
         <load_address>0xf2e</load_address>
         <run_address>0xf2e</run_address>
         <size>0xaf</size>
         <input_file_ref idref="fl-8e"/>
      </object_component>
      <object_component id="oc-6d">
         <name>.debug_abbrev</name>
         <load_address>0xfdd</load_address>
         <run_address>0xfdd</run_address>
         <size>0xcc</size>
         <input_file_ref idref="fl-8f"/>
      </object_component>
      <object_component id="oc-70">
         <name>.debug_abbrev</name>
         <load_address>0x10a9</load_address>
         <run_address>0x10a9</run_address>
         <size>0x3a</size>
         <input_file_ref idref="fl-90"/>
      </object_component>
      <object_component id="oc-73">
         <name>.debug_abbrev</name>
         <load_address>0x10e3</load_address>
         <run_address>0x10e3</run_address>
         <size>0xaf</size>
         <input_file_ref idref="fl-91"/>
      </object_component>
      <object_component id="oc-76">
         <name>.debug_abbrev</name>
         <load_address>0x1192</load_address>
         <run_address>0x1192</run_address>
         <size>0xe1</size>
         <input_file_ref idref="fl-92"/>
      </object_component>
      <object_component id="oc-79">
         <name>.debug_abbrev</name>
         <load_address>0x1273</load_address>
         <run_address>0x1273</run_address>
         <size>0x13f</size>
         <input_file_ref idref="fl-93"/>
      </object_component>
      <object_component id="oc-7c">
         <name>.debug_abbrev</name>
         <load_address>0x13b2</load_address>
         <run_address>0x13b2</run_address>
         <size>0xdd</size>
         <input_file_ref idref="fl-94"/>
      </object_component>
      <object_component id="oc-7f">
         <name>.debug_abbrev</name>
         <load_address>0x148f</load_address>
         <run_address>0x148f</run_address>
         <size>0x10c</size>
         <input_file_ref idref="fl-95"/>
      </object_component>
      <object_component id="oc-82">
         <name>.debug_abbrev</name>
         <load_address>0x159b</load_address>
         <run_address>0x159b</run_address>
         <size>0xd5</size>
         <input_file_ref idref="fl-96"/>
      </object_component>
      <object_component id="oc-ba">
         <name>.debug_abbrev</name>
         <load_address>0x1670</load_address>
         <run_address>0x1670</run_address>
         <size>0xd</size>
      </object_component>
      <object_component id="oc-22">
         <name>.debug_frame</name>
         <load_address>0x0</load_address>
         <run_address>0x0</run_address>
         <size>0x303</size>
         <input_file_ref idref="fl-3"/>
      </object_component>
      <object_component id="oc-26">
         <name>.debug_frame</name>
         <load_address>0x303</load_address>
         <run_address>0x303</run_address>
         <size>0x26d</size>
         <input_file_ref idref="fl-4"/>
      </object_component>
   </object_component_list>
   <logical_group_list>
      <logical_group id="lg-2">
         <name>vectors</name>
         <load_address>0x0</load_address>
         <run_address>0x0</run_address>
         <size>0x200</size>
         <contents>
            <object_component_ref idref="oc-19"/>
         </contents>
      </logical_group>
      <logical_group id="lg-3">
         <name>.text</name>
         <load_address>0xfc80</load_address>
         <run_address>0xfc80</run_address>
         <size>0x34c0</size>
         <contents>
            <object_component_ref idref="oc-8c"/>
            <object_component_ref idref="oc-2f"/>
            <object_component_ref idref="oc-90"/>
            <object_component_ref idref="oc-91"/>
            <object_component_ref idref="oc-35"/>
            <object_component_ref idref="oc-29"/>
            <object_component_ref idref="oc-8a"/>
            <object_component_ref idref="oc-21"/>
            <object_component_ref idref="oc-93"/>
            <object_component_ref idref="oc-8e"/>
            <object_component_ref idref="oc-2c"/>
            <object_component_ref idref="oc-92"/>
            <object_component_ref idref="oc-3b"/>
            <object_component_ref idref="oc-97"/>
            <object_component_ref idref="oc-87"/>
            <object_component_ref idref="oc-88"/>
            <object_component_ref idref="oc-83"/>
            <object_component_ref idref="oc-86"/>
            <object_component_ref idref="oc-85"/>
            <object_component_ref idref="oc-96"/>
            <object_component_ref idref="oc-95"/>
            <object_component_ref idref="oc-89"/>
            <object_component_ref idref="oc-41"/>
            <object_component_ref idref="oc-98"/>
            <object_component_ref idref="oc-8b"/>
            <object_component_ref idref="oc-18"/>
            <object_component_ref idref="oc-84"/>
            <object_component_ref idref="oc-94"/>
            <object_component_ref idref="oc-8d"/>
            <object_component_ref idref="oc-47"/>
         </contents>
      </logical_group>
      <logical_group id="lg-4">
         <name>.stack</name>
         <run_address>0x13140</run_address>
         <size>0x400</size>
         <contents>
            <object_component_ref idref="oc-53"/>
            <object_component_ref idref="oc-b8"/>
         </contents>
      </logical_group>
      <logical_group id="lg-5">
         <name>.bss</name>
         <run_address>0x200</run_address>
         <size>0x0</size>
         <contents>
         </contents>
      </logical_group>
      <logical_group id="lg-6">
         <name>.cio</name>
         <run_address>0x0</run_address>
         <size>0x0</size>
         <contents>
         </contents>
      </logical_group>
      <logical_group id="lg-7">
         <name>.const</name>
         <load_address>0x13914</load_address>
         <run_address>0x13914</run_address>
         <size>0x130</size>
         <contents>
            <object_component_ref idref="oc-8f"/>
            <object_component_ref idref="oc-37"/>
            <object_component_ref idref="oc-31"/>
            <object_component_ref idref="oc-1f"/>
         </contents>
      </logical_group>
      <logical_group id="lg-8">
         <name>.data</name>
         <run_address>0x200</run_address>
         <size>0x0</size>
         <contents>
         </contents>
      </logical_group>
      <logical_group id="lg-9">
         <name>.switch</name>
         <run_address>0x0</run_address>
         <size>0x0</size>
         <contents>
         </contents>
      </logical_group>
      <logical_group id="lg-a">
         <name>.sysmem</name>
         <run_address>0x0</run_address>
         <size>0x0</size>
         <contents>
         </contents>
      </logical_group>
      <logical_group id="lg-b">
         <name>.far</name>
         <run_address>0x200</run_address>
         <size>0xfa6e</size>
         <contents>
            <object_component_ref idref="oc-20"/>
            <object_component_ref idref="oc-30"/>
            <object_component_ref idref="oc-36"/>
            <object_component_ref idref="oc-3d"/>
            <object_component_ref idref="oc-43"/>
            <object_component_ref idref="oc-49"/>
            <object_component_ref idref="oc-4e"/>
            <object_component_ref idref="oc-58"/>
            <object_component_ref idref="oc-60"/>
            <object_component_ref idref="oc-6b"/>
         </contents>
      </logical_group>
      <logical_group id="lg-c">
         <name>.args</name>
         <run_address>0x0</run_address>
         <size>0x0</size>
         <contents>
         </contents>
      </logical_group>
      <logical_group id="lg-d">
         <name>.ppinfo</name>
         <run_address>0x0</run_address>
         <size>0x0</size>
         <contents>
         </contents>
      </logical_group>
      <logical_group id="lg-e">
         <name>.ppdata</name>
         <run_address>0x0</run_address>
         <size>0x0</size>
         <contents>
         </contents>
      </logical_group>
      <logical_group id="lg-f">
         <name>.pinit</name>
         <run_address>0x0</run_address>
         <size>0x0</size>
         <contents>
         </contents>
      </logical_group>
      <logical_group id="lg-10">
         <name>.cinit</name>
         <load_address>0x13540</load_address>
         <run_address>0x13540</run_address>
         <size>0x3d4</size>
         <contents>
            <object_component_ref idref="oc-48"/>
            <object_component_ref idref="oc-1e"/>
            <object_component_ref idref="oc-4d"/>
            <object_component_ref idref="oc-57"/>
            <object_component_ref idref="oc-6a"/>
            <object_component_ref idref="oc-3c"/>
            <object_component_ref idref="oc-5f"/>
            <object_component_ref idref="oc-42"/>
         </contents>
      </logical_group>
      <logical_group id="lg-11">
         <name>.binit</name>
         <run_address>0x0</run_address>
         <size>0x0</size>
         <contents>
         </contents>
      </logical_group>
      <logical_group id="lg-12">
         <name>.init_array</name>
         <run_address>0x0</run_address>
         <size>0x0</size>
         <contents>
         </contents>
      </logical_group>
      <logical_group id="lg-13">
         <name>.neardata</name>
         <run_address>0x0</run_address>
         <size>0x0</size>
         <contents>
         </contents>
      </logical_group>
      <logical_group id="lg-14">
         <name>.fardata</name>
         <run_address>0x0</run_address>
         <size>0x0</size>
         <contents>
         </contents>
      </logical_group>
      <logical_group id="lg-15">
         <name>.rodata</name>
         <run_address>0x0</run_address>
         <size>0x0</size>
         <contents>
         </contents>
      </logical_group>
      <logical_group id="lg-16">
         <name>.c6xabi.exidx</name>
         <run_address>0x0</run_address>
         <size>0x0</size>
         <contents>
         </contents>
      </logical_group>
      <logical_group id="lg-17">
         <name>.c6xabi.extab</name>
         <run_address>0x0</run_address>
         <size>0x0</size>
         <contents>
         </contents>
      </logical_group>
      <logical_group id="lg-af">
         <name>.debug_info</name>
         <load_address>0x0</load_address>
         <run_address>0x0</run_address>
         <size>0xb666</size>
         <contents>
            <object_component_ref idref="oc-1a"/>
            <object_component_ref idref="oc-1d"/>
            <object_component_ref idref="oc-25"/>
            <object_component_ref idref="oc-2a"/>
            <object_component_ref idref="oc-2d"/>
            <object_component_ref idref="oc-33"/>
            <object_component_ref idref="oc-39"/>
            <object_component_ref idref="oc-3f"/>
            <object_component_ref idref="oc-45"/>
            <object_component_ref idref="oc-4b"/>
            <object_component_ref idref="oc-50"/>
            <object_component_ref idref="oc-52"/>
            <object_component_ref idref="oc-56"/>
            <object_component_ref idref="oc-5b"/>
            <object_component_ref idref="oc-5e"/>
            <object_component_ref idref="oc-63"/>
            <object_component_ref idref="oc-66"/>
            <object_component_ref idref="oc-69"/>
            <object_component_ref idref="oc-6e"/>
            <object_component_ref idref="oc-71"/>
            <object_component_ref idref="oc-74"/>
            <object_component_ref idref="oc-77"/>
            <object_component_ref idref="oc-7a"/>
            <object_component_ref idref="oc-7d"/>
            <object_component_ref idref="oc-80"/>
            <object_component_ref idref="oc-b9"/>
         </contents>
      </logical_group>
      <logical_group id="lg-b1">
         <name>.debug_line</name>
         <load_address>0x0</load_address>
         <run_address>0x0</run_address>
         <size>0x9c4</size>
         <contents>
            <object_component_ref idref="oc-1b"/>
            <object_component_ref idref="oc-23"/>
            <object_component_ref idref="oc-27"/>
            <object_component_ref idref="oc-34"/>
            <object_component_ref idref="oc-3a"/>
            <object_component_ref idref="oc-40"/>
            <object_component_ref idref="oc-46"/>
            <object_component_ref idref="oc-4c"/>
            <object_component_ref idref="oc-51"/>
            <object_component_ref idref="oc-54"/>
            <object_component_ref idref="oc-59"/>
            <object_component_ref idref="oc-5c"/>
            <object_component_ref idref="oc-61"/>
            <object_component_ref idref="oc-64"/>
            <object_component_ref idref="oc-67"/>
            <object_component_ref idref="oc-6c"/>
            <object_component_ref idref="oc-6f"/>
            <object_component_ref idref="oc-72"/>
            <object_component_ref idref="oc-75"/>
            <object_component_ref idref="oc-78"/>
            <object_component_ref idref="oc-7b"/>
            <object_component_ref idref="oc-7e"/>
            <object_component_ref idref="oc-81"/>
         </contents>
      </logical_group>
      <logical_group id="lg-b3">
         <name>.debug_abbrev</name>
         <load_address>0x0</load_address>
         <run_address>0x0</run_address>
         <size>0x167d</size>
         <contents>
            <object_component_ref idref="oc-1c"/>
            <object_component_ref idref="oc-24"/>
            <object_component_ref idref="oc-28"/>
            <object_component_ref idref="oc-2b"/>
            <object_component_ref idref="oc-2e"/>
            <object_component_ref idref="oc-32"/>
            <object_component_ref idref="oc-38"/>
            <object_component_ref idref="oc-3e"/>
            <object_component_ref idref="oc-44"/>
            <object_component_ref idref="oc-4a"/>
            <object_component_ref idref="oc-4f"/>
            <object_component_ref idref="oc-55"/>
            <object_component_ref idref="oc-5a"/>
            <object_component_ref idref="oc-5d"/>
            <object_component_ref idref="oc-62"/>
            <object_component_ref idref="oc-65"/>
            <object_component_ref idref="oc-68"/>
            <object_component_ref idref="oc-6d"/>
            <object_component_ref idref="oc-70"/>
            <object_component_ref idref="oc-73"/>
            <object_component_ref idref="oc-76"/>
            <object_component_ref idref="oc-79"/>
            <object_component_ref idref="oc-7c"/>
            <object_component_ref idref="oc-7f"/>
            <object_component_ref idref="oc-82"/>
            <object_component_ref idref="oc-ba"/>
         </contents>
      </logical_group>
      <logical_group id="lg-b5">
         <name>.debug_frame</name>
         <load_address>0x0</load_address>
         <run_address>0x0</run_address>
         <size>0x570</size>
         <contents>
            <object_component_ref idref="oc-22"/>
            <object_component_ref idref="oc-26"/>
         </contents>
      </logical_group>
   </logical_group_list>
   <placement_map>
      <memory_area>
         <name>VECS</name>
         <page_id>0x0</page_id>
         <origin>0x0</origin>
         <length>0x200</length>
         <used_space>0x200</used_space>
         <unused_space>0x0</unused_space>
         <attributes>RWIX</attributes>
         <usage_details>
            <allocated_space>
               <start_address>0x0</start_address>
               <size>0x200</size>
               <logical_group_ref idref="lg-2"/>
            </allocated_space>
         </usage_details>
      </memory_area>
      <memory_area>
         <name>IRAM</name>
         <page_id>0x0</page_id>
         <origin>0x200</origin>
         <length>0x2fe00</length>
         <used_space>0x13832</used_space>
         <unused_space>0x1c5ce</unused_space>
         <attributes>RWIX</attributes>
         <usage_details>
            <allocated_space>
               <start_address>0x200</start_address>
               <size>0x0</size>
               <logical_group_ref idref="lg-8"/>
            </allocated_space>
            <allocated_space>
               <start_address>0x200</start_address>
               <size>0x0</size>
               <logical_group_ref idref="lg-5"/>
            </allocated_space>
            <allocated_space>
               <start_address>0x200</start_address>
               <size>0xfa6e</size>
               <logical_group_ref idref="lg-b"/>
            </allocated_space>
            <available_space>
               <start_address>0xfc6e</start_address>
               <size>0x12</size>
            </available_space>
            <allocated_space>
               <start_address>0xfc80</start_address>
               <size>0x34c0</size>
               <logical_group_ref idref="lg-3"/>
            </allocated_space>
            <allocated_space>
               <start_address>0x13140</start_address>
               <size>0x400</size>
               <logical_group_ref idref="lg-4"/>
            </allocated_space>
            <allocated_space>
               <start_address>0x13540</start_address>
               <size>0x3d4</size>
               <logical_group_ref idref="lg-10"/>
            </allocated_space>
            <allocated_space>
               <start_address>0x13914</start_address>
               <size>0x130</size>
               <logical_group_ref idref="lg-7"/>
            </allocated_space>
            <available_space>
               <start_address>0x13a44</start_address>
               <size>0x1c5bc</size>
            </available_space>
         </usage_details>
      </memory_area>
      <memory_area>
         <name>L2RAM</name>
         <page_id>0x0</page_id>
         <origin>0x30000</origin>
         <length>0x10000</length>
         <used_space>0x0</used_space>
         <unused_space>0x10000</unused_space>
         <attributes>RWIX</attributes>
         <usage_details>
         </usage_details>
      </memory_area>
      <memory_area>
         <name>EMIFCE0</name>
         <page_id>0x0</page_id>
         <origin>0x80000000</origin>
         <length>0x10000000</length>
         <used_space>0x0</used_space>
         <unused_space>0x10000000</unused_space>
         <attributes>RWIX</attributes>
         <usage_details>
         </usage_details>
      </memory_area>
      <memory_area>
         <name>EMIFCE1</name>
         <page_id>0x0</page_id>
         <origin>0x90000000</origin>
         <length>0x10000000</length>
         <used_space>0x0</used_space>
         <unused_space>0x10000000</unused_space>
         <attributes>RWIX</attributes>
         <usage_details>
         </usage_details>
      </memory_area>
      <memory_area>
         <name>EMIFCE2</name>
         <page_id>0x0</page_id>
         <origin>0xa0000000</origin>
         <length>0x10000000</length>
         <used_space>0x0</used_space>
         <unused_space>0x10000000</unused_space>
         <attributes>RWIX</attributes>
         <usage_details>
         </usage_details>
      </memory_area>
      <memory_area>
         <name>EMIFCE3</name>
         <page_id>0x0</page_id>
         <origin>0xb0000000</origin>
         <length>0x10000000</length>
         <used_space>0x0</used_space>
         <unused_space>0x10000000</unused_space>
         <attributes>RWIX</attributes>
         <usage_details>
         </usage_details>
      </memory_area>
   </placement_map>
   <symbol_table>
      <symbol id="sm-0">
         <name>cinit</name>
         <value>0x13540</value>
      </symbol>
      <symbol id="sm-1">
         <name>___cinit__</name>
         <value>0x13540</value>
      </symbol>
      <symbol id="sm-2">
         <name>pinit</name>
         <value>0xffffffff</value>
      </symbol>
      <symbol id="sm-3">
         <name>___pinit__</name>
         <value>0xffffffff</value>
      </symbol>
      <symbol id="sm-4">
         <name>binit</name>
         <value>0xffffffff</value>
      </symbol>
      <symbol id="sm-5">
         <name>___binit__</name>
         <value>0xffffffff</value>
      </symbol>
      <symbol id="sm-6">
         <name>__STACK_SIZE</name>
         <value>0x400</value>
      </symbol>
      <symbol id="sm-7">
         <name>__STACK_END</name>
         <value>0x13540</value>
      </symbol>
      <symbol id="sm-8">
         <name>___c_args__</name>
         <value>0xffffffff</value>
      </symbol>
      <symbol id="sm-9">
         <name>.text</name>
         <value>0xfc80</value>
      </symbol>
      <symbol id="sm-a">
         <name>___text__</name>
         <value>0xfc80</value>
      </symbol>
      <symbol id="sm-b">
         <name>etext</name>
         <value>0x13140</value>
      </symbol>
      <symbol id="sm-c">
         <name>___etext__</name>
         <value>0x13140</value>
      </symbol>
      <symbol id="sm-d">
         <name>.data</name>
         <value>0x200</value>
      </symbol>
      <symbol id="sm-e">
         <name>___data__</name>
         <value>0x200</value>
      </symbol>
      <symbol id="sm-f">
         <name>edata</name>
         <value>0x200</value>
      </symbol>
      <symbol id="sm-10">
         <name>___edata__</name>
         <value>0x200</value>
      </symbol>
      <symbol id="sm-11">
         <name>.bss</name>
         <value>0x200</value>
      </symbol>
      <symbol id="sm-12">
         <name>___bss__</name>
         <value>0x200</value>
      </symbol>
      <symbol id="sm-13">
         <name>end</name>
         <value>0x200</value>
      </symbol>
      <symbol id="sm-14">
         <name>___end__</name>
         <value>0x200</value>
      </symbol>
      <symbol id="sm-15">
         <name>___TI_pprof_out_hndl</name>
         <value>0xffffffff</value>
      </symbol>
      <symbol id="sm-16">
         <name>___TI_prof_data_start</name>
         <value>0xffffffff</value>
      </symbol>
      <symbol id="sm-17">
         <name>___TI_prof_data_size</name>
         <value>0xffffffff</value>
      </symbol>
      <symbol id="sm-18">
         <name>$bss</name>
         <value>0x200</value>
      </symbol>
      <symbol id="sm-d4">
         <name>_serialPortRcvISR</name>
         <value>0x11c00</value>
         <object_component_ref idref="oc-21"/>
      </symbol>
      <symbol id="sm-d5">
         <name>_main</name>
         <value>0x101fc</value>
         <object_component_ref idref="oc-8c"/>
      </symbol>
      <symbol id="sm-d6">
         <name>_pingFlag</name>
         <value>0x3f10</value>
         <object_component_ref idref="oc-20"/>
      </symbol>
      <symbol id="sm-d7">
         <name>_lflag</name>
         <value>0xfa58</value>
         <object_component_ref idref="oc-20"/>
      </symbol>
      <symbol id="sm-d8">
         <name>_init</name>
         <value>0xfc80</value>
         <object_component_ref idref="oc-8c"/>
      </symbol>
      <symbol id="sm-d9">
         <name>_pingIndex</name>
         <value>0x3f14</value>
         <object_component_ref idref="oc-20"/>
      </symbol>
      <symbol id="sm-da">
         <name>_config</name>
         <value>0x204</value>
         <object_component_ref idref="oc-20"/>
      </symbol>
      <symbol id="sm-db">
         <name>_pongFlag</name>
         <value>0x3f11</value>
         <object_component_ref idref="oc-20"/>
      </symbol>
      <symbol id="sm-dc">
         <name>_hCodec</name>
         <value>0x200</value>
         <object_component_ref idref="oc-20"/>
      </symbol>
      <symbol id="sm-dd">
         <name>_DELTA</name>
         <value>0xfa5c</value>
         <object_component_ref idref="oc-20"/>
      </symbol>
      <symbol id="sm-de">
         <name>_PING</name>
         <value>0x230</value>
         <object_component_ref idref="oc-20"/>
      </symbol>
      <symbol id="sm-df">
         <name>_ix</name>
         <value>0xf258</value>
         <object_component_ref idref="oc-20"/>
      </symbol>
      <symbol id="sm-e0">
         <name>_iw</name>
         <value>0xee58</value>
         <object_component_ref idref="oc-20"/>
      </symbol>
      <symbol id="sm-e1">
         <name>_BL</name>
         <value>0x13a40</value>
         <object_component_ref idref="oc-1f"/>
      </symbol>
      <symbol id="sm-e2">
         <name>_outputPONG</name>
         <value>0xdf20</value>
         <object_component_ref idref="oc-20"/>
      </symbol>
      <symbol id="sm-e3">
         <name>_pongIndex</name>
         <value>0x3f18</value>
         <object_component_ref idref="oc-20"/>
      </symbol>
      <symbol id="sm-e4">
         <name>_pongU</name>
         <value>0x7f20</value>
         <object_component_ref idref="oc-20"/>
      </symbol>
      <symbol id="sm-e5">
         <name>_pingU</name>
         <value>0x5f20</value>
         <object_component_ref idref="oc-20"/>
      </symbol>
      <symbol id="sm-e6">
         <name>_PONG</name>
         <value>0x20a0</value>
         <object_component_ref idref="oc-20"/>
      </symbol>
      <symbol id="sm-e7">
         <name>_w</name>
         <value>0xc0b0</value>
         <object_component_ref idref="oc-20"/>
      </symbol>
      <symbol id="sm-e8">
         <name>_n</name>
         <value>0xfa60</value>
         <object_component_ref idref="oc-20"/>
      </symbol>
      <symbol id="sm-e9">
         <name>_h</name>
         <value>0x3f20</value>
         <object_component_ref idref="oc-20"/>
      </symbol>
      <symbol id="sm-ea">
         <name>_Z</name>
         <value>0x9f20</value>
         <object_component_ref idref="oc-20"/>
      </symbol>
      <symbol id="sm-eb">
         <name>_outputPING</name>
         <value>0xcfe8</value>
         <object_component_ref idref="oc-20"/>
      </symbol>
      <symbol id="sm-ec">
         <name>_V</name>
         <value>0xa0b0</value>
         <object_component_ref idref="oc-20"/>
      </symbol>
      <symbol id="sm-ed">
         <name>_B</name>
         <value>0x13914</value>
         <object_component_ref idref="oc-8f"/>
      </symbol>
      <symbol id="sm-105">
         <name>_digitrev_index</name>
         <value>0x12340</value>
         <object_component_ref idref="oc-92"/>
      </symbol>
      <symbol id="sm-10b">
         <name>_cfftr2_dit</name>
         <value>0x11740</value>
         <object_component_ref idref="oc-29"/>
      </symbol>
      <symbol id="sm-111">
         <name>_bitrev</name>
         <value>0x121a0</value>
         <object_component_ref idref="oc-2c"/>
      </symbol>
      <symbol id="sm-11f">
         <name>_DSK6713_init</name>
         <value>0x1096c</value>
         <object_component_ref idref="oc-2f"/>
      </symbol>
      <symbol id="sm-120">
         <name>_DSK6713_version</name>
         <value>0xfc6c</value>
         <object_component_ref idref="oc-30"/>
      </symbol>
      <symbol id="sm-121">
         <name>_DSK6713_rget</name>
         <value>0x10c88</value>
         <object_component_ref idref="oc-2f"/>
      </symbol>
      <symbol id="sm-122">
         <name>_DSK6713_wait</name>
         <value>0x10cb0</value>
         <object_component_ref idref="oc-2f"/>
      </symbol>
      <symbol id="sm-123">
         <name>_DSK6713_rset</name>
         <value>0x10c9c</value>
         <object_component_ref idref="oc-2f"/>
      </symbol>
      <symbol id="sm-124">
         <name>_DSK6713_waitusec</name>
         <value>0x10d08</value>
         <object_component_ref idref="oc-2f"/>
      </symbol>
      <symbol id="sm-125">
         <name>_DSK6713_getVersion</name>
         <value>0x10d34</value>
         <object_component_ref idref="oc-2f"/>
      </symbol>
      <symbol id="sm-133">
         <name>_DSK6713_AIC23_codeccontrolhandle</name>
         <value>0xfc64</value>
         <object_component_ref idref="oc-36"/>
      </symbol>
      <symbol id="sm-134">
         <name>_DSK6713_AIC23_codecdatahandle</name>
         <value>0xfc68</value>
         <object_component_ref idref="oc-36"/>
      </symbol>
      <symbol id="sm-135">
         <name>_DSK6713_AIC23_openCodec</name>
         <value>0x11440</value>
         <object_component_ref idref="oc-35"/>
      </symbol>
      <symbol id="sm-143">
         <name>_DSK6713_AIC23_config</name>
         <value>0x12560</value>
         <object_component_ref idref="oc-3b"/>
      </symbol>
      <symbol id="sm-144">
         <name>_DSK6713_AIC23_rget</name>
         <value>0x12538</value>
         <object_component_ref idref="oc-3b"/>
      </symbol>
      <symbol id="sm-145">
         <name>_DSK6713_AIC23_rset</name>
         <value>0x124a0</value>
         <object_component_ref idref="oc-3b"/>
      </symbol>
      <symbol id="sm-153">
         <name>_DSK6713_AIC23_setFreq</name>
         <value>0x12e20</value>
         <object_component_ref idref="oc-41"/>
      </symbol>
      <symbol id="sm-165">
         <name>__IRQ_eventTable</name>
         <value>0xfa8c</value>
         <object_component_ref idref="oc-49"/>
      </symbol>
      <symbol id="sm-166">
         <name>__IRQ_intTable</name>
         <value>0xfb10</value>
         <object_component_ref idref="oc-49"/>
      </symbol>
      <symbol id="sm-167">
         <name>_IRQ_map</name>
         <value>0x11e40</value>
         <object_component_ref idref="oc-93"/>
      </symbol>
      <symbol id="sm-168">
         <name>__IRQ_dispatchTable</name>
         <value>0xfb50</value>
         <object_component_ref idref="oc-49"/>
      </symbol>
      <symbol id="sm-169">
         <name>__IRQ_hookFetchPacket</name>
         <value>0x13120</value>
         <object_component_ref idref="oc-47"/>
      </symbol>
      <symbol id="sm-17b">
         <name>_MCBSP_reset</name>
         <value>0x12000</value>
         <object_component_ref idref="oc-8e"/>
      </symbol>
      <symbol id="sm-17c">
         <name>_MCBSP_open</name>
         <value>0x12700</value>
         <object_component_ref idref="oc-87"/>
      </symbol>
      <symbol id="sm-17d">
         <name>__MCBSP_hDev0</name>
         <value>0xfc08</value>
         <object_component_ref idref="oc-4e"/>
      </symbol>
      <symbol id="sm-17e">
         <name>__MCBSP_hDev1</name>
         <value>0xfc0c</value>
         <object_component_ref idref="oc-4e"/>
      </symbol>
      <symbol id="sm-17f">
         <name>_MCBSP_start</name>
         <value>0x12800</value>
         <object_component_ref idref="oc-88"/>
      </symbol>
      <symbol id="sm-18b">
         <name>_c_int00</name>
         <value>0x13000</value>
         <object_component_ref idref="oc-18"/>
      </symbol>
      <symbol id="sm-18c">
         <name>__stack</name>
         <value>0x13140</value>
         <object_component_ref idref="oc-53"/>
      </symbol>
      <symbol id="sm-19a">
         <name>_cos</name>
         <value>0x10da0</value>
         <object_component_ref idref="oc-90"/>
      </symbol>
      <symbol id="sm-1a2">
         <name>__c6xabi_divi</name>
         <value>0x125e0</value>
         <object_component_ref idref="oc-97"/>
      </symbol>
      <symbol id="sm-1a3">
         <name>__divi</name>
         <value>0x125e0</value>
         <object_component_ref idref="oc-97"/>
      </symbol>
      <symbol id="sm-1b3">
         <name>C$$EXIT</name>
         <value>0x13100</value>
         <object_component_ref idref="oc-8d"/>
      </symbol>
      <symbol id="sm-1b4">
         <name>_exit</name>
         <value>0x12ae0</value>
         <object_component_ref idref="oc-85"/>
      </symbol>
      <symbol id="sm-1b5">
         <name>___TI_enable_exit_profile_output</name>
         <value>0xfc60</value>
         <object_component_ref idref="oc-60"/>
      </symbol>
      <symbol id="sm-1b6">
         <name>_abort</name>
         <value>0x13100</value>
         <object_component_ref idref="oc-8d"/>
      </symbol>
      <symbol id="sm-1b7">
         <name>__cleanup_ptr</name>
         <value>0xfc58</value>
         <object_component_ref idref="oc-60"/>
      </symbol>
      <symbol id="sm-1b8">
         <name>__dtors_ptr</name>
         <value>0xfc5c</value>
         <object_component_ref idref="oc-60"/>
      </symbol>
      <symbol id="sm-1c2">
         <name>_modf</name>
         <value>0x12bc0</value>
         <object_component_ref idref="oc-96"/>
      </symbol>
      <symbol id="sm-1cc">
         <name>__nround</name>
         <value>0x12ca0</value>
         <object_component_ref idref="oc-95"/>
      </symbol>
      <symbol id="sm-1da">
         <name>_sin</name>
         <value>0x11100</value>
         <object_component_ref idref="oc-91"/>
      </symbol>
      <symbol id="sm-1e2">
         <name>__strasg</name>
         <value>0x12a00</value>
         <object_component_ref idref="oc-86"/>
      </symbol>
      <symbol id="sm-1ec">
         <name>__trunc</name>
         <value>0x130c0</value>
         <object_component_ref idref="oc-94"/>
      </symbol>
      <symbol id="sm-1f6">
         <name>__args_main</name>
         <value>0x13080</value>
         <object_component_ref idref="oc-84"/>
      </symbol>
      <symbol id="sm-1f7">
         <name>__TI_args_main</name>
         <value>0x1</value>
      </symbol>
      <symbol id="sm-201">
         <name>__auto_init</name>
         <value>0x12900</value>
         <object_component_ref idref="oc-83"/>
      </symbol>
      <symbol id="sm-20b">
         <name>___TI_cpp_init</name>
         <value>0x12f80</value>
         <object_component_ref idref="oc-8b"/>
      </symbol>
      <symbol id="sm-215">
         <name>_copy_in</name>
         <value>0x12d60</value>
         <object_component_ref idref="oc-89"/>
      </symbol>
      <symbol id="sm-21f">
         <name>_memcpy</name>
         <value>0x119c0</value>
         <object_component_ref idref="oc-8a"/>
      </symbol>
   </symbol_table>
</link_info>
