******************************************************************************
               TMS320C6x Linker PC v7.4.2                      
******************************************************************************
>> Linked Tue Nov 18 20:59:56 2014

OUTPUT FILE NAME:   <lab3_IIR_DF2_SOS.out>
ENTRY POINT SYMBOL: "_c_int00"  address: 00001ee0


MEMORY CONFIGURATION

         name            origin    length      used     unused   attr    fill
----------------------  --------  ---------  --------  --------  ----  --------
  VECS                  00000000   00000200  00000200  00000000  RWIX
  IRAM                  00000200   0002fe00  000028ae  0002d552  RWIX
  L2RAM                 00030000   00010000  00000000  00010000  RWIX
  EMIFCE0               80000000   10000000  00000000  10000000  RWIX
  EMIFCE1               90000000   10000000  00000000  10000000  RWIX
  EMIFCE2               a0000000   10000000  00000000  10000000  RWIX
  EMIFCE3               b0000000   10000000  00000000  10000000  RWIX


SECTION ALLOCATION MAP

 output                                  attributes/
section   page    origin      length       input sections
--------  ----  ----------  ----------   ----------------
vectors    0    00000000    00000200     
                  00000000    00000200     vectors.obj (vectors)

.pinit     0    00000200    00000000     UNINITIALIZED

.text      0    00000200    00001ec0     
                  00000200    00000500     lab3_IIR_SOS.obj (.text)
                  00000700    00000480     dsk6713bsl.lib : dsk6713.obj (.text)
                  00000b80    00000300                    : dsk6713_aic23_opencodec.obj (.text)
                  00000e80    00000240     rts6700.lib : memcpy62.obj (.text:_memcpy)
                  000010c0    00000220     lab3_IIR_SOS.obj (.text:retain)
                  000012e0    000001c0     csl6713.lib : csl_irq.obj (.text:_IRQ_map)
                  000014a0    000001a0                 : csl_mcbsp.obj (.text:_MCBSP_reset)
                  00001640    00000140     dsk6713bsl.lib : dsk6713_aic23_registers.obj (.text)
                  00001780    00000100     csl6713.lib : csl_mcbsp.obj (.text:_MCBSP_open)
                  00001880    00000100                 : csl_mcbsp.obj (.text:_MCBSP_start)
                  00001980    00000100     rts6700.lib : autoinit.obj (.text:__auto_init)
                  00001a80    000000e0                 : strasg.obj (.text:__strasg)
                  00001b60    000000e0                 : exit.obj (.text:_exit)
                  00001c40    000000c0                 : cpy_tbl.obj (.text:_copy_in)
                  00001d00    000000c0     dsk6713bsl.lib : dsk6713_aic23_setfreq.obj (.text)
                  00001dc0    000000a0     csl6713.lib : csl_irq.obj (.text:_setMux)
                  00001e60    00000080     rts6700.lib : cpp_init.obj (.text:___TI_cpp_init)
                  00001ee0    00000080                 : boot.obj (.text:_c_int00)
                  00001f60    00000040     csl6713.lib : csl_irq.obj (.text:_IRQ_enable)
                  00001fa0    00000040     rts6700.lib : args_main.obj (.text:__args_main)
                  00001fe0    00000020     csl6713.lib : csl_irq.obj (.text:_IRQ_globalDisable)
                  00002000    00000020                 : csl_irq.obj (.text:_IRQ_globalEnable)
                  00002020    00000020                 : csl_irq.obj (.text:_IRQ_nmiEnable)
                  00002040    00000020                 : csl_mcbsp.obj (.text:_MCBSP_read)
                  00002060    00000020                 : csl_mcbsp.obj (.text:_MCBSP_write)
                  00002080    00000020     rts6700.lib : exit.obj (.text:_abort)
                  000020a0    00000020     csl6713.lib : csl_irq.obj (.text)

.bss       0    00000200    00000000     UNINITIALIZED

.data      0    00000200    00000000     UNINITIALIZED

.stack     0    000020c0    00000400     UNINITIALIZED
                  000020c0    00000008     rts6700.lib : boot.obj (.stack)
                  000020c8    000003f8     --HOLE--

.far       0    000024c0    000002c2     UNINITIALIZED
                  000024c0    00000138     lab3_IIR_SOS.obj (.far)
                  000025f8    000000f4     csl6713.lib : csl_irq.obj (.far)
                  000026ec    00000038                 : csl_mcbsp.obj (.far)
                  00002724    00000028     dsk6713bsl.lib : dsk6713_aic23_registers.obj (.far)
                  0000274c    00000020                    : dsk6713_aic23_setfreq.obj (.far)
                  0000276c    0000000c     rts6700.lib : exit.obj (.far)
                  00002778    00000008     dsk6713bsl.lib : dsk6713_aic23_opencodec.obj (.far)
                  00002780    00000002                    : dsk6713.obj (.far)

.cinit     0    00002788    00000284     
                  00002788    0000012c     csl6713.lib : csl_irq.obj (.cinit)
                  000028b4    00000004     --HOLE-- [fill = 0]
                  000028b8    0000006a     lab3_IIR_SOS.obj (.cinit)
                  00002922    00000006     --HOLE-- [fill = 0]
                  00002928    00000054     csl6713.lib : csl_mcbsp.obj (.cinit)
                  0000297c    00000004     --HOLE-- [fill = 0]
                  00002980    00000030     dsk6713bsl.lib : dsk6713_aic23_registers.obj (.cinit)
                  000029b0    0000002c     rts6700.lib : exit.obj (.cinit)
                  000029dc    00000004     --HOLE-- [fill = 0]
                  000029e0    00000028     dsk6713bsl.lib : dsk6713_aic23_setfreq.obj (.cinit)
                  00002a08    00000004     --HOLE-- [fill = 0]

.const     0    00002a0c    000000a8     
                  00002a0c    00000040     dsk6713bsl.lib : dsk6713_aic23_opencodec.obj (.const)
                  00002a4c    00000021     lab3_IIR_SOS.obj (.const:_DEN)
                  00002a6d    00000003     --HOLE-- [fill = 0]
                  00002a70    00000021     lab3_IIR_SOS.obj (.const:_NUM)
                  00002a91    00000003     --HOLE-- [fill = 0]
                  00002a94    00000020     dsk6713bsl.lib : dsk6713.obj (.const)


GLOBAL SYMBOLS: SORTED ALPHABETICALLY BY Name 

address    name
--------   ----
00000200   $bss
00000200   .bss
00000200   .data
00000200   .text
00002080   C$$EXIT
00002a4c   _DEN
000025b4   _DEN_shifted
00002778   _DSK6713_AIC23_codeccontrolhandle
0000277c   _DSK6713_AIC23_codecdatahandle
00001700   _DSK6713_AIC23_config
00000b80   _DSK6713_AIC23_openCodec
000016d8   _DSK6713_AIC23_rget
00001640   _DSK6713_AIC23_rset
00001d00   _DSK6713_AIC23_setFreq
00000b14   _DSK6713_getVersion
0000074c   _DSK6713_init
00000a68   _DSK6713_rget
00000a7c   _DSK6713_rset
00002780   _DSK6713_version
00000a90   _DSK6713_wait
00000ae8   _DSK6713_waitusec
00001f60   _IRQ_enable
00001fe0   _IRQ_globalDisable
00002000   _IRQ_globalEnable
000012e0   _IRQ_map
00002020   _IRQ_nmiEnable
00001780   _MCBSP_open
00002040   _MCBSP_read
000014a0   _MCBSP_reset
00001880   _MCBSP_start
00002060   _MCBSP_write
00002a70   _NUM
00002570   _NUM_shifted
000026e4   __IRQ_dispatchTable
00002620   __IRQ_eventTable
000020a0   __IRQ_hookFetchPacket
000026a4   __IRQ_intTable
0000271c   __MCBSP_hDev0
00002720   __MCBSP_hDev1
000024c0   __STACK_END
00000400   __STACK_SIZE
00000001   __TI_args_main
00001e60   ___TI_cpp_init
00002774   ___TI_enable_exit_profile_output
ffffffff   ___TI_pprof_out_hndl
ffffffff   ___TI_prof_data_size
ffffffff   ___TI_prof_data_start
ffffffff   ___binit__
00000200   ___bss__
ffffffff   ___c_args__
00002788   ___cinit__
00000200   ___data__
00000200   ___edata__
00000200   ___end__
000020c0   ___etext__
ffffffff   ___pinit__
00000200   ___text__
00001fa0   __args_main
00001980   __auto_init
0000276c   __cleanup_ptr
00002770   __dtors_ptr
000020c0   __stack
00001a80   __strasg
00002080   _abort
00001ee0   _c_int00
000024c4   _config
00001c40   _copy_in
00001b60   _exit
000024c0   _hCodec
00000454   _lordBiquad
00000200   _main
00000e80   _memcpy
000025f6   _n
000010c0   _serialPortRcvISR
000024ec   _w
ffffffff   binit
00002788   cinit
00000200   edata
00000200   end
000020c0   etext
ffffffff   pinit


GLOBAL SYMBOLS: SORTED BY Symbol Address 

address    name
--------   ----
00000001   __TI_args_main
00000200   $bss
00000200   .bss
00000200   .data
00000200   .text
00000200   ___bss__
00000200   ___data__
00000200   ___edata__
00000200   ___end__
00000200   ___text__
00000200   _main
00000200   edata
00000200   end
00000400   __STACK_SIZE
00000454   _lordBiquad
0000074c   _DSK6713_init
00000a68   _DSK6713_rget
00000a7c   _DSK6713_rset
00000a90   _DSK6713_wait
00000ae8   _DSK6713_waitusec
00000b14   _DSK6713_getVersion
00000b80   _DSK6713_AIC23_openCodec
00000e80   _memcpy
000010c0   _serialPortRcvISR
000012e0   _IRQ_map
000014a0   _MCBSP_reset
00001640   _DSK6713_AIC23_rset
000016d8   _DSK6713_AIC23_rget
00001700   _DSK6713_AIC23_config
00001780   _MCBSP_open
00001880   _MCBSP_start
00001980   __auto_init
00001a80   __strasg
00001b60   _exit
00001c40   _copy_in
00001d00   _DSK6713_AIC23_setFreq
00001e60   ___TI_cpp_init
00001ee0   _c_int00
00001f60   _IRQ_enable
00001fa0   __args_main
00001fe0   _IRQ_globalDisable
00002000   _IRQ_globalEnable
00002020   _IRQ_nmiEnable
00002040   _MCBSP_read
00002060   _MCBSP_write
00002080   C$$EXIT
00002080   _abort
000020a0   __IRQ_hookFetchPacket
000020c0   ___etext__
000020c0   __stack
000020c0   etext
000024c0   __STACK_END
000024c0   _hCodec
000024c4   _config
000024ec   _w
00002570   _NUM_shifted
000025b4   _DEN_shifted
000025f6   _n
00002620   __IRQ_eventTable
000026a4   __IRQ_intTable
000026e4   __IRQ_dispatchTable
0000271c   __MCBSP_hDev0
00002720   __MCBSP_hDev1
0000276c   __cleanup_ptr
00002770   __dtors_ptr
00002774   ___TI_enable_exit_profile_output
00002778   _DSK6713_AIC23_codeccontrolhandle
0000277c   _DSK6713_AIC23_codecdatahandle
00002780   _DSK6713_version
00002788   ___cinit__
00002788   cinit
00002a4c   _DEN
00002a70   _NUM
ffffffff   ___TI_pprof_out_hndl
ffffffff   ___TI_prof_data_size
ffffffff   ___TI_prof_data_start
ffffffff   ___binit__
ffffffff   ___c_args__
ffffffff   ___pinit__
ffffffff   binit
ffffffff   pinit

[81 symbols]
