******************************************************************************
               TMS320C6x Linker PC v7.4.2                      
******************************************************************************
>> Linked Tue Nov 11 14:44:20 2014

OUTPUT FILE NAME:   <lab2_IIR_DF2_Single.out>
ENTRY POINT SYMBOL: "_c_int00"  address: 00001f40


MEMORY CONFIGURATION

         name            origin    length      used     unused   attr    fill
----------------------  --------  ---------  --------  --------  ----  --------
  VECS                  00000000   00000200  00000200  00000000  RWIX
  IRAM                  00000200   0002fe00  0000288a  0002d576  RWIX
  L2RAM                 00030000   00010000  00000000  00010000  RWIX
  EMIFCE0               80000000   10000000  00000000  10000000  RWIX
  EMIFCE1               90000000   10000000  00000000  10000000  RWIX
  EMIFCE2               a0000000   10000000  00000000  10000000  RWIX
  EMIFCE3               b0000000   10000000  00000000  10000000  RWIX


SECTION ALLOCATION MAP

 output                                  attributes/
section   page    origin      length       input sections
--------  ----  ----------  ----------   ----------------
vectors    0    00000000    00000200     
                  00000000    00000200     vectors.obj (vectors)

.pinit     0    00000200    00000000     UNINITIALIZED

.text      0    00000200    00001f20     
                  00000200    00000480     dsk6713bsl.lib : dsk6713.obj (.text)
                  00000680    00000340     rts6700.lib : divf.obj (.text:__divf)
                  000009c0    00000300     dsk6713bsl.lib : dsk6713_aic23_opencodec.obj (.text)
                  00000cc0    000002e0     lab2.obj (.text:retain)
                  00000fa0    00000240     rts6700.lib : memcpy62.obj (.text:_memcpy)
                  000011e0    000001c0     csl6713.lib : csl_irq.obj (.text:_IRQ_map)
                  000013a0    000001a0                 : csl_mcbsp.obj (.text:_MCBSP_reset)
                  00001540    00000160     lab2.obj (.text)
                  000016a0    00000140     dsk6713bsl.lib : dsk6713_aic23_registers.obj (.text)
                  000017e0    00000100     csl6713.lib : csl_mcbsp.obj (.text:_MCBSP_open)
                  000018e0    00000100                 : csl_mcbsp.obj (.text:_MCBSP_start)
                  000019e0    00000100     rts6700.lib : autoinit.obj (.text:__auto_init)
                  00001ae0    000000e0                 : strasg.obj (.text:__strasg)
                  00001bc0    000000e0                 : exit.obj (.text:_exit)
                  00001ca0    000000c0                 : cpy_tbl.obj (.text:_copy_in)
                  00001d60    000000c0     dsk6713bsl.lib : dsk6713_aic23_setfreq.obj (.text)
                  00001e20    000000a0     csl6713.lib : csl_irq.obj (.text:_setMux)
                  00001ec0    00000080     rts6700.lib : cpp_init.obj (.text:___TI_cpp_init)
                  00001f40    00000080                 : boot.obj (.text:_c_int00)
                  00001fc0    00000040     csl6713.lib : csl_irq.obj (.text:_IRQ_enable)
                  00002000    00000040     rts6700.lib : args_main.obj (.text:__args_main)
                  00002040    00000020     csl6713.lib : csl_irq.obj (.text:_IRQ_globalDisable)
                  00002060    00000020                 : csl_irq.obj (.text:_IRQ_globalEnable)
                  00002080    00000020                 : csl_irq.obj (.text:_IRQ_nmiEnable)
                  000020a0    00000020                 : csl_mcbsp.obj (.text:_MCBSP_read)
                  000020c0    00000020                 : csl_mcbsp.obj (.text:_MCBSP_write)
                  000020e0    00000020     rts6700.lib : exit.obj (.text:_abort)
                  00002100    00000020     csl6713.lib : csl_irq.obj (.text)

.bss       0    00000200    00000000     UNINITIALIZED

.data      0    00000200    00000000     UNINITIALIZED

.stack     0    00002120    00000400     UNINITIALIZED
                  00002120    00000008     rts6700.lib : boot.obj (.stack)
                  00002128    000003f8     --HOLE--

.cinit     0    00002520    00000264     
                  00002520    0000012c     csl6713.lib : csl_irq.obj (.cinit)
                  0000264c    00000004     --HOLE-- [fill = 0]
                  00002650    00000054                 : csl_mcbsp.obj (.cinit)
                  000026a4    00000004     --HOLE-- [fill = 0]
                  000026a8    0000004c     lab2.obj (.cinit)
                  000026f4    00000004     --HOLE-- [fill = 0]
                  000026f8    00000030     dsk6713bsl.lib : dsk6713_aic23_registers.obj (.cinit)
                  00002728    0000002c     rts6700.lib : exit.obj (.cinit)
                  00002754    00000004     --HOLE-- [fill = 0]
                  00002758    00000028     dsk6713bsl.lib : dsk6713_aic23_setfreq.obj (.cinit)
                  00002780    00000004     --HOLE-- [fill = 0]

.far       0    00002784    00000206     UNINITIALIZED
                  00002784    000000f4     csl6713.lib : csl_irq.obj (.far)
                  00002878    0000007c     lab2.obj (.far)
                  000028f4    00000038     csl6713.lib : csl_mcbsp.obj (.far)
                  0000292c    00000028     dsk6713bsl.lib : dsk6713_aic23_registers.obj (.far)
                  00002954    00000020                    : dsk6713_aic23_setfreq.obj (.far)
                  00002974    0000000c     rts6700.lib : exit.obj (.far)
                  00002980    00000008     dsk6713bsl.lib : dsk6713_aic23_opencodec.obj (.far)
                  00002988    00000002                    : dsk6713.obj (.far)

.const     0    0000298c    00000100     
                  0000298c    0000004c     lab2.obj (.const:_DEN)
                  000029d8    0000004c     lab2.obj (.const:_NUM)
                  00002a24    00000040     dsk6713bsl.lib : dsk6713_aic23_opencodec.obj (.const)
                  00002a64    00000020                    : dsk6713.obj (.const)
                  00002a84    00000008     lab2.obj (.const)


GLOBAL SYMBOLS: SORTED ALPHABETICALLY BY Name 

address    name
--------   ----
00000200   $bss
00000200   .bss
00000200   .data
00000200   .text
000020e0   C$$EXIT
0000298c   _DEN
00002a88   _DL
00002980   _DSK6713_AIC23_codeccontrolhandle
00002984   _DSK6713_AIC23_codecdatahandle
00001760   _DSK6713_AIC23_config
000009c0   _DSK6713_AIC23_openCodec
00001738   _DSK6713_AIC23_rget
000016a0   _DSK6713_AIC23_rset
00001d60   _DSK6713_AIC23_setFreq
00000614   _DSK6713_getVersion
0000024c   _DSK6713_init
00000568   _DSK6713_rget
0000057c   _DSK6713_rset
00002988   _DSK6713_version
00000590   _DSK6713_wait
000005e8   _DSK6713_waitusec
00001fc0   _IRQ_enable
00002040   _IRQ_globalDisable
00002060   _IRQ_globalEnable
000011e0   _IRQ_map
00002080   _IRQ_nmiEnable
000017e0   _MCBSP_open
000020a0   _MCBSP_read
000013a0   _MCBSP_reset
000018e0   _MCBSP_start
000020c0   _MCBSP_write
00002a84   _NL
000029d8   _NUM
00002870   __IRQ_dispatchTable
000027ac   __IRQ_eventTable
00002100   __IRQ_hookFetchPacket
00002830   __IRQ_intTable
00002924   __MCBSP_hDev0
00002928   __MCBSP_hDev1
00002520   __STACK_END
00000400   __STACK_SIZE
00000001   __TI_args_main
00001ec0   ___TI_cpp_init
0000297c   ___TI_enable_exit_profile_output
ffffffff   ___TI_pprof_out_hndl
ffffffff   ___TI_prof_data_size
ffffffff   ___TI_prof_data_start
ffffffff   ___binit__
00000200   ___bss__
ffffffff   ___c_args__
00002520   ___cinit__
00000200   ___data__
00000200   ___edata__
00000200   ___end__
00002120   ___etext__
ffffffff   ___pinit__
00000200   ___text__
00002000   __args_main
000019e0   __auto_init
00002974   __cleanup_ptr
00000680   __divf
00002978   __dtors_ptr
00002120   __stack
00001ae0   __strasg
000020e0   _abort
00001f40   _c_int00
0000287c   _config
00001ca0   _copy_in
00001bc0   _exit
00002878   _hCodec
00001540   _main
00000fa0   _memcpy
000028f0   _n
00000cc0   _serialPortRcvISR
000028a4   _u
ffffffff   binit
00002520   cinit
00000200   edata
00000200   end
00002120   etext
ffffffff   pinit


GLOBAL SYMBOLS: SORTED BY Symbol Address 

address    name
--------   ----
00000001   __TI_args_main
00000200   $bss
00000200   .bss
00000200   .data
00000200   .text
00000200   ___bss__
00000200   ___data__
00000200   ___edata__
00000200   ___end__
00000200   ___text__
00000200   edata
00000200   end
0000024c   _DSK6713_init
00000400   __STACK_SIZE
00000568   _DSK6713_rget
0000057c   _DSK6713_rset
00000590   _DSK6713_wait
000005e8   _DSK6713_waitusec
00000614   _DSK6713_getVersion
00000680   __divf
000009c0   _DSK6713_AIC23_openCodec
00000cc0   _serialPortRcvISR
00000fa0   _memcpy
000011e0   _IRQ_map
000013a0   _MCBSP_reset
00001540   _main
000016a0   _DSK6713_AIC23_rset
00001738   _DSK6713_AIC23_rget
00001760   _DSK6713_AIC23_config
000017e0   _MCBSP_open
000018e0   _MCBSP_start
000019e0   __auto_init
00001ae0   __strasg
00001bc0   _exit
00001ca0   _copy_in
00001d60   _DSK6713_AIC23_setFreq
00001ec0   ___TI_cpp_init
00001f40   _c_int00
00001fc0   _IRQ_enable
00002000   __args_main
00002040   _IRQ_globalDisable
00002060   _IRQ_globalEnable
00002080   _IRQ_nmiEnable
000020a0   _MCBSP_read
000020c0   _MCBSP_write
000020e0   C$$EXIT
000020e0   _abort
00002100   __IRQ_hookFetchPacket
00002120   ___etext__
00002120   __stack
00002120   etext
00002520   __STACK_END
00002520   ___cinit__
00002520   cinit
000027ac   __IRQ_eventTable
00002830   __IRQ_intTable
00002870   __IRQ_dispatchTable
00002878   _hCodec
0000287c   _config
000028a4   _u
000028f0   _n
00002924   __MCBSP_hDev0
00002928   __MCBSP_hDev1
00002974   __cleanup_ptr
00002978   __dtors_ptr
0000297c   ___TI_enable_exit_profile_output
00002980   _DSK6713_AIC23_codeccontrolhandle
00002984   _DSK6713_AIC23_codecdatahandle
00002988   _DSK6713_version
0000298c   _DEN
000029d8   _NUM
00002a84   _NL
00002a88   _DL
ffffffff   ___TI_pprof_out_hndl
ffffffff   ___TI_prof_data_size
ffffffff   ___TI_prof_data_start
ffffffff   ___binit__
ffffffff   ___c_args__
ffffffff   ___pinit__
ffffffff   binit
ffffffff   pinit

[81 symbols]
