******************************************************************************
               TMS320C6x Linker PC v7.4.2                      
******************************************************************************
>> Linked Tue Nov 25 15:15:36 2014

OUTPUT FILE NAME:   <lab2_IIR_DF2_Single.out>
ENTRY POINT SYMBOL: "_c_int00"  address: 00001d40


MEMORY CONFIGURATION

         name            origin    length      used     unused   attr    fill
----------------------  --------  ---------  --------  --------  ----  --------
  VECS                  00000000   00000200  00000200  00000000  RWIX
  IRAM                  00000200   0002fe00  00002652  0002d7ae  RWIX
  L2RAM                 00030000   00010000  00000000  00010000  RWIX
  EMIFCE0               80000000   10000000  00000000  10000000  RWIX
  EMIFCE1               90000000   10000000  00000000  10000000  RWIX
  EMIFCE2               a0000000   10000000  00000000  10000000  RWIX
  EMIFCE3               b0000000   10000000  00000000  10000000  RWIX


SECTION ALLOCATION MAP

 output                                  attributes/
section   page    origin      length       input sections
--------  ----  ----------  ----------   ----------------
vectors    0    00000000    00000200     
                  00000000    00000200     vectors.obj (vectors)

.pinit     0    00000200    00000000     UNINITIALIZED

.text      0    00000200    00001d20     
                  00000200    00000480     dsk6713bsl.lib : dsk6713.obj (.text)
                  00000680    00000420     lab2_IIR_Single.obj (.text:retain)
                  00000aa0    00000300     dsk6713bsl.lib : dsk6713_aic23_opencodec.obj (.text)
                  00000da0    00000240     rts6700.lib : memcpy62.obj (.text:_memcpy)
                  00000fe0    000001c0     csl6713.lib : csl_irq.obj (.text:_IRQ_map)
                  000011a0    000001a0                 : csl_mcbsp.obj (.text:_MCBSP_reset)
                  00001340    00000160     lab2_IIR_Single.obj (.text)
                  000014a0    00000140     dsk6713bsl.lib : dsk6713_aic23_registers.obj (.text)
                  000015e0    00000100     csl6713.lib : csl_mcbsp.obj (.text:_MCBSP_open)
                  000016e0    00000100                 : csl_mcbsp.obj (.text:_MCBSP_start)
                  000017e0    00000100     rts6700.lib : autoinit.obj (.text:__auto_init)
                  000018e0    000000e0                 : strasg.obj (.text:__strasg)
                  000019c0    000000e0                 : exit.obj (.text:_exit)
                  00001aa0    000000c0                 : cpy_tbl.obj (.text:_copy_in)
                  00001b60    000000c0     dsk6713bsl.lib : dsk6713_aic23_setfreq.obj (.text)
                  00001c20    000000a0     csl6713.lib : csl_irq.obj (.text:_setMux)
                  00001cc0    00000080     rts6700.lib : cpp_init.obj (.text:___TI_cpp_init)
                  00001d40    00000080                 : boot.obj (.text:_c_int00)
                  00001dc0    00000040     csl6713.lib : csl_irq.obj (.text:_IRQ_enable)
                  00001e00    00000040     rts6700.lib : args_main.obj (.text:__args_main)
                  00001e40    00000020     csl6713.lib : csl_irq.obj (.text:_IRQ_globalDisable)
                  00001e60    00000020                 : csl_irq.obj (.text:_IRQ_globalEnable)
                  00001e80    00000020                 : csl_irq.obj (.text:_IRQ_nmiEnable)
                  00001ea0    00000020                 : csl_mcbsp.obj (.text:_MCBSP_read)
                  00001ec0    00000020                 : csl_mcbsp.obj (.text:_MCBSP_write)
                  00001ee0    00000020     rts6700.lib : exit.obj (.text:_abort)
                  00001f00    00000020     csl6713.lib : csl_irq.obj (.text)

.bss       0    00000200    00000000     UNINITIALIZED

.data      0    00000200    00000000     UNINITIALIZED

.stack     0    00001f20    00000400     UNINITIALIZED
                  00001f20    00000008     rts6700.lib : boot.obj (.stack)
                  00001f28    000003f8     --HOLE--

.cinit     0    00002320    00000284     
                  00002320    0000012c     csl6713.lib : csl_irq.obj (.cinit)
                  0000244c    00000004     --HOLE-- [fill = 0]
                  00002450    0000006c     lab2_IIR_Single.obj (.cinit)
                  000024bc    00000004     --HOLE-- [fill = 0]
                  000024c0    00000054     csl6713.lib : csl_mcbsp.obj (.cinit)
                  00002514    00000004     --HOLE-- [fill = 0]
                  00002518    00000030     dsk6713bsl.lib : dsk6713_aic23_registers.obj (.cinit)
                  00002548    0000002c     rts6700.lib : exit.obj (.cinit)
                  00002574    00000004     --HOLE-- [fill = 0]
                  00002578    00000028     dsk6713bsl.lib : dsk6713_aic23_setfreq.obj (.cinit)
                  000025a0    00000004     --HOLE-- [fill = 0]

.far       0    000025a4    000001ee     UNINITIALIZED
                  000025a4    000000f4     csl6713.lib : csl_irq.obj (.far)
                  00002698    00000064     lab2_IIR_Single.obj (.far)
                  000026fc    00000038     csl6713.lib : csl_mcbsp.obj (.far)
                  00002734    00000028     dsk6713bsl.lib : dsk6713_aic23_registers.obj (.far)
                  0000275c    00000020                    : dsk6713_aic23_setfreq.obj (.far)
                  0000277c    0000000c     rts6700.lib : exit.obj (.far)
                  00002788    00000008     dsk6713bsl.lib : dsk6713_aic23_opencodec.obj (.far)
                  00002790    00000002                    : dsk6713.obj (.far)

.const     0    00002794    000000c0     
                  00002794    00000040     dsk6713bsl.lib : dsk6713_aic23_opencodec.obj (.const)
                  000027d4    0000002c     lab2_IIR_Single.obj (.const:_DEN)
                  00002800    0000002c     lab2_IIR_Single.obj (.const:_NUM)
                  0000282c    00000020     dsk6713bsl.lib : dsk6713.obj (.const)
                  0000284c    00000008     lab2_IIR_Single.obj (.const)


GLOBAL SYMBOLS: SORTED ALPHABETICALLY BY Name 

address    name
--------   ----
00000200   $bss
00000200   .bss
00000200   .data
00000200   .text
00001ee0   C$$EXIT
000027d4   _DEN
00002850   _DL
00002788   _DSK6713_AIC23_codeccontrolhandle
0000278c   _DSK6713_AIC23_codecdatahandle
00001560   _DSK6713_AIC23_config
00000aa0   _DSK6713_AIC23_openCodec
00001538   _DSK6713_AIC23_rget
000014a0   _DSK6713_AIC23_rset
00001b60   _DSK6713_AIC23_setFreq
00000614   _DSK6713_getVersion
0000024c   _DSK6713_init
00000568   _DSK6713_rget
0000057c   _DSK6713_rset
00002790   _DSK6713_version
00000590   _DSK6713_wait
000005e8   _DSK6713_waitusec
00001dc0   _IRQ_enable
00001e40   _IRQ_globalDisable
00001e60   _IRQ_globalEnable
00000fe0   _IRQ_map
00001e80   _IRQ_nmiEnable
000015e0   _MCBSP_open
00001ea0   _MCBSP_read
000011a0   _MCBSP_reset
000016e0   _MCBSP_start
00001ec0   _MCBSP_write
0000284c   _NL
00002800   _NUM
00002690   __IRQ_dispatchTable
000025cc   __IRQ_eventTable
00001f00   __IRQ_hookFetchPacket
00002650   __IRQ_intTable
0000272c   __MCBSP_hDev0
00002730   __MCBSP_hDev1
00002320   __STACK_END
00000400   __STACK_SIZE
00000001   __TI_args_main
00001cc0   ___TI_cpp_init
00002784   ___TI_enable_exit_profile_output
ffffffff   ___TI_pprof_out_hndl
ffffffff   ___TI_prof_data_size
ffffffff   ___TI_prof_data_start
ffffffff   ___binit__
00000200   ___bss__
ffffffff   ___c_args__
00002320   ___cinit__
00000200   ___data__
00000200   ___edata__
00000200   ___end__
00001f20   ___etext__
ffffffff   ___pinit__
00000200   ___text__
00001e00   __args_main
000017e0   __auto_init
0000277c   __cleanup_ptr
00002780   __dtors_ptr
00001f20   __stack
000018e0   __strasg
00001ee0   _abort
00001d40   _c_int00
0000269c   _config
00001aa0   _copy_in
000019c0   _exit
00002698   _hCodec
00001340   _main
000026f4   _maxIntermediate
000026f8   _maxMin
00000da0   _memcpy
000026f0   _n
00000680   _serialPortRcvISR
000026c4   _w
ffffffff   binit
00002320   cinit
00000200   edata
00000200   end
00001f20   etext
ffffffff   pinit


GLOBAL SYMBOLS: SORTED BY Symbol Address 

address    name
--------   ----
00000001   __TI_args_main
00000200   $bss
00000200   .bss
00000200   .data
00000200   .text
00000200   ___bss__
00000200   ___data__
00000200   ___edata__
00000200   ___end__
00000200   ___text__
00000200   edata
00000200   end
0000024c   _DSK6713_init
00000400   __STACK_SIZE
00000568   _DSK6713_rget
0000057c   _DSK6713_rset
00000590   _DSK6713_wait
000005e8   _DSK6713_waitusec
00000614   _DSK6713_getVersion
00000680   _serialPortRcvISR
00000aa0   _DSK6713_AIC23_openCodec
00000da0   _memcpy
00000fe0   _IRQ_map
000011a0   _MCBSP_reset
00001340   _main
000014a0   _DSK6713_AIC23_rset
00001538   _DSK6713_AIC23_rget
00001560   _DSK6713_AIC23_config
000015e0   _MCBSP_open
000016e0   _MCBSP_start
000017e0   __auto_init
000018e0   __strasg
000019c0   _exit
00001aa0   _copy_in
00001b60   _DSK6713_AIC23_setFreq
00001cc0   ___TI_cpp_init
00001d40   _c_int00
00001dc0   _IRQ_enable
00001e00   __args_main
00001e40   _IRQ_globalDisable
00001e60   _IRQ_globalEnable
00001e80   _IRQ_nmiEnable
00001ea0   _MCBSP_read
00001ec0   _MCBSP_write
00001ee0   C$$EXIT
00001ee0   _abort
00001f00   __IRQ_hookFetchPacket
00001f20   ___etext__
00001f20   __stack
00001f20   etext
00002320   __STACK_END
00002320   ___cinit__
00002320   cinit
000025cc   __IRQ_eventTable
00002650   __IRQ_intTable
00002690   __IRQ_dispatchTable
00002698   _hCodec
0000269c   _config
000026c4   _w
000026f0   _n
000026f4   _maxIntermediate
000026f8   _maxMin
0000272c   __MCBSP_hDev0
00002730   __MCBSP_hDev1
0000277c   __cleanup_ptr
00002780   __dtors_ptr
00002784   ___TI_enable_exit_profile_output
00002788   _DSK6713_AIC23_codeccontrolhandle
0000278c   _DSK6713_AIC23_codecdatahandle
00002790   _DSK6713_version
000027d4   _DEN
00002800   _NUM
0000284c   _NL
00002850   _DL
ffffffff   ___TI_pprof_out_hndl
ffffffff   ___TI_prof_data_size
ffffffff   ___TI_prof_data_start
ffffffff   ___binit__
ffffffff   ___c_args__
ffffffff   ___pinit__
ffffffff   binit
ffffffff   pinit

[82 symbols]
