******************************************************************************
               TMS320C6x Linker PC v7.4.2                      
******************************************************************************
>> Linked Wed Dec 10 21:42:42 2014

OUTPUT FILE NAME:   <lab5_FIR_FxF.out>
ENTRY POINT SYMBOL: "_c_int00"  address: 00012e60


MEMORY CONFIGURATION

         name            origin    length      used     unused   attr    fill
----------------------  --------  ---------  --------  --------  ----  --------
  VECS                  00000000   00000200  00000200  00000000  RWIX
  IRAM                  00000200   0002fe00  00013692  0001c76e  RWIX
  L2RAM                 00030000   00010000  00000000  00010000  RWIX
  EMIFCE0               80000000   10000000  00000000  10000000  RWIX
  EMIFCE1               90000000   10000000  00000000  10000000  RWIX
  EMIFCE2               a0000000   10000000  00000000  10000000  RWIX
  EMIFCE3               b0000000   10000000  00000000  10000000  RWIX


SECTION ALLOCATION MAP

 output                                  attributes/
section   page    origin      length       input sections
--------  ----  ----------  ----------   ----------------
vectors    0    00000000    00000200     
                  00000000    00000200     vectors.obj (vectors)

.pinit     0    00000200    00000000     UNINITIALIZED

.bss       0    00000200    00000000     UNINITIALIZED

.data      0    00000200    00000000     UNINITIALIZED

.far       0    00000200    0000fa6e     UNINITIALIZED
                  00000200    0000f864     lab5_FIR_FxF.obj (.far)
                  0000fa64    000000f4     csl6713.lib : csl_irq.obj (.far)
                  0000fb58    00000040     rts6700.lib : cos.obj (.far)
                  0000fb98    00000040                 : sin.obj (.far)
                  0000fbd8    00000038     csl6713.lib : csl_mcbsp.obj (.far)
                  0000fc10    00000028     dsk6713bsl.lib : dsk6713_aic23_registers.obj (.far)
                  0000fc38    00000020                    : dsk6713_aic23_setfreq.obj (.far)
                  0000fc58    0000000c     rts6700.lib : exit.obj (.far)
                  0000fc64    00000008     dsk6713bsl.lib : dsk6713_aic23_opencodec.obj (.far)
                  0000fc6c    00000002                    : dsk6713.obj (.far)

.text      0    0000fc80    00003320     
                  0000fc80    00000b00     lab5_FIR_FxF.obj (.text)
                  00010780    00000480     dsk6713bsl.lib : dsk6713.obj (.text)
                  00010c00    00000360     rts6700.lib : cos.obj (.text:_cos)
                  00010f60    00000340                 : sin.obj (.text:_sin)
                  000112a0    00000300     dsk6713bsl.lib : dsk6713_aic23_opencodec.obj (.text)
                  000115a0    00000280     cfftr2_dit.obj (.text)
                  00011820    00000240     rts6700.lib : memcpy62.obj (.text:_memcpy)
                  00011a60    00000240     lab5_FIR_FxF.obj (.text:retain)
                  00011ca0    000001c0     csl6713.lib : csl_irq.obj (.text:_IRQ_map)
                  00011e60    000001a0                 : csl_mcbsp.obj (.text:_MCBSP_reset)
                  00012000    000001a0     bitrev.obj (.text)
                  000121a0    00000160     digitrev_index.obj (.text)
                  00012300    00000140     dsk6713bsl.lib : dsk6713_aic23_registers.obj (.text)
                  00012440    00000120     rts6700.lib : divi.obj (.text:__divi)
                  00012560    00000100     csl6713.lib : csl_mcbsp.obj (.text:_MCBSP_open)
                  00012660    00000100                 : csl_mcbsp.obj (.text:_MCBSP_start)
                  00012760    00000100     rts6700.lib : autoinit.obj (.text:__auto_init)
                  00012860    000000e0                 : strasg.obj (.text:__strasg)
                  00012940    000000e0                 : exit.obj (.text:_exit)
                  00012a20    000000e0                 : modf.obj (.text:_modf)
                  00012b00    000000c0                 : round.obj (.text:__nround)
                  00012bc0    000000c0                 : cpy_tbl.obj (.text:_copy_in)
                  00012c80    000000c0     dsk6713bsl.lib : dsk6713_aic23_setfreq.obj (.text)
                  00012d40    000000a0     csl6713.lib : csl_irq.obj (.text:_setMux)
                  00012de0    00000080     rts6700.lib : cpp_init.obj (.text:___TI_cpp_init)
                  00012e60    00000080                 : boot.obj (.text:_c_int00)
                  00012ee0    00000040                 : args_main.obj (.text:__args_main)
                  00012f20    00000040                 : trunc.obj (.text:__trunc)
                  00012f60    00000020                 : exit.obj (.text:_abort)
                  00012f80    00000020     csl6713.lib : csl_irq.obj (.text)

.stack     0    00012fa0    00000400     UNINITIALIZED
                  00012fa0    00000008     rts6700.lib : boot.obj (.stack)
                  00012fa8    000003f8     --HOLE--

.cinit     0    000133a0    000003d4     
                  000133a0    0000012c     csl6713.lib : csl_irq.obj (.cinit)
                  000134cc    00000004     --HOLE-- [fill = 0]
                  000134d0    0000012c     lab5_FIR_FxF.obj (.cinit)
                  000135fc    00000004     --HOLE-- [fill = 0]
                  00013600    00000054     csl6713.lib : csl_mcbsp.obj (.cinit)
                  00013654    00000004     --HOLE-- [fill = 0]
                  00013658    00000048     rts6700.lib : cos.obj (.cinit)
                  000136a0    00000048                 : sin.obj (.cinit)
                  000136e8    00000030     dsk6713bsl.lib : dsk6713_aic23_registers.obj (.cinit)
                  00013718    0000002c     rts6700.lib : exit.obj (.cinit)
                  00013744    00000004     --HOLE-- [fill = 0]
                  00013748    00000028     dsk6713bsl.lib : dsk6713_aic23_setfreq.obj (.cinit)
                  00013770    00000004     --HOLE-- [fill = 0]

.const     0    00013774    00000130     
                  00013774    000000cc     lab5_FIR_FxF.obj (.const:_B)
                  00013840    00000040     dsk6713bsl.lib : dsk6713_aic23_opencodec.obj (.const)
                  00013880    00000020                    : dsk6713.obj (.const)
                  000138a0    00000004     lab5_FIR_FxF.obj (.const)


GLOBAL SYMBOLS: SORTED ALPHABETICALLY BY Name 

address    name
--------   ----
00000200   $bss
00000200   .bss
00000200   .data
0000fc80   .text
00012f60   C$$EXIT
00013774   _B
000138a0   _BL
0000fa5c   _DELTA
0000fc64   _DSK6713_AIC23_codeccontrolhandle
0000fc68   _DSK6713_AIC23_codecdatahandle
000123c0   _DSK6713_AIC23_config
000112a0   _DSK6713_AIC23_openCodec
00012398   _DSK6713_AIC23_rget
00012300   _DSK6713_AIC23_rset
00012c80   _DSK6713_AIC23_setFreq
00010b94   _DSK6713_getVersion
000107cc   _DSK6713_init
00010ae8   _DSK6713_rget
00010afc   _DSK6713_rset
0000fc6c   _DSK6713_version
00010b10   _DSK6713_wait
00010b68   _DSK6713_waitusec
00011ca0   _IRQ_map
00012560   _MCBSP_open
00011e60   _MCBSP_reset
00012660   _MCBSP_start
00000230   _PING
000020a0   _PONG
0000a0b0   _V
00009f20   _Z
0000fb50   __IRQ_dispatchTable
0000fa8c   __IRQ_eventTable
00012f80   __IRQ_hookFetchPacket
0000fb10   __IRQ_intTable
0000fc08   __MCBSP_hDev0
0000fc0c   __MCBSP_hDev1
000133a0   __STACK_END
00000400   __STACK_SIZE
00000001   __TI_args_main
00012de0   ___TI_cpp_init
0000fc60   ___TI_enable_exit_profile_output
ffffffff   ___TI_pprof_out_hndl
ffffffff   ___TI_prof_data_size
ffffffff   ___TI_prof_data_start
ffffffff   ___binit__
00000200   ___bss__
ffffffff   ___c_args__
000133a0   ___cinit__
00000200   ___data__
00000200   ___edata__
00000200   ___end__
00012fa0   ___etext__
ffffffff   ___pinit__
0000fc80   ___text__
00012ee0   __args_main
00012760   __auto_init
00012440   __c6xabi_divi
0000fc58   __cleanup_ptr
00012440   __divi
0000fc5c   __dtors_ptr
00012b00   __nround
00012fa0   __stack
00012860   __strasg
00012f20   __trunc
00012f60   _abort
00012000   _bitrev
00012e60   _c_int00
000115a0   _cfftr2_dit
00000204   _config
00012bc0   _copy_in
00010c00   _cos
000121a0   _digitrev_index
00012940   _exit
00003f20   _h
00000200   _hCodec
0000fc80   _init
0000ee58   _iw
0000f258   _ix
0000fa58   _lflag
000101fc   _main
00011820   _memcpy
00012a20   _modf
0000fa60   _n
0000cfe8   _outputPING
0000df20   _outputPONG
00003f10   _pingFlag
00003f14   _pingIndex
00005f20   _pingU
00003f11   _pongFlag
00003f18   _pongIndex
00007f20   _pongU
00011a60   _serialPortRcvISR
00010f60   _sin
0000c0b0   _w
ffffffff   binit
000133a0   cinit
00000200   edata
00000200   end
00012fa0   etext
ffffffff   pinit


GLOBAL SYMBOLS: SORTED BY Symbol Address 

address    name
--------   ----
00000001   __TI_args_main
00000200   $bss
00000200   .bss
00000200   .data
00000200   ___bss__
00000200   ___data__
00000200   ___edata__
00000200   ___end__
00000200   _hCodec
00000200   edata
00000200   end
00000204   _config
00000230   _PING
00000400   __STACK_SIZE
000020a0   _PONG
00003f10   _pingFlag
00003f11   _pongFlag
00003f14   _pingIndex
00003f18   _pongIndex
00003f20   _h
00005f20   _pingU
00007f20   _pongU
00009f20   _Z
0000a0b0   _V
0000c0b0   _w
0000cfe8   _outputPING
0000df20   _outputPONG
0000ee58   _iw
0000f258   _ix
0000fa58   _lflag
0000fa5c   _DELTA
0000fa60   _n
0000fa8c   __IRQ_eventTable
0000fb10   __IRQ_intTable
0000fb50   __IRQ_dispatchTable
0000fc08   __MCBSP_hDev0
0000fc0c   __MCBSP_hDev1
0000fc58   __cleanup_ptr
0000fc5c   __dtors_ptr
0000fc60   ___TI_enable_exit_profile_output
0000fc64   _DSK6713_AIC23_codeccontrolhandle
0000fc68   _DSK6713_AIC23_codecdatahandle
0000fc6c   _DSK6713_version
0000fc80   .text
0000fc80   ___text__
0000fc80   _init
000101fc   _main
000107cc   _DSK6713_init
00010ae8   _DSK6713_rget
00010afc   _DSK6713_rset
00010b10   _DSK6713_wait
00010b68   _DSK6713_waitusec
00010b94   _DSK6713_getVersion
00010c00   _cos
00010f60   _sin
000112a0   _DSK6713_AIC23_openCodec
000115a0   _cfftr2_dit
00011820   _memcpy
00011a60   _serialPortRcvISR
00011ca0   _IRQ_map
00011e60   _MCBSP_reset
00012000   _bitrev
000121a0   _digitrev_index
00012300   _DSK6713_AIC23_rset
00012398   _DSK6713_AIC23_rget
000123c0   _DSK6713_AIC23_config
00012440   __c6xabi_divi
00012440   __divi
00012560   _MCBSP_open
00012660   _MCBSP_start
00012760   __auto_init
00012860   __strasg
00012940   _exit
00012a20   _modf
00012b00   __nround
00012bc0   _copy_in
00012c80   _DSK6713_AIC23_setFreq
00012de0   ___TI_cpp_init
00012e60   _c_int00
00012ee0   __args_main
00012f20   __trunc
00012f60   C$$EXIT
00012f60   _abort
00012f80   __IRQ_hookFetchPacket
00012fa0   ___etext__
00012fa0   __stack
00012fa0   etext
000133a0   __STACK_END
000133a0   ___cinit__
000133a0   cinit
00013774   _B
000138a0   _BL
ffffffff   ___TI_pprof_out_hndl
ffffffff   ___TI_prof_data_size
ffffffff   ___TI_prof_data_start
ffffffff   ___binit__
ffffffff   ___c_args__
ffffffff   ___pinit__
ffffffff   binit
ffffffff   pinit

[100 symbols]
