******************************************************************************
               TMS320C6x Linker PC v7.4.2                      
******************************************************************************
>> Linked Mon Dec 08 22:22:44 2014

OUTPUT FILE NAME:   <lab5_FIR_FxF.out>
ENTRY POINT SYMBOL: "_c_int00"  address: 0000fca0


MEMORY CONFIGURATION

         name            origin    length      used     unused   attr    fill
----------------------  --------  ---------  --------  --------  ----  --------
  VECS                  00000000   00000200  00000200  00000000  RWIX
  IRAM                  00000200   0002fe00  00010498  0001f968  RWIX
  L2RAM                 00030000   00010000  00000000  00010000  RWIX
  EMIFCE0               80000000   10000000  00000000  10000000  RWIX
  EMIFCE1               90000000   10000000  00000000  10000000  RWIX
  EMIFCE2               a0000000   10000000  00000000  10000000  RWIX
  EMIFCE3               b0000000   10000000  00000000  10000000  RWIX


SECTION ALLOCATION MAP

 output                                  attributes/
section   page    origin      length       input sections
--------  ----  ----------  ----------   ----------------
vectors    0    00000000    00000200     
                  00000000    00000200     vectors.obj (vectors)

.pinit     0    00000200    00000000     UNINITIALIZED

.bss       0    00000200    00000000     UNINITIALIZED

.data      0    00000200    00000000     UNINITIALIZED

.far       0    00000200    0000cb24     UNINITIALIZED
                  00000200    0000c916     lab5_FIR_FxF.obj (.far)
                  0000cb16    00000002     dsk6713bsl.lib : dsk6713.obj (.far)
                  0000cb18    000000f4     csl6713.lib : csl_irq.obj (.far)
                  0000cc0c    00000004     --HOLE--
                  0000cc10    00000040     rts6700.lib : cos.obj (.far)
                  0000cc50    00000040                 : sin.obj (.far)
                  0000cc90    00000038     csl6713.lib : csl_mcbsp.obj (.far)
                  0000ccc8    00000028     dsk6713bsl.lib : dsk6713_aic23_registers.obj (.far)
                  0000ccf0    00000020                    : dsk6713_aic23_setfreq.obj (.far)
                  0000cd10    0000000c     rts6700.lib : exit.obj (.far)
                  0000cd1c    00000008     dsk6713bsl.lib : dsk6713_aic23_opencodec.obj (.far)

.text      0    0000cd40    000030a0     
                  0000cd40    000009a0     lab5_FIR_FxF.obj (.text)
                  0000d6e0    00000480     dsk6713bsl.lib : dsk6713.obj (.text)
                  0000db60    00000360     rts6700.lib : cos.obj (.text:_cos)
                  0000dec0    00000340                 : sin.obj (.text:_sin)
                  0000e200    00000300     dsk6713bsl.lib : dsk6713_aic23_opencodec.obj (.text)
                  0000e500    00000280     cfftr2_dit.obj (.text)
                  0000e780    00000240     rts6700.lib : memcpy62.obj (.text:_memcpy)
                  0000e9c0    000001c0     csl6713.lib : csl_irq.obj (.text:_IRQ_map)
                  0000eb80    000001a0                 : csl_mcbsp.obj (.text:_MCBSP_reset)
                  0000ed20    000001a0     bitrev.obj (.text)
                  0000eec0    00000160     digitrev_index.obj (.text)
                  0000f020    00000140     dsk6713bsl.lib : dsk6713_aic23_registers.obj (.text)
                  0000f160    00000120     rts6700.lib : divi.obj (.text:__divi)
                  0000f280    00000120     lab5_FIR_FxF.obj (.text:retain)
                  0000f3a0    00000100     csl6713.lib : csl_mcbsp.obj (.text:_MCBSP_open)
                  0000f4a0    00000100                 : csl_mcbsp.obj (.text:_MCBSP_start)
                  0000f5a0    00000100     rts6700.lib : autoinit.obj (.text:__auto_init)
                  0000f6a0    000000e0                 : strasg.obj (.text:__strasg)
                  0000f780    000000e0                 : exit.obj (.text:_exit)
                  0000f860    000000e0                 : modf.obj (.text:_modf)
                  0000f940    000000c0                 : round.obj (.text:__nround)
                  0000fa00    000000c0                 : cpy_tbl.obj (.text:_copy_in)
                  0000fac0    000000c0     dsk6713bsl.lib : dsk6713_aic23_setfreq.obj (.text)
                  0000fb80    000000a0     csl6713.lib : csl_irq.obj (.text:_setMux)
                  0000fc20    00000080     rts6700.lib : cpp_init.obj (.text:___TI_cpp_init)
                  0000fca0    00000080                 : boot.obj (.text:_c_int00)
                  0000fd20    00000040                 : args_main.obj (.text:__args_main)
                  0000fd60    00000040                 : trunc.obj (.text:__trunc)
                  0000fda0    00000020                 : exit.obj (.text:_abort)
                  0000fdc0    00000020     csl6713.lib : csl_irq.obj (.text)

.stack     0    0000fde0    00000400     UNINITIALIZED
                  0000fde0    00000008     rts6700.lib : boot.obj (.stack)
                  0000fde8    000003f8     --HOLE--

.cinit     0    000101e0    000003a4     
                  000101e0    0000012c     csl6713.lib : csl_irq.obj (.cinit)
                  0001030c    00000004     --HOLE-- [fill = 0]
                  00010310    000000fa     lab5_FIR_FxF.obj (.cinit)
                  0001040a    00000006     --HOLE-- [fill = 0]
                  00010410    00000054     csl6713.lib : csl_mcbsp.obj (.cinit)
                  00010464    00000004     --HOLE-- [fill = 0]
                  00010468    00000048     rts6700.lib : cos.obj (.cinit)
                  000104b0    00000048                 : sin.obj (.cinit)
                  000104f8    00000030     dsk6713bsl.lib : dsk6713_aic23_registers.obj (.cinit)
                  00010528    0000002c     rts6700.lib : exit.obj (.cinit)
                  00010554    00000004     --HOLE-- [fill = 0]
                  00010558    00000028     dsk6713bsl.lib : dsk6713_aic23_setfreq.obj (.cinit)
                  00010580    00000004     --HOLE-- [fill = 0]

.const     0    00010584    00000130     
                  00010584    000000cc     lab5_FIR_FxF.obj (.const:_B)
                  00010650    00000040     dsk6713bsl.lib : dsk6713_aic23_opencodec.obj (.const)
                  00010690    00000020                    : dsk6713.obj (.const)
                  000106b0    00000004     lab5_FIR_FxF.obj (.const)


GLOBAL SYMBOLS: SORTED ALPHABETICALLY BY Name 

address    name
--------   ----
00000200   $bss
00000200   .bss
00000200   .data
0000cd40   .text
0000fda0   C$$EXIT
00010584   _B
000106b0   _BL
0000cb10   _DELTA
0000cd1c   _DSK6713_AIC23_codeccontrolhandle
0000cd20   _DSK6713_AIC23_codecdatahandle
0000f0e0   _DSK6713_AIC23_config
0000e200   _DSK6713_AIC23_openCodec
0000f0b8   _DSK6713_AIC23_rget
0000f020   _DSK6713_AIC23_rset
0000fac0   _DSK6713_AIC23_setFreq
0000daf4   _DSK6713_getVersion
0000d72c   _DSK6713_init
0000da48   _DSK6713_rget
0000da5c   _DSK6713_rset
0000cb16   _DSK6713_version
0000da70   _DSK6713_wait
0000dac8   _DSK6713_waitusec
0000e9c0   _IRQ_map
0000f3a0   _MCBSP_open
0000eb80   _MCBSP_reset
0000f4a0   _MCBSP_start
0000022c   _PING
0000209c   _PONG
00009f10   _Z
0000cc04   __IRQ_dispatchTable
0000cb40   __IRQ_eventTable
0000fdc0   __IRQ_hookFetchPacket
0000cbc4   __IRQ_intTable
0000ccc0   __MCBSP_hDev0
0000ccc4   __MCBSP_hDev1
000101e0   __STACK_END
00000400   __STACK_SIZE
00000001   __TI_args_main
0000fc20   ___TI_cpp_init
0000cd18   ___TI_enable_exit_profile_output
ffffffff   ___TI_pprof_out_hndl
ffffffff   ___TI_prof_data_size
ffffffff   ___TI_prof_data_start
ffffffff   ___binit__
00000200   ___bss__
ffffffff   ___c_args__
000101e0   ___cinit__
00000200   ___data__
00000200   ___edata__
00000200   ___end__
0000fde0   ___etext__
ffffffff   ___pinit__
0000cd40   ___text__
0000fd20   __args_main
0000f5a0   __auto_init
0000f160   __c6xabi_divi
0000cd10   __cleanup_ptr
0000f160   __divi
0000cd14   __dtors_ptr
0000f940   __nround
0000fde0   __stack
0000f6a0   __strasg
0000fd60   __trunc
0000fda0   _abort
0000ed20   _bitrev
0000fca0   _c_int00
0000e500   _cfftr2_dit
00000204   _config
0000fa00   _copy_in
0000db60   _cos
0000eec0   _digitrev_index
0000f780   _exit
00003f10   _h
00000200   _hCodec
0000bf10   _iw
0000c310   _ix
0000cd40   _main
0000e780   _memcpy
0000f860   _modf
0000cb14   _n
0000afd8   _output
00003f0c   _pingFlag
00003f0e   _pingIndex
00005f10   _pingU
00003f0d   _pongFlag
00003f0f   _pongIndex
00007f10   _pongU
0000f280   _serialPortRcvISR
0000dec0   _sin
0000a0a0   _w
ffffffff   binit
000101e0   cinit
00000200   edata
00000200   end
0000fde0   etext
ffffffff   pinit


GLOBAL SYMBOLS: SORTED BY Symbol Address 

address    name
--------   ----
00000001   __TI_args_main
00000200   $bss
00000200   .bss
00000200   .data
00000200   ___bss__
00000200   ___data__
00000200   ___edata__
00000200   ___end__
00000200   _hCodec
00000200   edata
00000200   end
00000204   _config
0000022c   _PING
00000400   __STACK_SIZE
0000209c   _PONG
00003f0c   _pingFlag
00003f0d   _pongFlag
00003f0e   _pingIndex
00003f0f   _pongIndex
00003f10   _h
00005f10   _pingU
00007f10   _pongU
00009f10   _Z
0000a0a0   _w
0000afd8   _output
0000bf10   _iw
0000c310   _ix
0000cb10   _DELTA
0000cb14   _n
0000cb16   _DSK6713_version
0000cb40   __IRQ_eventTable
0000cbc4   __IRQ_intTable
0000cc04   __IRQ_dispatchTable
0000ccc0   __MCBSP_hDev0
0000ccc4   __MCBSP_hDev1
0000cd10   __cleanup_ptr
0000cd14   __dtors_ptr
0000cd18   ___TI_enable_exit_profile_output
0000cd1c   _DSK6713_AIC23_codeccontrolhandle
0000cd20   _DSK6713_AIC23_codecdatahandle
0000cd40   .text
0000cd40   ___text__
0000cd40   _main
0000d72c   _DSK6713_init
0000da48   _DSK6713_rget
0000da5c   _DSK6713_rset
0000da70   _DSK6713_wait
0000dac8   _DSK6713_waitusec
0000daf4   _DSK6713_getVersion
0000db60   _cos
0000dec0   _sin
0000e200   _DSK6713_AIC23_openCodec
0000e500   _cfftr2_dit
0000e780   _memcpy
0000e9c0   _IRQ_map
0000eb80   _MCBSP_reset
0000ed20   _bitrev
0000eec0   _digitrev_index
0000f020   _DSK6713_AIC23_rset
0000f0b8   _DSK6713_AIC23_rget
0000f0e0   _DSK6713_AIC23_config
0000f160   __c6xabi_divi
0000f160   __divi
0000f280   _serialPortRcvISR
0000f3a0   _MCBSP_open
0000f4a0   _MCBSP_start
0000f5a0   __auto_init
0000f6a0   __strasg
0000f780   _exit
0000f860   _modf
0000f940   __nround
0000fa00   _copy_in
0000fac0   _DSK6713_AIC23_setFreq
0000fc20   ___TI_cpp_init
0000fca0   _c_int00
0000fd20   __args_main
0000fd60   __trunc
0000fda0   C$$EXIT
0000fda0   _abort
0000fdc0   __IRQ_hookFetchPacket
0000fde0   ___etext__
0000fde0   __stack
0000fde0   etext
000101e0   __STACK_END
000101e0   ___cinit__
000101e0   cinit
00010584   _B
000106b0   _BL
ffffffff   ___TI_pprof_out_hndl
ffffffff   ___TI_prof_data_size
ffffffff   ___TI_prof_data_start
ffffffff   ___binit__
ffffffff   ___c_args__
ffffffff   ___pinit__
ffffffff   binit
ffffffff   pinit

[96 symbols]
