******************************************************************************
               TMS320C6x Linker PC v7.4.2                      
******************************************************************************
>> Linked Tue Dec 02 21:56:16 2014

OUTPUT FILE NAME:   <lab4_IIR_DF2.out>
ENTRY POINT SYMBOL: "_c_int00"  address: 000096c0


MEMORY CONFIGURATION

         name            origin    length      used     unused   attr    fill
----------------------  --------  ---------  --------  --------  ----  --------
  VECS                  00000000   00000200  00000200  00000000  RWIX
  IRAM                  00000200   0002fe00  0000ae16  00024fea  RWIX
  L2RAM                 00030000   00010000  00000000  00010000  RWIX
  EMIFCE0               80000000   10000000  00000000  10000000  RWIX
  EMIFCE1               90000000   10000000  00000000  10000000  RWIX
  EMIFCE2               a0000000   10000000  00000000  10000000  RWIX
  EMIFCE3               b0000000   10000000  00000000  10000000  RWIX


SECTION ALLOCATION MAP

 output                                  attributes/
section   page    origin      length       input sections
--------  ----  ----------  ----------   ----------------
vectors    0    00000000    00000200     
                  00000000    00000200     vectors.obj (vectors)

.pinit     0    00000200    00000000     UNINITIALIZED

.text      0    00000200    00009920     
                  00000200    00000720     rts6700.lib : divd.obj (.text:__divd)
                  00000920    000006c0                 : _printfi.obj (.text:__getarg_diouxp)
                  00000fe0    000005a0                 : _printfi.obj (.text:__setfield)
                  00001580    00000560                 : _printfi.obj (.text:__printfi)
                  00001ae0    000004c0                 : fputs.obj (.text:_fputs)
                  00001fa0    00000480     dsk6713bsl.lib : dsk6713.obj (.text)
                  00002420    00000460     lab4_IIR_Single.obj (.text)
                  00002880    00000420     rts6700.lib : _printfi.obj (.text:_fcvt)
                  00002ca0    00000400                 : _printfi.obj (.text:__pproc_fge)
                  000030a0    00000400                 : _printfi.obj (.text:_ecvt)
                  000034a0    00000380                 : imath64.obj (.text:__divull)
                  00003820    00000380                 : memory.obj (.text:_free)
                  00003ba0    00000360                 : _printfi.obj (.text:__pconv_e)
                  00003f00    00000360                 : _printfi.obj (.text:__pproc_fwp)
                  00004260    00000340                 : divf.obj (.text:__divf)
                  000045a0    00000300                 : _printfi.obj (.text:__pproc_diouxp)
                  000048a0    00000300     dsk6713bsl.lib : dsk6713_aic23_opencodec.obj (.text)
                  00004ba0    000002c0     rts6700.lib : _printfi.obj (.text:__pconv_g)
                  00004e60    000002c0                 : _printfi.obj (.text:__pproc_str)
                  00005120    000002a0                 : fputc.obj (.text:_fputc)
                  000053c0    000002a0                 : setvbuf.obj (.text:_setvbuf)
                  00005660    00000260                 : imath40.obj (.text:__divul)
                  000058c0    00000240                 : _printfi.obj (.text:__mcpy)
                  00005b00    00000240                 : memory.obj (.text:_malloc)
                  00005d40    00000240                 : memcpy62.obj (.text:_memcpy)
                  00005f80    00000220                 : trgdrv.obj (.text:_HOSTrename)
                  000061a0    000001e0                 : lowlev.obj (.text:_getdevice)
                  00006380    000001c0     csl6713.lib : csl_irq.obj (.text:_IRQ_map)
                  00006540    000001c0     rts6700.lib : fseek.obj (.text:_fseek)
                  00006700    000001a0     csl6713.lib : csl_mcbsp.obj (.text:_MCBSP_reset)
                  000068a0    000001a0     rts6700.lib : _printfi.obj (.text:__ltostr)
                  00006a40    000001a0                 : _printfi.obj (.text:__pproc_fflags)
                  00006be0    00000180     lab4_IIR_Single.obj (.text:retain)
                  00006d60    00000160     rts6700.lib : trgdrv.obj (.text:_HOSTlseek)
                  00006ec0    00000160                 : fclose.obj (.text:__closefile)
                  00007020    00000140                 : trgdrv.obj (.text:_HOSTread)
                  00007160    00000140                 : frcmpyd_div.obj (.text:__frcmpyd_div)
                  000072a0    00000140                 : atoi.obj (.text:_atoi)
                  000073e0    00000140     dsk6713bsl.lib : dsk6713_aic23_registers.obj (.text)
                  00007520    00000120     rts6700.lib : trgdrv.obj (.text:_HOSTopen)
                  00007640    00000120                 : trgdrv.obj (.text:_HOSTwrite)
                  00007760    00000120                 : _io_perm.obj (.text:__wrt_ok)
                  00007880    00000120                 : lowlev.obj (.text:_close)
                  000079a0    00000120                 : ltoa.obj (.text:_ltoa)
                  00007ac0    00000120                 : memset.obj (.text:_memset)
                  00007be0    00000100                 : trgdrv.obj (.text:_HOSTclose)
                  00007ce0    00000100                 : trgdrv.obj (.text:_HOSTunlink)
                  00007de0    00000100     csl6713.lib : csl_mcbsp.obj (.text:_MCBSP_open)
                  00007ee0    00000100                 : csl_mcbsp.obj (.text:_MCBSP_start)
                  00007fe0    00000100     rts6700.lib : autoinit.obj (.text:__auto_init)
                  000080e0    00000100                 : _printfi.obj (.text:__div)
                  000081e0    00000100                 : imath40.obj (.text:__divli)
                  000082e0    00000100                 : _printfi.obj (.text:__pconv_f)
                  000083e0    00000100                 : lowlev.obj (.text:_lseek)
                  000084e0    00000100                 : printf.obj (.text:_printf)
                  000085e0    00000100                 : lowlev.obj (.text:_write)
                  000086e0    000000e0                 : fopen.obj (.text:__cleanup)
                  000087c0    000000e0                 : fflush.obj (.text:__doflush)
                  000088a0    000000e0                 : _printfi.obj (.text:__ecpy)
                  00008980    000000e0                 : _printfi.obj (.text:__fcpy)
                  00008a60    000000e0                 : strasg.obj (.text:__strasg)
                  00008b40    000000e0                 : exit.obj (.text:_exit)
                  00008c20    000000e0                 : memory.obj (.text:_minsert)
                  00008d00    000000e0                 : memory.obj (.text:_mremove)
                  00008de0    000000c0                 : divu.obj (.text:__divu)
                  00008ea0    000000c0                 : cpy_tbl.obj (.text:_copy_in)
                  00008f60    000000c0                 : lowlev.obj (.text:_finddevice)
                  00009020    000000c0     dsk6713bsl.lib : dsk6713_aic23_setfreq.obj (.text)
                  000090e0    000000a0     rts6700.lib : fixdli.obj (.text:__fixdli)
                  00009180    000000a0                 : mpyll.obj (.text:__mpyll)
                  00009220    000000a0                 : imath40.obj (.text:__remli)
                  000092c0    000000a0                 : trgmsg.obj (.text:_readmsg)
                  00009360    000000a0     csl6713.lib : csl_irq.obj (.text:_setMux)
                  00009400    000000a0     rts6700.lib : lowlev.obj (.text:_unlink)
                  000094a0    000000a0                 : trgmsg.obj (.text:_writemsg)
                  00009540    00000080                 : cpp_init.obj (.text:___TI_cpp_init)
                  000095c0    00000080                 : fltlid.obj (.text:__fltlid)
                  00009640    00000080                 : llshift.obj (.text:__llshl)
                  000096c0    00000080                 : boot.obj (.text:_c_int00)
                  00009740    00000080                 : memccpy.obj (.text:_memccpy)
                  000097c0    00000060                 : isinf.obj (.text:___isinf)
                  00009820    00000060                 : llshift.obj (.text:__llshru)
                  00009880    00000060                 : imath64.obj (.text:__subcull)
                  000098e0    00000040     csl6713.lib : csl_irq.obj (.text:_IRQ_enable)
                  00009920    00000040     rts6700.lib : _printfi.obj (.text:___isnan)
                  00009960    00000040                 : args_main.obj (.text:__args_main)
                  000099a0    00000020     csl6713.lib : csl_irq.obj (.text:_IRQ_globalDisable)
                  000099c0    00000020                 : csl_irq.obj (.text:_IRQ_globalEnable)
                  000099e0    00000020                 : csl_irq.obj (.text:_IRQ_nmiEnable)
                  00009a00    00000020                 : csl_mcbsp.obj (.text:_MCBSP_read)
                  00009a20    00000020                 : csl_mcbsp.obj (.text:_MCBSP_write)
                  00009a40    00000020     rts6700.lib : negll.obj (.text:__negll)
                  00009a60    00000020                 : _lock.obj (.text:__nop)
                  00009a80    00000020                 : printf.obj (.text:__outc)
                  00009aa0    00000020                 : printf.obj (.text:__outs)
                  00009ac0    00000020                 : exit.obj (.text:_abort)
                  00009ae0    00000020                 : remove.obj (.text:_remove)
                  00009b00    00000020     csl6713.lib : csl_irq.obj (.text)

.bss       0    00000200    00000000     UNINITIALIZED

.data      0    00000200    00000000     UNINITIALIZED

.far       0    00009b20    00000642     UNINITIALIZED
                  00009b20    00000324     rts6700.lib : defs.obj (.far)
                  00009e44    0000011c                 : lowlev.obj (.far)
                  00009f60    000000f4     csl6713.lib : csl_irq.obj (.far)
                  0000a054    0000005c     lab4_IIR_Single.obj (.far)
                  0000a0b0    00000038     csl6713.lib : csl_mcbsp.obj (.far)
                  0000a0e8    00000028     dsk6713bsl.lib : dsk6713_aic23_registers.obj (.far)
                  0000a110    00000020                    : dsk6713_aic23_setfreq.obj (.far)
                  0000a130    0000000c     rts6700.lib : exit.obj (.far)
                  0000a13c    00000008     dsk6713bsl.lib : dsk6713_aic23_opencodec.obj (.far)
                  0000a144    00000008     rts6700.lib : _lock.obj (.far)
                  0000a14c    00000008                 : memory.obj (.far)
                  0000a154    00000008                 : trgdrv.obj (.far)
                  0000a15c    00000004                 : fopen.obj (.far)
                  0000a160    00000002     dsk6713bsl.lib : dsk6713.obj (.far)

.stack     0    0000a168    00000400     UNINITIALIZED
                  0000a168    00000008     rts6700.lib : boot.obj (.stack)
                  0000a170    000003f8     --HOLE--

.sysmem    0    0000a568    00000400     UNINITIALIZED
                  0000a568    00000008     rts6700.lib : memory.obj (.sysmem)
                  0000a570    000003f8     --HOLE--

.cinit     0    0000a968    00000374     
                  0000a968    0000012c     csl6713.lib : csl_irq.obj (.cinit)
                  0000aa94    00000004     --HOLE-- [fill = 0]
                  0000aa98    0000005c     rts6700.lib : defs.obj (.cinit)
                  0000aaf4    00000004     --HOLE-- [fill = 0]
                  0000aaf8    0000005c                 : lowlev.obj (.cinit)
                  0000ab54    00000004     --HOLE-- [fill = 0]
                  0000ab58    00000054     csl6713.lib : csl_mcbsp.obj (.cinit)
                  0000abac    00000004     --HOLE-- [fill = 0]
                  0000abb0    0000003c     lab4_IIR_Single.obj (.cinit)
                  0000abec    00000004     --HOLE-- [fill = 0]
                  0000abf0    00000030     dsk6713bsl.lib : dsk6713_aic23_registers.obj (.cinit)
                  0000ac20    0000002c     rts6700.lib : exit.obj (.cinit)
                  0000ac4c    00000004     --HOLE-- [fill = 0]
                  0000ac50    0000002c                 : memory.obj (.cinit)
                  0000ac7c    00000004     --HOLE-- [fill = 0]
                  0000ac80    00000028     dsk6713bsl.lib : dsk6713_aic23_setfreq.obj (.cinit)
                  0000aca8    0000001c     rts6700.lib : _lock.obj (.cinit)
                  0000acc4    00000004     --HOLE-- [fill = 0]
                  0000acc8    0000000c                 : fopen.obj (.cinit)
                  0000acd4    00000004     --HOLE-- [fill = 0]
                  0000acd8    00000004     (.pad.cinit) [fill = 0]

.const     0    0000acdc    00000220     
                  0000acdc    00000101     rts6700.lib : ctype.obj (.const:.string:__ctypes_)
                  0000addd    00000002                 : fputs.obj (.const:.string)
                  0000addf    00000001     --HOLE-- [fill = 0]
                  0000ade0    00000040     dsk6713bsl.lib : dsk6713_aic23_opencodec.obj (.const)
                  0000ae20    00000038     lab4_IIR_Single.obj (.const:.string)
                  0000ae58    0000002c     lab4_IIR_Single.obj (.const:_DEN)
                  0000ae84    0000002c     lab4_IIR_Single.obj (.const:_NUM)
                  0000aeb0    00000023     rts6700.lib : _printfi.obj (.const:.string)
                  0000aed3    00000001     --HOLE-- [fill = 0]
                  0000aed4    00000020     dsk6713bsl.lib : dsk6713.obj (.const)
                  0000aef4    00000008     lab4_IIR_Single.obj (.const)

.cio       0    0000aefc    00000120     UNINITIALIZED
                  0000aefc    00000120     rts6700.lib : trgmsg.obj (.cio)


GLOBAL SYMBOLS: SORTED ALPHABETICALLY BY Name 

address    name
--------   ----
00000200   $bss
00000200   .bss
00000200   .data
00000200   .text
00009ac0   C$$EXIT
00009518   C$$IO$$
0000ae58   _DEN
0000aef8   _DL
0000a13c   _DSK6713_AIC23_codeccontrolhandle
0000a140   _DSK6713_AIC23_codecdatahandle
000074a0   _DSK6713_AIC23_config
000048a0   _DSK6713_AIC23_openCodec
00007478   _DSK6713_AIC23_rget
000073e0   _DSK6713_AIC23_rset
00009020   _DSK6713_AIC23_setFreq
000023b4   _DSK6713_getVersion
00001fec   _DSK6713_init
00002308   _DSK6713_rget
0000231c   _DSK6713_rset
0000a160   _DSK6713_version
00002330   _DSK6713_wait
00002388   _DSK6713_waitusec
00007be0   _HOSTclose
00006d60   _HOSTlseek
00007520   _HOSTopen
00007020   _HOSTread
00005f80   _HOSTrename
00007ce0   _HOSTunlink
00007640   _HOSTwrite
000098e0   _IRQ_enable
000099a0   _IRQ_globalDisable
000099c0   _IRQ_globalEnable
00006380   _IRQ_map
000099e0   _IRQ_nmiEnable
00007de0   _MCBSP_open
00009a00   _MCBSP_read
00006700   _MCBSP_reset
00007ee0   _MCBSP_start
00009a20   _MCBSP_write
0000aef4   _NL
0000ae84   _NUM
0000aefc   __CIOBUF_
0000a04c   __IRQ_dispatchTable
00009f88   __IRQ_eventTable
00009b00   __IRQ_hookFetchPacket
0000a00c   __IRQ_intTable
0000a0e0   __MCBSP_hDev0
0000a0e4   __MCBSP_hDev1
0000a568   __STACK_END
00000400   __STACK_SIZE
00000400   __SYSMEM_SIZE
00000001   __TI_args_main
00009540   ___TI_cpp_init
0000a138   ___TI_enable_exit_profile_output
ffffffff   ___TI_pprof_out_hndl
ffffffff   ___TI_prof_data_size
ffffffff   ___TI_prof_data_start
ffffffff   ___binit__
00000200   ___bss__
ffffffff   ___c_args__
0000a968   ___cinit__
00000200   ___data__
00000200   ___edata__
00000200   ___end__
00009b20   ___etext__
000097c0   ___isinf
ffffffff   ___pinit__
00000200   ___text__
00009960   __args_main
00007fe0   __auto_init
00008de0   __c6xabi_divu
000086e0   __cleanup
0000a130   __cleanup_ptr
00006ec0   __closefile
0000acdc   __ctypes_
00000200   __divd
00004260   __divf
000081e0   __divli
00008de0   __divu
00005660   __divul
000034a0   __divull
000087c0   __doflush
0000a134   __dtors_ptr
000090e0   __fixdli
000095c0   __fltlid
00007160   __frcmpyd_div
00009e40   __ft_end
00009b20   __ftable
00009640   __llshl
00009820   __llshru
0000a144   __lock
00009180   __mpyll
00009a40   __negll
00009a60   __nop
00001580   __printfi
00009220   __remli
0000a168   __stack
00008a60   __strasg
00009880   __subcull
0000a568   __sys_memory
00009d00   __tmpnams
0000a148   __unlock
00007760   __wrt_ok
00009ac0   _abort
000072a0   _atoi
000096c0   _c_int00
00007880   _close
0000a058   _config
00008ea0   _copy_in
00008b40   _exit
00005120   _fputc
00001ae0   _fputs
00003820   _free
00006540   _fseek
0000a054   _hCodec
000025d4   _iirDFII
000083e0   _lseek
000079a0   _ltoa
00002420   _main
00005b00   _malloc
00009740   _memccpy
00005d40   _memcpy
00007ac0   _memset
0000a0ac   _n
000084e0   _printf
00005120   _putc
000092c0   _readmsg
00009ae0   _remove
00006be0   _serialPortRcvISR
000053c0   _setvbuf
00009400   _unlink
0000a080   _w
000085e0   _write
000094a0   _writemsg
ffffffff   binit
0000a968   cinit
00000200   edata
00000200   end
00009b20   etext
ffffffff   pinit


GLOBAL SYMBOLS: SORTED BY Symbol Address 

address    name
--------   ----
00000001   __TI_args_main
00000200   $bss
00000200   .bss
00000200   .data
00000200   .text
00000200   ___bss__
00000200   ___data__
00000200   ___edata__
00000200   ___end__
00000200   ___text__
00000200   __divd
00000200   edata
00000200   end
00000400   __STACK_SIZE
00000400   __SYSMEM_SIZE
00001580   __printfi
00001ae0   _fputs
00001fec   _DSK6713_init
00002308   _DSK6713_rget
0000231c   _DSK6713_rset
00002330   _DSK6713_wait
00002388   _DSK6713_waitusec
000023b4   _DSK6713_getVersion
00002420   _main
000025d4   _iirDFII
000034a0   __divull
00003820   _free
00004260   __divf
000048a0   _DSK6713_AIC23_openCodec
00005120   _fputc
00005120   _putc
000053c0   _setvbuf
00005660   __divul
00005b00   _malloc
00005d40   _memcpy
00005f80   _HOSTrename
00006380   _IRQ_map
00006540   _fseek
00006700   _MCBSP_reset
00006be0   _serialPortRcvISR
00006d60   _HOSTlseek
00006ec0   __closefile
00007020   _HOSTread
00007160   __frcmpyd_div
000072a0   _atoi
000073e0   _DSK6713_AIC23_rset
00007478   _DSK6713_AIC23_rget
000074a0   _DSK6713_AIC23_config
00007520   _HOSTopen
00007640   _HOSTwrite
00007760   __wrt_ok
00007880   _close
000079a0   _ltoa
00007ac0   _memset
00007be0   _HOSTclose
00007ce0   _HOSTunlink
00007de0   _MCBSP_open
00007ee0   _MCBSP_start
00007fe0   __auto_init
000081e0   __divli
000083e0   _lseek
000084e0   _printf
000085e0   _write
000086e0   __cleanup
000087c0   __doflush
00008a60   __strasg
00008b40   _exit
00008de0   __c6xabi_divu
00008de0   __divu
00008ea0   _copy_in
00009020   _DSK6713_AIC23_setFreq
000090e0   __fixdli
00009180   __mpyll
00009220   __remli
000092c0   _readmsg
00009400   _unlink
000094a0   _writemsg
00009518   C$$IO$$
00009540   ___TI_cpp_init
000095c0   __fltlid
00009640   __llshl
000096c0   _c_int00
00009740   _memccpy
000097c0   ___isinf
00009820   __llshru
00009880   __subcull
000098e0   _IRQ_enable
00009960   __args_main
000099a0   _IRQ_globalDisable
000099c0   _IRQ_globalEnable
000099e0   _IRQ_nmiEnable
00009a00   _MCBSP_read
00009a20   _MCBSP_write
00009a40   __negll
00009a60   __nop
00009ac0   C$$EXIT
00009ac0   _abort
00009ae0   _remove
00009b00   __IRQ_hookFetchPacket
00009b20   ___etext__
00009b20   __ftable
00009b20   etext
00009d00   __tmpnams
00009e40   __ft_end
00009f88   __IRQ_eventTable
0000a00c   __IRQ_intTable
0000a04c   __IRQ_dispatchTable
0000a054   _hCodec
0000a058   _config
0000a080   _w
0000a0ac   _n
0000a0e0   __MCBSP_hDev0
0000a0e4   __MCBSP_hDev1
0000a130   __cleanup_ptr
0000a134   __dtors_ptr
0000a138   ___TI_enable_exit_profile_output
0000a13c   _DSK6713_AIC23_codeccontrolhandle
0000a140   _DSK6713_AIC23_codecdatahandle
0000a144   __lock
0000a148   __unlock
0000a160   _DSK6713_version
0000a168   __stack
0000a568   __STACK_END
0000a568   __sys_memory
0000a968   ___cinit__
0000a968   cinit
0000acdc   __ctypes_
0000ae58   _DEN
0000ae84   _NUM
0000aef4   _NL
0000aef8   _DL
0000aefc   __CIOBUF_
ffffffff   ___TI_pprof_out_hndl
ffffffff   ___TI_prof_data_size
ffffffff   ___TI_prof_data_start
ffffffff   ___binit__
ffffffff   ___c_args__
ffffffff   ___pinit__
ffffffff   binit
ffffffff   pinit

[140 symbols]
