******************************************************************************
               TMS320C6x Linker PC v7.4.2                      
******************************************************************************
>> Linked Tue Nov 25 15:24:28 2014

OUTPUT FILE NAME:   <lab4_IIR_DF2.out>
ENTRY POINT SYMBOL: "_c_int00"  address: 000093a0


MEMORY CONFIGURATION

         name            origin    length      used     unused   attr    fill
----------------------  --------  ---------  --------  --------  ----  --------
  VECS                  00000000   00000200  00000200  00000000  RWIX
  IRAM                  00000200   0002fe00  0000aaf6  0002530a  RWIX
  L2RAM                 00030000   00010000  00000000  00010000  RWIX
  EMIFCE0               80000000   10000000  00000000  10000000  RWIX
  EMIFCE1               90000000   10000000  00000000  10000000  RWIX
  EMIFCE2               a0000000   10000000  00000000  10000000  RWIX
  EMIFCE3               b0000000   10000000  00000000  10000000  RWIX


SECTION ALLOCATION MAP

 output                                  attributes/
section   page    origin      length       input sections
--------  ----  ----------  ----------   ----------------
vectors    0    00000000    00000200     
                  00000000    00000200     vectors.obj (vectors)

.pinit     0    00000200    00000000     UNINITIALIZED

.text      0    00000200    00009600     
                  00000200    00000720     rts6700.lib : divd.obj (.text:__divd)
                  00000920    000006c0                 : _printfi.obj (.text:__getarg_diouxp)
                  00000fe0    000005a0                 : _printfi.obj (.text:__setfield)
                  00001580    00000560                 : _printfi.obj (.text:__printfi)
                  00001ae0    000004c0                 : fputs.obj (.text:_fputs)
                  00001fa0    00000480     dsk6713bsl.lib : dsk6713.obj (.text)
                  00002420    00000480     lab4_IIR_Single.obj (.text)
                  000028a0    00000420     rts6700.lib : _printfi.obj (.text:_fcvt)
                  00002cc0    00000400                 : _printfi.obj (.text:__pproc_fge)
                  000030c0    00000400                 : _printfi.obj (.text:_ecvt)
                  000034c0    00000380                 : imath64.obj (.text:__divull)
                  00003840    00000380                 : memory.obj (.text:_free)
                  00003bc0    00000360                 : _printfi.obj (.text:__pconv_e)
                  00003f20    00000360                 : _printfi.obj (.text:__pproc_fwp)
                  00004280    00000300                 : _printfi.obj (.text:__pproc_diouxp)
                  00004580    00000300     dsk6713bsl.lib : dsk6713_aic23_opencodec.obj (.text)
                  00004880    000002c0     rts6700.lib : _printfi.obj (.text:__pconv_g)
                  00004b40    000002c0                 : _printfi.obj (.text:__pproc_str)
                  00004e00    000002a0                 : fputc.obj (.text:_fputc)
                  000050a0    000002a0                 : setvbuf.obj (.text:_setvbuf)
                  00005340    00000260                 : imath40.obj (.text:__divul)
                  000055a0    00000240                 : _printfi.obj (.text:__mcpy)
                  000057e0    00000240                 : memory.obj (.text:_malloc)
                  00005a20    00000240                 : memcpy62.obj (.text:_memcpy)
                  00005c60    00000220                 : trgdrv.obj (.text:_HOSTrename)
                  00005e80    000001e0                 : lowlev.obj (.text:_getdevice)
                  00006060    000001c0     csl6713.lib : csl_irq.obj (.text:_IRQ_map)
                  00006220    000001c0     rts6700.lib : fseek.obj (.text:_fseek)
                  000063e0    000001a0     csl6713.lib : csl_mcbsp.obj (.text:_MCBSP_reset)
                  00006580    000001a0     rts6700.lib : _printfi.obj (.text:__ltostr)
                  00006720    000001a0                 : _printfi.obj (.text:__pproc_fflags)
                  000068c0    00000180     lab4_IIR_Single.obj (.text:retain)
                  00006a40    00000160     rts6700.lib : trgdrv.obj (.text:_HOSTlseek)
                  00006ba0    00000160                 : fclose.obj (.text:__closefile)
                  00006d00    00000140                 : trgdrv.obj (.text:_HOSTread)
                  00006e40    00000140                 : frcmpyd_div.obj (.text:__frcmpyd_div)
                  00006f80    00000140                 : atoi.obj (.text:_atoi)
                  000070c0    00000140     dsk6713bsl.lib : dsk6713_aic23_registers.obj (.text)
                  00007200    00000120     rts6700.lib : trgdrv.obj (.text:_HOSTopen)
                  00007320    00000120                 : trgdrv.obj (.text:_HOSTwrite)
                  00007440    00000120                 : _io_perm.obj (.text:__wrt_ok)
                  00007560    00000120                 : lowlev.obj (.text:_close)
                  00007680    00000120                 : ltoa.obj (.text:_ltoa)
                  000077a0    00000120                 : memset.obj (.text:_memset)
                  000078c0    00000100                 : trgdrv.obj (.text:_HOSTclose)
                  000079c0    00000100                 : trgdrv.obj (.text:_HOSTunlink)
                  00007ac0    00000100     csl6713.lib : csl_mcbsp.obj (.text:_MCBSP_open)
                  00007bc0    00000100                 : csl_mcbsp.obj (.text:_MCBSP_start)
                  00007cc0    00000100     rts6700.lib : autoinit.obj (.text:__auto_init)
                  00007dc0    00000100                 : _printfi.obj (.text:__div)
                  00007ec0    00000100                 : imath40.obj (.text:__divli)
                  00007fc0    00000100                 : _printfi.obj (.text:__pconv_f)
                  000080c0    00000100                 : lowlev.obj (.text:_lseek)
                  000081c0    00000100                 : printf.obj (.text:_printf)
                  000082c0    00000100                 : lowlev.obj (.text:_write)
                  000083c0    000000e0                 : fopen.obj (.text:__cleanup)
                  000084a0    000000e0                 : fflush.obj (.text:__doflush)
                  00008580    000000e0                 : _printfi.obj (.text:__ecpy)
                  00008660    000000e0                 : _printfi.obj (.text:__fcpy)
                  00008740    000000e0                 : strasg.obj (.text:__strasg)
                  00008820    000000e0                 : exit.obj (.text:_exit)
                  00008900    000000e0                 : memory.obj (.text:_minsert)
                  000089e0    000000e0                 : memory.obj (.text:_mremove)
                  00008ac0    000000c0                 : divu.obj (.text:__divu)
                  00008b80    000000c0                 : cpy_tbl.obj (.text:_copy_in)
                  00008c40    000000c0                 : lowlev.obj (.text:_finddevice)
                  00008d00    000000c0     dsk6713bsl.lib : dsk6713_aic23_setfreq.obj (.text)
                  00008dc0    000000a0     rts6700.lib : fixdli.obj (.text:__fixdli)
                  00008e60    000000a0                 : mpyll.obj (.text:__mpyll)
                  00008f00    000000a0                 : imath40.obj (.text:__remli)
                  00008fa0    000000a0                 : trgmsg.obj (.text:_readmsg)
                  00009040    000000a0     csl6713.lib : csl_irq.obj (.text:_setMux)
                  000090e0    000000a0     rts6700.lib : lowlev.obj (.text:_unlink)
                  00009180    000000a0                 : trgmsg.obj (.text:_writemsg)
                  00009220    00000080                 : cpp_init.obj (.text:___TI_cpp_init)
                  000092a0    00000080                 : fltlid.obj (.text:__fltlid)
                  00009320    00000080                 : llshift.obj (.text:__llshl)
                  000093a0    00000080                 : boot.obj (.text:_c_int00)
                  00009420    00000080                 : memccpy.obj (.text:_memccpy)
                  000094a0    00000060                 : isinf.obj (.text:___isinf)
                  00009500    00000060                 : llshift.obj (.text:__llshru)
                  00009560    00000060                 : imath64.obj (.text:__subcull)
                  000095c0    00000040     csl6713.lib : csl_irq.obj (.text:_IRQ_enable)
                  00009600    00000040     rts6700.lib : _printfi.obj (.text:___isnan)
                  00009640    00000040                 : args_main.obj (.text:__args_main)
                  00009680    00000020     csl6713.lib : csl_irq.obj (.text:_IRQ_globalDisable)
                  000096a0    00000020                 : csl_irq.obj (.text:_IRQ_globalEnable)
                  000096c0    00000020                 : csl_irq.obj (.text:_IRQ_nmiEnable)
                  000096e0    00000020                 : csl_mcbsp.obj (.text:_MCBSP_read)
                  00009700    00000020                 : csl_mcbsp.obj (.text:_MCBSP_write)
                  00009720    00000020     rts6700.lib : negll.obj (.text:__negll)
                  00009740    00000020                 : _lock.obj (.text:__nop)
                  00009760    00000020                 : printf.obj (.text:__outc)
                  00009780    00000020                 : printf.obj (.text:__outs)
                  000097a0    00000020                 : exit.obj (.text:_abort)
                  000097c0    00000020                 : remove.obj (.text:_remove)
                  000097e0    00000020     csl6713.lib : csl_irq.obj (.text)

.bss       0    00000200    00000000     UNINITIALIZED

.data      0    00000200    00000000     UNINITIALIZED

.far       0    00009800    00000642     UNINITIALIZED
                  00009800    00000324     rts6700.lib : defs.obj (.far)
                  00009b24    0000011c                 : lowlev.obj (.far)
                  00009c40    000000f4     csl6713.lib : csl_irq.obj (.far)
                  00009d34    0000005c     lab4_IIR_Single.obj (.far)
                  00009d90    00000038     csl6713.lib : csl_mcbsp.obj (.far)
                  00009dc8    00000028     dsk6713bsl.lib : dsk6713_aic23_registers.obj (.far)
                  00009df0    00000020                    : dsk6713_aic23_setfreq.obj (.far)
                  00009e10    0000000c     rts6700.lib : exit.obj (.far)
                  00009e1c    00000008     dsk6713bsl.lib : dsk6713_aic23_opencodec.obj (.far)
                  00009e24    00000008     rts6700.lib : _lock.obj (.far)
                  00009e2c    00000008                 : memory.obj (.far)
                  00009e34    00000008                 : trgdrv.obj (.far)
                  00009e3c    00000004                 : fopen.obj (.far)
                  00009e40    00000002     dsk6713bsl.lib : dsk6713.obj (.far)

.stack     0    00009e48    00000400     UNINITIALIZED
                  00009e48    00000008     rts6700.lib : boot.obj (.stack)
                  00009e50    000003f8     --HOLE--

.sysmem    0    0000a248    00000400     UNINITIALIZED
                  0000a248    00000008     rts6700.lib : memory.obj (.sysmem)
                  0000a250    000003f8     --HOLE--

.cinit     0    0000a648    00000374     
                  0000a648    0000012c     csl6713.lib : csl_irq.obj (.cinit)
                  0000a774    00000004     --HOLE-- [fill = 0]
                  0000a778    0000005c     rts6700.lib : defs.obj (.cinit)
                  0000a7d4    00000004     --HOLE-- [fill = 0]
                  0000a7d8    0000005c                 : lowlev.obj (.cinit)
                  0000a834    00000004     --HOLE-- [fill = 0]
                  0000a838    00000054     csl6713.lib : csl_mcbsp.obj (.cinit)
                  0000a88c    00000004     --HOLE-- [fill = 0]
                  0000a890    0000003c     lab4_IIR_Single.obj (.cinit)
                  0000a8cc    00000004     --HOLE-- [fill = 0]
                  0000a8d0    00000030     dsk6713bsl.lib : dsk6713_aic23_registers.obj (.cinit)
                  0000a900    0000002c     rts6700.lib : exit.obj (.cinit)
                  0000a92c    00000004     --HOLE-- [fill = 0]
                  0000a930    0000002c                 : memory.obj (.cinit)
                  0000a95c    00000004     --HOLE-- [fill = 0]
                  0000a960    00000028     dsk6713bsl.lib : dsk6713_aic23_setfreq.obj (.cinit)
                  0000a988    0000001c     rts6700.lib : _lock.obj (.cinit)
                  0000a9a4    00000004     --HOLE-- [fill = 0]
                  0000a9a8    0000000c                 : fopen.obj (.cinit)
                  0000a9b4    00000004     --HOLE-- [fill = 0]
                  0000a9b8    00000004     (.pad.cinit) [fill = 0]

.const     0    0000a9bc    00000220     
                  0000a9bc    00000101     rts6700.lib : ctype.obj (.const:.string:__ctypes_)
                  0000aabd    00000002                 : fputs.obj (.const:.string)
                  0000aabf    00000001     --HOLE-- [fill = 0]
                  0000aac0    00000040     dsk6713bsl.lib : dsk6713_aic23_opencodec.obj (.const)
                  0000ab00    00000038     lab4_IIR_Single.obj (.const:.string)
                  0000ab38    0000002c     lab4_IIR_Single.obj (.const:_DEN)
                  0000ab64    0000002c     lab4_IIR_Single.obj (.const:_NUM)
                  0000ab90    00000023     rts6700.lib : _printfi.obj (.const:.string)
                  0000abb3    00000001     --HOLE-- [fill = 0]
                  0000abb4    00000020     dsk6713bsl.lib : dsk6713.obj (.const)
                  0000abd4    00000008     lab4_IIR_Single.obj (.const)

.cio       0    0000abdc    00000120     UNINITIALIZED
                  0000abdc    00000120     rts6700.lib : trgmsg.obj (.cio)


GLOBAL SYMBOLS: SORTED ALPHABETICALLY BY Name 

address    name
--------   ----
00000200   $bss
00000200   .bss
00000200   .data
00000200   .text
000097a0   C$$EXIT
000091f8   C$$IO$$
0000ab38   _DEN
0000abd8   _DL
00009e1c   _DSK6713_AIC23_codeccontrolhandle
00009e20   _DSK6713_AIC23_codecdatahandle
00007180   _DSK6713_AIC23_config
00004580   _DSK6713_AIC23_openCodec
00007158   _DSK6713_AIC23_rget
000070c0   _DSK6713_AIC23_rset
00008d00   _DSK6713_AIC23_setFreq
000023b4   _DSK6713_getVersion
00001fec   _DSK6713_init
00002308   _DSK6713_rget
0000231c   _DSK6713_rset
00009e40   _DSK6713_version
00002330   _DSK6713_wait
00002388   _DSK6713_waitusec
000078c0   _HOSTclose
00006a40   _HOSTlseek
00007200   _HOSTopen
00006d00   _HOSTread
00005c60   _HOSTrename
000079c0   _HOSTunlink
00007320   _HOSTwrite
000095c0   _IRQ_enable
00009680   _IRQ_globalDisable
000096a0   _IRQ_globalEnable
00006060   _IRQ_map
000096c0   _IRQ_nmiEnable
00007ac0   _MCBSP_open
000096e0   _MCBSP_read
000063e0   _MCBSP_reset
00007bc0   _MCBSP_start
00009700   _MCBSP_write
0000abd4   _NL
0000ab64   _NUM
0000abdc   __CIOBUF_
00009d2c   __IRQ_dispatchTable
00009c68   __IRQ_eventTable
000097e0   __IRQ_hookFetchPacket
00009cec   __IRQ_intTable
00009dc0   __MCBSP_hDev0
00009dc4   __MCBSP_hDev1
0000a248   __STACK_END
00000400   __STACK_SIZE
00000400   __SYSMEM_SIZE
00000001   __TI_args_main
00009220   ___TI_cpp_init
00009e18   ___TI_enable_exit_profile_output
ffffffff   ___TI_pprof_out_hndl
ffffffff   ___TI_prof_data_size
ffffffff   ___TI_prof_data_start
ffffffff   ___binit__
00000200   ___bss__
ffffffff   ___c_args__
0000a648   ___cinit__
00000200   ___data__
00000200   ___edata__
00000200   ___end__
00009800   ___etext__
000094a0   ___isinf
ffffffff   ___pinit__
00000200   ___text__
00009640   __args_main
00007cc0   __auto_init
00008ac0   __c6xabi_divu
000083c0   __cleanup
00009e10   __cleanup_ptr
00006ba0   __closefile
0000a9bc   __ctypes_
00000200   __divd
00007ec0   __divli
00008ac0   __divu
00005340   __divul
000034c0   __divull
000084a0   __doflush
00009e14   __dtors_ptr
00008dc0   __fixdli
000092a0   __fltlid
00006e40   __frcmpyd_div
00009b20   __ft_end
00009800   __ftable
00009320   __llshl
00009500   __llshru
00009e24   __lock
00008e60   __mpyll
00009720   __negll
00009740   __nop
00001580   __printfi
00008f00   __remli
00009e48   __stack
00008740   __strasg
00009560   __subcull
0000a248   __sys_memory
000099e0   __tmpnams
00009e28   __unlock
00007440   __wrt_ok
000097a0   _abort
00006f80   _atoi
000093a0   _c_int00
00007560   _close
00009d38   _config
00008b80   _copy_in
00008820   _exit
00004e00   _fputc
00001ae0   _fputs
00003840   _free
00006220   _fseek
00009d34   _hCodec
000025d4   _iirDFII
000080c0   _lseek
00007680   _ltoa
00002420   _main
000057e0   _malloc
00009420   _memccpy
00005a20   _memcpy
000077a0   _memset
00009d8c   _n
000081c0   _printf
00004e00   _putc
00008fa0   _readmsg
000097c0   _remove
000068c0   _serialPortRcvISR
000050a0   _setvbuf
000090e0   _unlink
00009d60   _w
000082c0   _write
00009180   _writemsg
ffffffff   binit
0000a648   cinit
00000200   edata
00000200   end
00009800   etext
ffffffff   pinit


GLOBAL SYMBOLS: SORTED BY Symbol Address 

address    name
--------   ----
00000001   __TI_args_main
00000200   $bss
00000200   .bss
00000200   .data
00000200   .text
00000200   ___bss__
00000200   ___data__
00000200   ___edata__
00000200   ___end__
00000200   ___text__
00000200   __divd
00000200   edata
00000200   end
00000400   __STACK_SIZE
00000400   __SYSMEM_SIZE
00001580   __printfi
00001ae0   _fputs
00001fec   _DSK6713_init
00002308   _DSK6713_rget
0000231c   _DSK6713_rset
00002330   _DSK6713_wait
00002388   _DSK6713_waitusec
000023b4   _DSK6713_getVersion
00002420   _main
000025d4   _iirDFII
000034c0   __divull
00003840   _free
00004580   _DSK6713_AIC23_openCodec
00004e00   _fputc
00004e00   _putc
000050a0   _setvbuf
00005340   __divul
000057e0   _malloc
00005a20   _memcpy
00005c60   _HOSTrename
00006060   _IRQ_map
00006220   _fseek
000063e0   _MCBSP_reset
000068c0   _serialPortRcvISR
00006a40   _HOSTlseek
00006ba0   __closefile
00006d00   _HOSTread
00006e40   __frcmpyd_div
00006f80   _atoi
000070c0   _DSK6713_AIC23_rset
00007158   _DSK6713_AIC23_rget
00007180   _DSK6713_AIC23_config
00007200   _HOSTopen
00007320   _HOSTwrite
00007440   __wrt_ok
00007560   _close
00007680   _ltoa
000077a0   _memset
000078c0   _HOSTclose
000079c0   _HOSTunlink
00007ac0   _MCBSP_open
00007bc0   _MCBSP_start
00007cc0   __auto_init
00007ec0   __divli
000080c0   _lseek
000081c0   _printf
000082c0   _write
000083c0   __cleanup
000084a0   __doflush
00008740   __strasg
00008820   _exit
00008ac0   __c6xabi_divu
00008ac0   __divu
00008b80   _copy_in
00008d00   _DSK6713_AIC23_setFreq
00008dc0   __fixdli
00008e60   __mpyll
00008f00   __remli
00008fa0   _readmsg
000090e0   _unlink
00009180   _writemsg
000091f8   C$$IO$$
00009220   ___TI_cpp_init
000092a0   __fltlid
00009320   __llshl
000093a0   _c_int00
00009420   _memccpy
000094a0   ___isinf
00009500   __llshru
00009560   __subcull
000095c0   _IRQ_enable
00009640   __args_main
00009680   _IRQ_globalDisable
000096a0   _IRQ_globalEnable
000096c0   _IRQ_nmiEnable
000096e0   _MCBSP_read
00009700   _MCBSP_write
00009720   __negll
00009740   __nop
000097a0   C$$EXIT
000097a0   _abort
000097c0   _remove
000097e0   __IRQ_hookFetchPacket
00009800   ___etext__
00009800   __ftable
00009800   etext
000099e0   __tmpnams
00009b20   __ft_end
00009c68   __IRQ_eventTable
00009cec   __IRQ_intTable
00009d2c   __IRQ_dispatchTable
00009d34   _hCodec
00009d38   _config
00009d60   _w
00009d8c   _n
00009dc0   __MCBSP_hDev0
00009dc4   __MCBSP_hDev1
00009e10   __cleanup_ptr
00009e14   __dtors_ptr
00009e18   ___TI_enable_exit_profile_output
00009e1c   _DSK6713_AIC23_codeccontrolhandle
00009e20   _DSK6713_AIC23_codecdatahandle
00009e24   __lock
00009e28   __unlock
00009e40   _DSK6713_version
00009e48   __stack
0000a248   __STACK_END
0000a248   __sys_memory
0000a648   ___cinit__
0000a648   cinit
0000a9bc   __ctypes_
0000ab38   _DEN
0000ab64   _NUM
0000abd4   _NL
0000abd8   _DL
0000abdc   __CIOBUF_
ffffffff   ___TI_pprof_out_hndl
ffffffff   ___TI_prof_data_size
ffffffff   ___TI_prof_data_start
ffffffff   ___binit__
ffffffff   ___c_args__
ffffffff   ___pinit__
ffffffff   binit
ffffffff   pinit

[139 symbols]
