******************************************************************************
               TMS320C6x Linker PC v7.4.2                      
******************************************************************************
>> Linked Wed Dec 03 16:38:10 2014

OUTPUT FILE NAME:   <lab4_IIR_DF2.out>
ENTRY POINT SYMBOL: "_c_int00"  address: 000096e0


MEMORY CONFIGURATION

         name            origin    length      used     unused   attr    fill
----------------------  --------  ---------  --------  --------  ----  --------
  VECS                  00000000   00000200  00000200  00000000  RWIX
  IRAM                  00000200   0002fe00  0000aec2  00024f3e  RWIX
  L2RAM                 00030000   00010000  00000000  00010000  RWIX
  EMIFCE0               80000000   10000000  00000000  10000000  RWIX
  EMIFCE1               90000000   10000000  00000000  10000000  RWIX
  EMIFCE2               a0000000   10000000  00000000  10000000  RWIX
  EMIFCE3               b0000000   10000000  00000000  10000000  RWIX


SECTION ALLOCATION MAP

 output                                  attributes/
section   page    origin      length       input sections
--------  ----  ----------  ----------   ----------------
vectors    0    00000000    00000200     
                  00000000    00000200     vectors.obj (vectors)

.pinit     0    00000200    00000000     UNINITIALIZED

.text      0    00000200    000099a0     
                  00000200    00000720     rts6700.lib : divd.obj (.text:__divd)
                  00000920    000006c0                 : _printfi.obj (.text:__getarg_diouxp)
                  00000fe0    000005a0                 : _printfi.obj (.text:__setfield)
                  00001580    00000560                 : _printfi.obj (.text:__printfi)
                  00001ae0    000004c0                 : fputs.obj (.text:_fputs)
                  00001fa0    00000480     dsk6713bsl.lib : dsk6713.obj (.text)
                  00002420    00000480     lab4_IIR_Single.obj (.text)
                  000028a0    00000420     rts6700.lib : _printfi.obj (.text:_fcvt)
                  00002cc0    00000400                 : _printfi.obj (.text:__pproc_fge)
                  000030c0    00000400                 : _printfi.obj (.text:_ecvt)
                  000034c0    00000380                 : imath64.obj (.text:__divull)
                  00003840    00000380                 : memory.obj (.text:_free)
                  00003bc0    00000360                 : _printfi.obj (.text:__pconv_e)
                  00003f20    00000360                 : _printfi.obj (.text:__pproc_fwp)
                  00004280    00000340                 : divf.obj (.text:__divf)
                  000045c0    00000300                 : _printfi.obj (.text:__pproc_diouxp)
                  000048c0    00000300     dsk6713bsl.lib : dsk6713_aic23_opencodec.obj (.text)
                  00004bc0    000002c0     rts6700.lib : _printfi.obj (.text:__pconv_g)
                  00004e80    000002c0                 : _printfi.obj (.text:__pproc_str)
                  00005140    000002a0                 : fputc.obj (.text:_fputc)
                  000053e0    000002a0                 : setvbuf.obj (.text:_setvbuf)
                  00005680    00000260                 : imath40.obj (.text:__divul)
                  000058e0    00000240                 : _printfi.obj (.text:__mcpy)
                  00005b20    00000240                 : memory.obj (.text:_malloc)
                  00005d60    00000240                 : memcpy62.obj (.text:_memcpy)
                  00005fa0    00000220                 : trgdrv.obj (.text:_HOSTrename)
                  000061c0    000001e0                 : lowlev.obj (.text:_getdevice)
                  000063a0    000001c0     csl6713.lib : csl_irq.obj (.text:_IRQ_map)
                  00006560    000001c0     rts6700.lib : fseek.obj (.text:_fseek)
                  00006720    000001a0     csl6713.lib : csl_mcbsp.obj (.text:_MCBSP_reset)
                  000068c0    000001a0     rts6700.lib : _printfi.obj (.text:__ltostr)
                  00006a60    000001a0                 : _printfi.obj (.text:__pproc_fflags)
                  00006c00    00000180     lab4_IIR_Single.obj (.text:retain)
                  00006d80    00000160     rts6700.lib : trgdrv.obj (.text:_HOSTlseek)
                  00006ee0    00000160                 : fclose.obj (.text:__closefile)
                  00007040    00000140                 : trgdrv.obj (.text:_HOSTread)
                  00007180    00000140                 : frcmpyd_div.obj (.text:__frcmpyd_div)
                  000072c0    00000140                 : atoi.obj (.text:_atoi)
                  00007400    00000140     dsk6713bsl.lib : dsk6713_aic23_registers.obj (.text)
                  00007540    00000120     rts6700.lib : trgdrv.obj (.text:_HOSTopen)
                  00007660    00000120                 : trgdrv.obj (.text:_HOSTwrite)
                  00007780    00000120                 : _io_perm.obj (.text:__wrt_ok)
                  000078a0    00000120                 : lowlev.obj (.text:_close)
                  000079c0    00000120                 : ltoa.obj (.text:_ltoa)
                  00007ae0    00000120                 : memset.obj (.text:_memset)
                  00007c00    00000100                 : trgdrv.obj (.text:_HOSTclose)
                  00007d00    00000100                 : trgdrv.obj (.text:_HOSTunlink)
                  00007e00    00000100     csl6713.lib : csl_mcbsp.obj (.text:_MCBSP_open)
                  00007f00    00000100                 : csl_mcbsp.obj (.text:_MCBSP_start)
                  00008000    00000100     rts6700.lib : autoinit.obj (.text:__auto_init)
                  00008100    00000100                 : _printfi.obj (.text:__div)
                  00008200    00000100                 : imath40.obj (.text:__divli)
                  00008300    00000100                 : _printfi.obj (.text:__pconv_f)
                  00008400    00000100                 : lowlev.obj (.text:_lseek)
                  00008500    00000100                 : printf.obj (.text:_printf)
                  00008600    00000100                 : lowlev.obj (.text:_write)
                  00008700    000000e0                 : fopen.obj (.text:__cleanup)
                  000087e0    000000e0                 : fflush.obj (.text:__doflush)
                  000088c0    000000e0                 : _printfi.obj (.text:__ecpy)
                  000089a0    000000e0                 : _printfi.obj (.text:__fcpy)
                  00008a80    000000e0                 : strasg.obj (.text:__strasg)
                  00008b60    000000e0                 : exit.obj (.text:_exit)
                  00008c40    000000e0                 : memory.obj (.text:_minsert)
                  00008d20    000000e0                 : memory.obj (.text:_mremove)
                  00008e00    000000c0                 : divu.obj (.text:__divu)
                  00008ec0    000000c0                 : cpy_tbl.obj (.text:_copy_in)
                  00008f80    000000c0                 : lowlev.obj (.text:_finddevice)
                  00009040    000000c0     dsk6713bsl.lib : dsk6713_aic23_setfreq.obj (.text)
                  00009100    000000a0     rts6700.lib : fixdli.obj (.text:__fixdli)
                  000091a0    000000a0                 : mpyll.obj (.text:__mpyll)
                  00009240    000000a0                 : imath40.obj (.text:__remli)
                  000092e0    000000a0                 : trgmsg.obj (.text:_readmsg)
                  00009380    000000a0     csl6713.lib : csl_irq.obj (.text:_setMux)
                  00009420    000000a0     rts6700.lib : lowlev.obj (.text:_unlink)
                  000094c0    000000a0                 : trgmsg.obj (.text:_writemsg)
                  00009560    00000080                 : cpp_init.obj (.text:___TI_cpp_init)
                  000095e0    00000080                 : fltlid.obj (.text:__fltlid)
                  00009660    00000080                 : llshift.obj (.text:__llshl)
                  000096e0    00000080                 : boot.obj (.text:_c_int00)
                  00009760    00000080                 : memccpy.obj (.text:_memccpy)
                  000097e0    00000060                 : isinf.obj (.text:___isinf)
                  00009840    00000060                 : llshift.obj (.text:__llshru)
                  000098a0    00000060                 : imath64.obj (.text:__subcull)
                  00009900    00000060     iir_single.obj (.text)
                  00009960    00000040     csl6713.lib : csl_irq.obj (.text:_IRQ_enable)
                  000099a0    00000040     rts6700.lib : _printfi.obj (.text:___isnan)
                  000099e0    00000040                 : args_main.obj (.text:__args_main)
                  00009a20    00000020     csl6713.lib : csl_irq.obj (.text:_IRQ_globalDisable)
                  00009a40    00000020                 : csl_irq.obj (.text:_IRQ_globalEnable)
                  00009a60    00000020                 : csl_irq.obj (.text:_IRQ_nmiEnable)
                  00009a80    00000020                 : csl_mcbsp.obj (.text:_MCBSP_read)
                  00009aa0    00000020                 : csl_mcbsp.obj (.text:_MCBSP_write)
                  00009ac0    00000020     rts6700.lib : negll.obj (.text:__negll)
                  00009ae0    00000020                 : _lock.obj (.text:__nop)
                  00009b00    00000020                 : printf.obj (.text:__outc)
                  00009b20    00000020                 : printf.obj (.text:__outs)
                  00009b40    00000020                 : exit.obj (.text:_abort)
                  00009b60    00000020                 : remove.obj (.text:_remove)
                  00009b80    00000020     csl6713.lib : csl_irq.obj (.text)

.bss       0    00000200    00000000     UNINITIALIZED

.data      0    00000200    00000000     UNINITIALIZED

.far       0    00009ba0    0000066e     UNINITIALIZED
                  00009ba0    00000324     rts6700.lib : defs.obj (.far)
                  00009ec4    0000011c                 : lowlev.obj (.far)
                  00009fe0    000000f4     csl6713.lib : csl_irq.obj (.far)
                  0000a0d4    00000088     lab4_IIR_Single.obj (.far)
                  0000a15c    00000038     csl6713.lib : csl_mcbsp.obj (.far)
                  0000a194    00000028     dsk6713bsl.lib : dsk6713_aic23_registers.obj (.far)
                  0000a1bc    00000020                    : dsk6713_aic23_setfreq.obj (.far)
                  0000a1dc    0000000c     rts6700.lib : exit.obj (.far)
                  0000a1e8    00000008     dsk6713bsl.lib : dsk6713_aic23_opencodec.obj (.far)
                  0000a1f0    00000008     rts6700.lib : _lock.obj (.far)
                  0000a1f8    00000008                 : memory.obj (.far)
                  0000a200    00000008                 : trgdrv.obj (.far)
                  0000a208    00000004                 : fopen.obj (.far)
                  0000a20c    00000002     dsk6713bsl.lib : dsk6713.obj (.far)

.stack     0    0000a210    00000400     UNINITIALIZED
                  0000a210    00000008     rts6700.lib : boot.obj (.stack)
                  0000a218    000003f8     --HOLE--

.sysmem    0    0000a610    00000400     UNINITIALIZED
                  0000a610    00000008     rts6700.lib : memory.obj (.sysmem)
                  0000a618    000003f8     --HOLE--

.cinit     0    0000aa10    00000374     
                  0000aa10    0000012c     csl6713.lib : csl_irq.obj (.cinit)
                  0000ab3c    00000004     --HOLE-- [fill = 0]
                  0000ab40    0000005c     rts6700.lib : defs.obj (.cinit)
                  0000ab9c    00000004     --HOLE-- [fill = 0]
                  0000aba0    0000005c                 : lowlev.obj (.cinit)
                  0000abfc    00000004     --HOLE-- [fill = 0]
                  0000ac00    00000054     csl6713.lib : csl_mcbsp.obj (.cinit)
                  0000ac54    00000004     --HOLE-- [fill = 0]
                  0000ac58    0000003c     lab4_IIR_Single.obj (.cinit)
                  0000ac94    00000004     --HOLE-- [fill = 0]
                  0000ac98    00000030     dsk6713bsl.lib : dsk6713_aic23_registers.obj (.cinit)
                  0000acc8    0000002c     rts6700.lib : exit.obj (.cinit)
                  0000acf4    00000004     --HOLE-- [fill = 0]
                  0000acf8    0000002c                 : memory.obj (.cinit)
                  0000ad24    00000004     --HOLE-- [fill = 0]
                  0000ad28    00000028     dsk6713bsl.lib : dsk6713_aic23_setfreq.obj (.cinit)
                  0000ad50    0000001c     rts6700.lib : _lock.obj (.cinit)
                  0000ad6c    00000004     --HOLE-- [fill = 0]
                  0000ad70    0000000c                 : fopen.obj (.cinit)
                  0000ad7c    00000004     --HOLE-- [fill = 0]
                  0000ad80    00000004     (.pad.cinit) [fill = 0]

.const     0    0000ad84    00000220     
                  0000ad84    00000101     rts6700.lib : ctype.obj (.const:.string:__ctypes_)
                  0000ae85    00000002                 : fputs.obj (.const:.string)
                  0000ae87    00000001     --HOLE-- [fill = 0]
                  0000ae88    00000040     dsk6713bsl.lib : dsk6713_aic23_opencodec.obj (.const)
                  0000aec8    00000038     lab4_IIR_Single.obj (.const:.string)
                  0000af00    0000002c     lab4_IIR_Single.obj (.const:_DEN)
                  0000af2c    0000002c     lab4_IIR_Single.obj (.const:_NUM)
                  0000af58    00000023     rts6700.lib : _printfi.obj (.const:.string)
                  0000af7b    00000001     --HOLE-- [fill = 0]
                  0000af7c    00000020     dsk6713bsl.lib : dsk6713.obj (.const)
                  0000af9c    00000008     lab4_IIR_Single.obj (.const)

.cio       0    0000afa4    00000120     UNINITIALIZED
                  0000afa4    00000120     rts6700.lib : trgmsg.obj (.cio)


GLOBAL SYMBOLS: SORTED ALPHABETICALLY BY Name 

address    name
--------   ----
00000200   $bss
00000200   .bss
00000200   .data
00000200   .text
00009b40   C$$EXIT
00009538   C$$IO$$
0000af00   _DEN
0000afa0   _DL
0000a1e8   _DSK6713_AIC23_codeccontrolhandle
0000a1ec   _DSK6713_AIC23_codecdatahandle
000074c0   _DSK6713_AIC23_config
000048c0   _DSK6713_AIC23_openCodec
00007498   _DSK6713_AIC23_rget
00007400   _DSK6713_AIC23_rset
00009040   _DSK6713_AIC23_setFreq
000023b4   _DSK6713_getVersion
00001fec   _DSK6713_init
00002308   _DSK6713_rget
0000231c   _DSK6713_rset
0000a20c   _DSK6713_version
00002330   _DSK6713_wait
00002388   _DSK6713_waitusec
00007c00   _HOSTclose
00006d80   _HOSTlseek
00007540   _HOSTopen
00007040   _HOSTread
00005fa0   _HOSTrename
00007d00   _HOSTunlink
00007660   _HOSTwrite
00009960   _IRQ_enable
00009a20   _IRQ_globalDisable
00009a40   _IRQ_globalEnable
000063a0   _IRQ_map
00009a60   _IRQ_nmiEnable
00007e00   _MCBSP_open
00009a80   _MCBSP_read
00006720   _MCBSP_reset
00007f00   _MCBSP_start
00009aa0   _MCBSP_write
0000af9c   _NL
0000af2c   _NUM
0000afa4   __CIOBUF_
0000a0cc   __IRQ_dispatchTable
0000a008   __IRQ_eventTable
00009b80   __IRQ_hookFetchPacket
0000a08c   __IRQ_intTable
0000a18c   __MCBSP_hDev0
0000a190   __MCBSP_hDev1
0000a610   __STACK_END
00000400   __STACK_SIZE
00000400   __SYSMEM_SIZE
00000001   __TI_args_main
00009560   ___TI_cpp_init
0000a1e4   ___TI_enable_exit_profile_output
ffffffff   ___TI_pprof_out_hndl
ffffffff   ___TI_prof_data_size
ffffffff   ___TI_prof_data_start
ffffffff   ___binit__
00000200   ___bss__
ffffffff   ___c_args__
0000aa10   ___cinit__
00000200   ___data__
00000200   ___edata__
00000200   ___end__
00009ba0   ___etext__
000097e0   ___isinf
ffffffff   ___pinit__
00000200   ___text__
000099e0   __args_main
00008000   __auto_init
00008e00   __c6xabi_divu
00008700   __cleanup
0000a1dc   __cleanup_ptr
00006ee0   __closefile
0000ad84   __ctypes_
00000200   __divd
00004280   __divf
00008200   __divli
00008e00   __divu
00005680   __divul
000034c0   __divull
000087e0   __doflush
0000a1e0   __dtors_ptr
00009100   __fixdli
000095e0   __fltlid
00007180   __frcmpyd_div
00009ec0   __ft_end
00009ba0   __ftable
00009660   __llshl
00009840   __llshru
0000a1f0   __lock
000091a0   __mpyll
00009ac0   __negll
00009ae0   __nop
00001580   __printfi
00009240   __remli
0000a210   __stack
00008a80   __strasg
000098a0   __subcull
0000a610   __sys_memory
00009d80   __tmpnams
0000a1f4   __unlock
00007780   __wrt_ok
00009b40   _abort
000072c0   _atoi
000096e0   _c_int00
000078a0   _close
0000a0d8   _config
00008ec0   _copy_in
00008b60   _exit
00005140   _fputc
00001ae0   _fputs
00003840   _free
00006560   _fseek
0000a0d4   _hCodec
000025ec   _iirDFII
00009900   _iir_single
00008400   _lseek
000079c0   _ltoa
00002420   _main
00005b20   _malloc
00009760   _memccpy
00005d60   _memcpy
00007ae0   _memset
0000a158   _n
00008500   _printf
00005140   _putc
000092e0   _readmsg
00009b60   _remove
00006c00   _serialPortRcvISR
000053e0   _setvbuf
00009420   _unlink
0000a100   _w
0000a12c   _w_asm
00008600   _write
000094c0   _writemsg
ffffffff   binit
0000aa10   cinit
00000200   edata
00000200   end
00009ba0   etext
ffffffff   pinit


GLOBAL SYMBOLS: SORTED BY Symbol Address 

address    name
--------   ----
00000001   __TI_args_main
00000200   $bss
00000200   .bss
00000200   .data
00000200   .text
00000200   ___bss__
00000200   ___data__
00000200   ___edata__
00000200   ___end__
00000200   ___text__
00000200   __divd
00000200   edata
00000200   end
00000400   __STACK_SIZE
00000400   __SYSMEM_SIZE
00001580   __printfi
00001ae0   _fputs
00001fec   _DSK6713_init
00002308   _DSK6713_rget
0000231c   _DSK6713_rset
00002330   _DSK6713_wait
00002388   _DSK6713_waitusec
000023b4   _DSK6713_getVersion
00002420   _main
000025ec   _iirDFII
000034c0   __divull
00003840   _free
00004280   __divf
000048c0   _DSK6713_AIC23_openCodec
00005140   _fputc
00005140   _putc
000053e0   _setvbuf
00005680   __divul
00005b20   _malloc
00005d60   _memcpy
00005fa0   _HOSTrename
000063a0   _IRQ_map
00006560   _fseek
00006720   _MCBSP_reset
00006c00   _serialPortRcvISR
00006d80   _HOSTlseek
00006ee0   __closefile
00007040   _HOSTread
00007180   __frcmpyd_div
000072c0   _atoi
00007400   _DSK6713_AIC23_rset
00007498   _DSK6713_AIC23_rget
000074c0   _DSK6713_AIC23_config
00007540   _HOSTopen
00007660   _HOSTwrite
00007780   __wrt_ok
000078a0   _close
000079c0   _ltoa
00007ae0   _memset
00007c00   _HOSTclose
00007d00   _HOSTunlink
00007e00   _MCBSP_open
00007f00   _MCBSP_start
00008000   __auto_init
00008200   __divli
00008400   _lseek
00008500   _printf
00008600   _write
00008700   __cleanup
000087e0   __doflush
00008a80   __strasg
00008b60   _exit
00008e00   __c6xabi_divu
00008e00   __divu
00008ec0   _copy_in
00009040   _DSK6713_AIC23_setFreq
00009100   __fixdli
000091a0   __mpyll
00009240   __remli
000092e0   _readmsg
00009420   _unlink
000094c0   _writemsg
00009538   C$$IO$$
00009560   ___TI_cpp_init
000095e0   __fltlid
00009660   __llshl
000096e0   _c_int00
00009760   _memccpy
000097e0   ___isinf
00009840   __llshru
000098a0   __subcull
00009900   _iir_single
00009960   _IRQ_enable
000099e0   __args_main
00009a20   _IRQ_globalDisable
00009a40   _IRQ_globalEnable
00009a60   _IRQ_nmiEnable
00009a80   _MCBSP_read
00009aa0   _MCBSP_write
00009ac0   __negll
00009ae0   __nop
00009b40   C$$EXIT
00009b40   _abort
00009b60   _remove
00009b80   __IRQ_hookFetchPacket
00009ba0   ___etext__
00009ba0   __ftable
00009ba0   etext
00009d80   __tmpnams
00009ec0   __ft_end
0000a008   __IRQ_eventTable
0000a08c   __IRQ_intTable
0000a0cc   __IRQ_dispatchTable
0000a0d4   _hCodec
0000a0d8   _config
0000a100   _w
0000a12c   _w_asm
0000a158   _n
0000a18c   __MCBSP_hDev0
0000a190   __MCBSP_hDev1
0000a1dc   __cleanup_ptr
0000a1e0   __dtors_ptr
0000a1e4   ___TI_enable_exit_profile_output
0000a1e8   _DSK6713_AIC23_codeccontrolhandle
0000a1ec   _DSK6713_AIC23_codecdatahandle
0000a1f0   __lock
0000a1f4   __unlock
0000a20c   _DSK6713_version
0000a210   __stack
0000a610   __STACK_END
0000a610   __sys_memory
0000aa10   ___cinit__
0000aa10   cinit
0000ad84   __ctypes_
0000af00   _DEN
0000af2c   _NUM
0000af9c   _NL
0000afa0   _DL
0000afa4   __CIOBUF_
ffffffff   ___TI_pprof_out_hndl
ffffffff   ___TI_prof_data_size
ffffffff   ___TI_prof_data_start
ffffffff   ___binit__
ffffffff   ___c_args__
ffffffff   ___pinit__
ffffffff   binit
ffffffff   pinit

[142 symbols]
