******************************************************************************
               TMS320C6x Linker PC v7.4.2                      
******************************************************************************
>> Linked Thu Dec 04 22:46:56 2014

OUTPUT FILE NAME:   <lab4_IIR_DF2.out>
ENTRY POINT SYMBOL: "_c_int00"  address: 00009800


MEMORY CONFIGURATION

         name            origin    length      used     unused   attr    fill
----------------------  --------  ---------  --------  --------  ----  --------
  VECS                  00000000   00000200  00000200  00000000  RWIX
  IRAM                  00000200   0002fe00  0000af82  00024e7e  RWIX
  L2RAM                 00030000   00010000  00000000  00010000  RWIX
  EMIFCE0               80000000   10000000  00000000  10000000  RWIX
  EMIFCE1               90000000   10000000  00000000  10000000  RWIX
  EMIFCE2               a0000000   10000000  00000000  10000000  RWIX
  EMIFCE3               b0000000   10000000  00000000  10000000  RWIX


SECTION ALLOCATION MAP

 output                                  attributes/
section   page    origin      length       input sections
--------  ----  ----------  ----------   ----------------
vectors    0    00000000    00000200     
                  00000000    00000200     vectors.obj (vectors)

.pinit     0    00000200    00000000     UNINITIALIZED

.text      0    00000200    00009a60     
                  00000200    00000720     rts6700.lib : divd.obj (.text:__divd)
                  00000920    000006c0                 : _printfi.obj (.text:__getarg_diouxp)
                  00000fe0    000005a0                 : _printfi.obj (.text:__setfield)
                  00001580    00000560                 : _printfi.obj (.text:__printfi)
                  00001ae0    000004c0                 : fputs.obj (.text:_fputs)
                  00001fa0    00000480     dsk6713bsl.lib : dsk6713.obj (.text)
                  00002420    00000480     lab4_IIR_Single.obj (.text)
                  000028a0    00000420     rts6700.lib : _printfi.obj (.text:_fcvt)
                  00002cc0    00000400                 : _printfi.obj (.text:__pproc_fge)
                  000030c0    00000400                 : _printfi.obj (.text:_ecvt)
                  000034c0    00000380                 : imath64.obj (.text:__divull)
                  00003840    00000380                 : memory.obj (.text:_free)
                  00003bc0    00000360                 : _printfi.obj (.text:__pconv_e)
                  00003f20    00000360                 : _printfi.obj (.text:__pproc_fwp)
                  00004280    00000340                 : divf.obj (.text:__divf)
                  000045c0    00000300                 : _printfi.obj (.text:__pproc_diouxp)
                  000048c0    00000300     dsk6713bsl.lib : dsk6713_aic23_opencodec.obj (.text)
                  00004bc0    000002c0     rts6700.lib : _printfi.obj (.text:__pconv_g)
                  00004e80    000002c0                 : _printfi.obj (.text:__pproc_str)
                  00005140    000002a0                 : fputc.obj (.text:_fputc)
                  000053e0    000002a0                 : setvbuf.obj (.text:_setvbuf)
                  00005680    00000260                 : imath40.obj (.text:__divul)
                  000058e0    00000240                 : _printfi.obj (.text:__mcpy)
                  00005b20    00000240                 : memory.obj (.text:_malloc)
                  00005d60    00000240                 : memcpy62.obj (.text:_memcpy)
                  00005fa0    00000220                 : trgdrv.obj (.text:_HOSTrename)
                  000061c0    000001e0                 : lowlev.obj (.text:_getdevice)
                  000063a0    000001c0     csl6713.lib : csl_irq.obj (.text:_IRQ_map)
                  00006560    000001c0     rts6700.lib : fseek.obj (.text:_fseek)
                  00006720    000001a0     csl6713.lib : csl_mcbsp.obj (.text:_MCBSP_reset)
                  000068c0    000001a0     rts6700.lib : _printfi.obj (.text:__ltostr)
                  00006a60    000001a0                 : _printfi.obj (.text:__pproc_fflags)
                  00006c00    00000180     lab4_IIR_Single.obj (.text:retain)
                  00006d80    00000160     rts6700.lib : trgdrv.obj (.text:_HOSTlseek)
                  00006ee0    00000160                 : fclose.obj (.text:__closefile)
                  00007040    00000140                 : trgdrv.obj (.text:_HOSTread)
                  00007180    00000140                 : frcmpyd_div.obj (.text:__frcmpyd_div)
                  000072c0    00000140                 : atoi.obj (.text:_atoi)
                  00007400    00000140     dsk6713bsl.lib : dsk6713_aic23_registers.obj (.text)
                  00007540    00000120     rts6700.lib : trgdrv.obj (.text:_HOSTopen)
                  00007660    00000120                 : trgdrv.obj (.text:_HOSTwrite)
                  00007780    00000120                 : _io_perm.obj (.text:__wrt_ok)
                  000078a0    00000120                 : lowlev.obj (.text:_close)
                  000079c0    00000120                 : ltoa.obj (.text:_ltoa)
                  00007ae0    00000120                 : memset.obj (.text:_memset)
                  00007c00    00000120     iir_single.obj (.text)
                  00007d20    00000100     rts6700.lib : trgdrv.obj (.text:_HOSTclose)
                  00007e20    00000100                 : trgdrv.obj (.text:_HOSTunlink)
                  00007f20    00000100     csl6713.lib : csl_mcbsp.obj (.text:_MCBSP_open)
                  00008020    00000100                 : csl_mcbsp.obj (.text:_MCBSP_start)
                  00008120    00000100     rts6700.lib : autoinit.obj (.text:__auto_init)
                  00008220    00000100                 : _printfi.obj (.text:__div)
                  00008320    00000100                 : imath40.obj (.text:__divli)
                  00008420    00000100                 : _printfi.obj (.text:__pconv_f)
                  00008520    00000100                 : lowlev.obj (.text:_lseek)
                  00008620    00000100                 : printf.obj (.text:_printf)
                  00008720    00000100                 : lowlev.obj (.text:_write)
                  00008820    000000e0                 : fopen.obj (.text:__cleanup)
                  00008900    000000e0                 : fflush.obj (.text:__doflush)
                  000089e0    000000e0                 : _printfi.obj (.text:__ecpy)
                  00008ac0    000000e0                 : _printfi.obj (.text:__fcpy)
                  00008ba0    000000e0                 : strasg.obj (.text:__strasg)
                  00008c80    000000e0                 : exit.obj (.text:_exit)
                  00008d60    000000e0                 : memory.obj (.text:_minsert)
                  00008e40    000000e0                 : memory.obj (.text:_mremove)
                  00008f20    000000c0                 : divu.obj (.text:__divu)
                  00008fe0    000000c0                 : cpy_tbl.obj (.text:_copy_in)
                  000090a0    000000c0                 : lowlev.obj (.text:_finddevice)
                  00009160    000000c0     dsk6713bsl.lib : dsk6713_aic23_setfreq.obj (.text)
                  00009220    000000a0     rts6700.lib : fixdli.obj (.text:__fixdli)
                  000092c0    000000a0                 : mpyll.obj (.text:__mpyll)
                  00009360    000000a0                 : imath40.obj (.text:__remli)
                  00009400    000000a0                 : trgmsg.obj (.text:_readmsg)
                  000094a0    000000a0     csl6713.lib : csl_irq.obj (.text:_setMux)
                  00009540    000000a0     rts6700.lib : lowlev.obj (.text:_unlink)
                  000095e0    000000a0                 : trgmsg.obj (.text:_writemsg)
                  00009680    00000080                 : cpp_init.obj (.text:___TI_cpp_init)
                  00009700    00000080                 : fltlid.obj (.text:__fltlid)
                  00009780    00000080                 : llshift.obj (.text:__llshl)
                  00009800    00000080                 : boot.obj (.text:_c_int00)
                  00009880    00000080                 : memccpy.obj (.text:_memccpy)
                  00009900    00000060                 : isinf.obj (.text:___isinf)
                  00009960    00000060                 : llshift.obj (.text:__llshru)
                  000099c0    00000060                 : imath64.obj (.text:__subcull)
                  00009a20    00000040     csl6713.lib : csl_irq.obj (.text:_IRQ_enable)
                  00009a60    00000040     rts6700.lib : _printfi.obj (.text:___isnan)
                  00009aa0    00000040                 : args_main.obj (.text:__args_main)
                  00009ae0    00000020     csl6713.lib : csl_irq.obj (.text:_IRQ_globalDisable)
                  00009b00    00000020                 : csl_irq.obj (.text:_IRQ_globalEnable)
                  00009b20    00000020                 : csl_irq.obj (.text:_IRQ_nmiEnable)
                  00009b40    00000020                 : csl_mcbsp.obj (.text:_MCBSP_read)
                  00009b60    00000020                 : csl_mcbsp.obj (.text:_MCBSP_write)
                  00009b80    00000020     rts6700.lib : negll.obj (.text:__negll)
                  00009ba0    00000020                 : _lock.obj (.text:__nop)
                  00009bc0    00000020                 : printf.obj (.text:__outc)
                  00009be0    00000020                 : printf.obj (.text:__outs)
                  00009c00    00000020                 : exit.obj (.text:_abort)
                  00009c20    00000020                 : remove.obj (.text:_remove)
                  00009c40    00000020     csl6713.lib : csl_irq.obj (.text)

.bss       0    00000200    00000000     UNINITIALIZED

.data      0    00000200    00000000     UNINITIALIZED

.far       0    00009c60    0000066e     UNINITIALIZED
                  00009c60    00000324     rts6700.lib : defs.obj (.far)
                  00009f84    0000011c                 : lowlev.obj (.far)
                  0000a0a0    000000f4     csl6713.lib : csl_irq.obj (.far)
                  0000a194    00000088     lab4_IIR_Single.obj (.far)
                  0000a21c    00000038     csl6713.lib : csl_mcbsp.obj (.far)
                  0000a254    00000028     dsk6713bsl.lib : dsk6713_aic23_registers.obj (.far)
                  0000a27c    00000020                    : dsk6713_aic23_setfreq.obj (.far)
                  0000a29c    0000000c     rts6700.lib : exit.obj (.far)
                  0000a2a8    00000008     dsk6713bsl.lib : dsk6713_aic23_opencodec.obj (.far)
                  0000a2b0    00000008     rts6700.lib : _lock.obj (.far)
                  0000a2b8    00000008                 : memory.obj (.far)
                  0000a2c0    00000008                 : trgdrv.obj (.far)
                  0000a2c8    00000004                 : fopen.obj (.far)
                  0000a2cc    00000002     dsk6713bsl.lib : dsk6713.obj (.far)

.stack     0    0000a2d0    00000400     UNINITIALIZED
                  0000a2d0    00000008     rts6700.lib : boot.obj (.stack)
                  0000a2d8    000003f8     --HOLE--

.sysmem    0    0000a6d0    00000400     UNINITIALIZED
                  0000a6d0    00000008     rts6700.lib : memory.obj (.sysmem)
                  0000a6d8    000003f8     --HOLE--

.cinit     0    0000aad0    00000374     
                  0000aad0    0000012c     csl6713.lib : csl_irq.obj (.cinit)
                  0000abfc    00000004     --HOLE-- [fill = 0]
                  0000ac00    0000005c     rts6700.lib : defs.obj (.cinit)
                  0000ac5c    00000004     --HOLE-- [fill = 0]
                  0000ac60    0000005c                 : lowlev.obj (.cinit)
                  0000acbc    00000004     --HOLE-- [fill = 0]
                  0000acc0    00000054     csl6713.lib : csl_mcbsp.obj (.cinit)
                  0000ad14    00000004     --HOLE-- [fill = 0]
                  0000ad18    0000003c     lab4_IIR_Single.obj (.cinit)
                  0000ad54    00000004     --HOLE-- [fill = 0]
                  0000ad58    00000030     dsk6713bsl.lib : dsk6713_aic23_registers.obj (.cinit)
                  0000ad88    0000002c     rts6700.lib : exit.obj (.cinit)
                  0000adb4    00000004     --HOLE-- [fill = 0]
                  0000adb8    0000002c                 : memory.obj (.cinit)
                  0000ade4    00000004     --HOLE-- [fill = 0]
                  0000ade8    00000028     dsk6713bsl.lib : dsk6713_aic23_setfreq.obj (.cinit)
                  0000ae10    0000001c     rts6700.lib : _lock.obj (.cinit)
                  0000ae2c    00000004     --HOLE-- [fill = 0]
                  0000ae30    0000000c                 : fopen.obj (.cinit)
                  0000ae3c    00000004     --HOLE-- [fill = 0]
                  0000ae40    00000004     (.pad.cinit) [fill = 0]

.const     0    0000ae44    00000220     
                  0000ae44    00000101     rts6700.lib : ctype.obj (.const:.string:__ctypes_)
                  0000af45    00000002                 : fputs.obj (.const:.string)
                  0000af47    00000001     --HOLE-- [fill = 0]
                  0000af48    00000040     dsk6713bsl.lib : dsk6713_aic23_opencodec.obj (.const)
                  0000af88    00000038     lab4_IIR_Single.obj (.const:.string)
                  0000afc0    0000002c     lab4_IIR_Single.obj (.const:_DEN)
                  0000afec    0000002c     lab4_IIR_Single.obj (.const:_NUM)
                  0000b018    00000023     rts6700.lib : _printfi.obj (.const:.string)
                  0000b03b    00000001     --HOLE-- [fill = 0]
                  0000b03c    00000020     dsk6713bsl.lib : dsk6713.obj (.const)
                  0000b05c    00000008     lab4_IIR_Single.obj (.const)

.cio       0    0000b064    00000120     UNINITIALIZED
                  0000b064    00000120     rts6700.lib : trgmsg.obj (.cio)


GLOBAL SYMBOLS: SORTED ALPHABETICALLY BY Name 

address    name
--------   ----
00000200   $bss
00000200   .bss
00000200   .data
00000200   .text
00009c00   C$$EXIT
00009658   C$$IO$$
0000afc0   _DEN
0000b060   _DL
0000a2a8   _DSK6713_AIC23_codeccontrolhandle
0000a2ac   _DSK6713_AIC23_codecdatahandle
000074c0   _DSK6713_AIC23_config
000048c0   _DSK6713_AIC23_openCodec
00007498   _DSK6713_AIC23_rget
00007400   _DSK6713_AIC23_rset
00009160   _DSK6713_AIC23_setFreq
000023b4   _DSK6713_getVersion
00001fec   _DSK6713_init
00002308   _DSK6713_rget
0000231c   _DSK6713_rset
0000a2cc   _DSK6713_version
00002330   _DSK6713_wait
00002388   _DSK6713_waitusec
00007d20   _HOSTclose
00006d80   _HOSTlseek
00007540   _HOSTopen
00007040   _HOSTread
00005fa0   _HOSTrename
00007e20   _HOSTunlink
00007660   _HOSTwrite
00009a20   _IRQ_enable
00009ae0   _IRQ_globalDisable
00009b00   _IRQ_globalEnable
000063a0   _IRQ_map
00009b20   _IRQ_nmiEnable
00007f20   _MCBSP_open
00009b40   _MCBSP_read
00006720   _MCBSP_reset
00008020   _MCBSP_start
00009b60   _MCBSP_write
0000b05c   _NL
0000afec   _NUM
0000b064   __CIOBUF_
0000a18c   __IRQ_dispatchTable
0000a0c8   __IRQ_eventTable
00009c40   __IRQ_hookFetchPacket
0000a14c   __IRQ_intTable
0000a24c   __MCBSP_hDev0
0000a250   __MCBSP_hDev1
0000a6d0   __STACK_END
00000400   __STACK_SIZE
00000400   __SYSMEM_SIZE
00000001   __TI_args_main
00009680   ___TI_cpp_init
0000a2a4   ___TI_enable_exit_profile_output
ffffffff   ___TI_pprof_out_hndl
ffffffff   ___TI_prof_data_size
ffffffff   ___TI_prof_data_start
ffffffff   ___binit__
00000200   ___bss__
ffffffff   ___c_args__
0000aad0   ___cinit__
00000200   ___data__
00000200   ___edata__
00000200   ___end__
00009c60   ___etext__
00009900   ___isinf
ffffffff   ___pinit__
00000200   ___text__
00009aa0   __args_main
00008120   __auto_init
00008f20   __c6xabi_divu
00008820   __cleanup
0000a29c   __cleanup_ptr
00006ee0   __closefile
0000ae44   __ctypes_
00000200   __divd
00004280   __divf
00008320   __divli
00008f20   __divu
00005680   __divul
000034c0   __divull
00008900   __doflush
0000a2a0   __dtors_ptr
00009220   __fixdli
00009700   __fltlid
00007180   __frcmpyd_div
00009f80   __ft_end
00009c60   __ftable
00009780   __llshl
00009960   __llshru
0000a2b0   __lock
000092c0   __mpyll
00009b80   __negll
00009ba0   __nop
00001580   __printfi
00009360   __remli
0000a2d0   __stack
00008ba0   __strasg
000099c0   __subcull
0000a6d0   __sys_memory
00009e40   __tmpnams
0000a2b4   __unlock
00007780   __wrt_ok
00009c00   _abort
000072c0   _atoi
00009800   _c_int00
000078a0   _close
0000a198   _config
00008fe0   _copy_in
00008c80   _exit
00005140   _fputc
00001ae0   _fputs
00003840   _free
00006560   _fseek
0000a194   _hCodec
000025ec   _iirDFII
00007c00   _iir_single
00008520   _lseek
000079c0   _ltoa
00002420   _main
00005b20   _malloc
00009880   _memccpy
00005d60   _memcpy
00007ae0   _memset
0000a218   _n
00008620   _printf
00005140   _putc
00009400   _readmsg
00009c20   _remove
00006c00   _serialPortRcvISR
000053e0   _setvbuf
00009540   _unlink
0000a1c0   _w
0000a1ec   _w_asm
00008720   _write
000095e0   _writemsg
ffffffff   binit
0000aad0   cinit
00000200   edata
00000200   end
00009c60   etext
ffffffff   pinit


GLOBAL SYMBOLS: SORTED BY Symbol Address 

address    name
--------   ----
00000001   __TI_args_main
00000200   $bss
00000200   .bss
00000200   .data
00000200   .text
00000200   ___bss__
00000200   ___data__
00000200   ___edata__
00000200   ___end__
00000200   ___text__
00000200   __divd
00000200   edata
00000200   end
00000400   __STACK_SIZE
00000400   __SYSMEM_SIZE
00001580   __printfi
00001ae0   _fputs
00001fec   _DSK6713_init
00002308   _DSK6713_rget
0000231c   _DSK6713_rset
00002330   _DSK6713_wait
00002388   _DSK6713_waitusec
000023b4   _DSK6713_getVersion
00002420   _main
000025ec   _iirDFII
000034c0   __divull
00003840   _free
00004280   __divf
000048c0   _DSK6713_AIC23_openCodec
00005140   _fputc
00005140   _putc
000053e0   _setvbuf
00005680   __divul
00005b20   _malloc
00005d60   _memcpy
00005fa0   _HOSTrename
000063a0   _IRQ_map
00006560   _fseek
00006720   _MCBSP_reset
00006c00   _serialPortRcvISR
00006d80   _HOSTlseek
00006ee0   __closefile
00007040   _HOSTread
00007180   __frcmpyd_div
000072c0   _atoi
00007400   _DSK6713_AIC23_rset
00007498   _DSK6713_AIC23_rget
000074c0   _DSK6713_AIC23_config
00007540   _HOSTopen
00007660   _HOSTwrite
00007780   __wrt_ok
000078a0   _close
000079c0   _ltoa
00007ae0   _memset
00007c00   _iir_single
00007d20   _HOSTclose
00007e20   _HOSTunlink
00007f20   _MCBSP_open
00008020   _MCBSP_start
00008120   __auto_init
00008320   __divli
00008520   _lseek
00008620   _printf
00008720   _write
00008820   __cleanup
00008900   __doflush
00008ba0   __strasg
00008c80   _exit
00008f20   __c6xabi_divu
00008f20   __divu
00008fe0   _copy_in
00009160   _DSK6713_AIC23_setFreq
00009220   __fixdli
000092c0   __mpyll
00009360   __remli
00009400   _readmsg
00009540   _unlink
000095e0   _writemsg
00009658   C$$IO$$
00009680   ___TI_cpp_init
00009700   __fltlid
00009780   __llshl
00009800   _c_int00
00009880   _memccpy
00009900   ___isinf
00009960   __llshru
000099c0   __subcull
00009a20   _IRQ_enable
00009aa0   __args_main
00009ae0   _IRQ_globalDisable
00009b00   _IRQ_globalEnable
00009b20   _IRQ_nmiEnable
00009b40   _MCBSP_read
00009b60   _MCBSP_write
00009b80   __negll
00009ba0   __nop
00009c00   C$$EXIT
00009c00   _abort
00009c20   _remove
00009c40   __IRQ_hookFetchPacket
00009c60   ___etext__
00009c60   __ftable
00009c60   etext
00009e40   __tmpnams
00009f80   __ft_end
0000a0c8   __IRQ_eventTable
0000a14c   __IRQ_intTable
0000a18c   __IRQ_dispatchTable
0000a194   _hCodec
0000a198   _config
0000a1c0   _w
0000a1ec   _w_asm
0000a218   _n
0000a24c   __MCBSP_hDev0
0000a250   __MCBSP_hDev1
0000a29c   __cleanup_ptr
0000a2a0   __dtors_ptr
0000a2a4   ___TI_enable_exit_profile_output
0000a2a8   _DSK6713_AIC23_codeccontrolhandle
0000a2ac   _DSK6713_AIC23_codecdatahandle
0000a2b0   __lock
0000a2b4   __unlock
0000a2cc   _DSK6713_version
0000a2d0   __stack
0000a6d0   __STACK_END
0000a6d0   __sys_memory
0000aad0   ___cinit__
0000aad0   cinit
0000ae44   __ctypes_
0000afc0   _DEN
0000afec   _NUM
0000b05c   _NL
0000b060   _DL
0000b064   __CIOBUF_
ffffffff   ___TI_pprof_out_hndl
ffffffff   ___TI_prof_data_size
ffffffff   ___TI_prof_data_start
ffffffff   ___binit__
ffffffff   ___c_args__
ffffffff   ___pinit__
ffffffff   binit
ffffffff   pinit

[142 symbols]
