******************************************************************************
               TMS320C6x Linker PC v7.4.2                      
******************************************************************************
>> Linked Wed Nov 19 23:13:07 2014

OUTPUT FILE NAME:   <lab3_IIR_DF2_LOL.out>
ENTRY POINT SYMBOL: "_c_int00"  address: 00001c40


MEMORY CONFIGURATION

         name            origin    length      used     unused   attr    fill
----------------------  --------  ---------  --------  --------  ----  --------
  VECS                  00000000   00000200  00000200  00000000  RWIX
  IRAM                  00000200   0002fe00  00002502  0002d8fe  RWIX
  L2RAM                 00030000   00010000  00000000  00010000  RWIX
  EMIFCE0               80000000   10000000  00000000  10000000  RWIX
  EMIFCE1               90000000   10000000  00000000  10000000  RWIX
  EMIFCE2               a0000000   10000000  00000000  10000000  RWIX
  EMIFCE3               b0000000   10000000  00000000  10000000  RWIX


SECTION ALLOCATION MAP

 output                                  attributes/
section   page    origin      length       input sections
--------  ----  ----------  ----------   ----------------
vectors    0    00000000    00000200     
                  00000000    00000200     vectors.obj (vectors)

.pinit     0    00000200    00000000     UNINITIALIZED

.text      0    00000200    00001c20     
                  00000200    00000480     dsk6713bsl.lib : dsk6713.obj (.text)
                  00000680    00000320     lab3_IIR_LOL.obj (.text:retain)
                  000009a0    00000300     dsk6713bsl.lib : dsk6713_aic23_opencodec.obj (.text)
                  00000ca0    00000240     rts6700.lib : memcpy62.obj (.text:_memcpy)
                  00000ee0    000001c0     csl6713.lib : csl_irq.obj (.text:_IRQ_map)
                  000010a0    000001a0                 : csl_mcbsp.obj (.text:_MCBSP_reset)
                  00001240    00000160     lab3_IIR_LOL.obj (.text)
                  000013a0    00000140     dsk6713bsl.lib : dsk6713_aic23_registers.obj (.text)
                  000014e0    00000100     csl6713.lib : csl_mcbsp.obj (.text:_MCBSP_open)
                  000015e0    00000100                 : csl_mcbsp.obj (.text:_MCBSP_start)
                  000016e0    00000100     rts6700.lib : autoinit.obj (.text:__auto_init)
                  000017e0    000000e0                 : strasg.obj (.text:__strasg)
                  000018c0    000000e0                 : exit.obj (.text:_exit)
                  000019a0    000000c0                 : cpy_tbl.obj (.text:_copy_in)
                  00001a60    000000c0     dsk6713bsl.lib : dsk6713_aic23_setfreq.obj (.text)
                  00001b20    000000a0     csl6713.lib : csl_irq.obj (.text:_setMux)
                  00001bc0    00000080     rts6700.lib : cpp_init.obj (.text:___TI_cpp_init)
                  00001c40    00000080                 : boot.obj (.text:_c_int00)
                  00001cc0    00000040     csl6713.lib : csl_irq.obj (.text:_IRQ_enable)
                  00001d00    00000040     rts6700.lib : args_main.obj (.text:__args_main)
                  00001d40    00000020     csl6713.lib : csl_irq.obj (.text:_IRQ_globalDisable)
                  00001d60    00000020                 : csl_irq.obj (.text:_IRQ_globalEnable)
                  00001d80    00000020                 : csl_irq.obj (.text:_IRQ_nmiEnable)
                  00001da0    00000020                 : csl_mcbsp.obj (.text:_MCBSP_read)
                  00001dc0    00000020                 : csl_mcbsp.obj (.text:_MCBSP_write)
                  00001de0    00000020     rts6700.lib : exit.obj (.text:_abort)
                  00001e00    00000020     csl6713.lib : csl_irq.obj (.text)

.bss       0    00000200    00000000     UNINITIALIZED

.data      0    00000200    00000000     UNINITIALIZED

.stack     0    00001e20    00000400     UNINITIALIZED
                  00001e20    00000008     rts6700.lib : boot.obj (.stack)
                  00001e28    000003f8     --HOLE--

.cinit     0    00002220    00000264     
                  00002220    0000012c     csl6713.lib : csl_irq.obj (.cinit)
                  0000234c    00000004     --HOLE-- [fill = 0]
                  00002350    00000054                 : csl_mcbsp.obj (.cinit)
                  000023a4    00000004     --HOLE-- [fill = 0]
                  000023a8    0000004c     lab3_IIR_LOL.obj (.cinit)
                  000023f4    00000004     --HOLE-- [fill = 0]
                  000023f8    00000030     dsk6713bsl.lib : dsk6713_aic23_registers.obj (.cinit)
                  00002428    0000002c     rts6700.lib : exit.obj (.cinit)
                  00002454    00000004     --HOLE-- [fill = 0]
                  00002458    00000028     dsk6713bsl.lib : dsk6713_aic23_setfreq.obj (.cinit)
                  00002480    00000004     --HOLE-- [fill = 0]

.far       0    00002484    000001e6     UNINITIALIZED
                  00002484    000000f4     csl6713.lib : csl_irq.obj (.far)
                  00002578    0000005c     lab3_IIR_LOL.obj (.far)
                  000025d4    00000038     csl6713.lib : csl_mcbsp.obj (.far)
                  0000260c    00000028     dsk6713bsl.lib : dsk6713_aic23_registers.obj (.far)
                  00002634    00000020                    : dsk6713_aic23_setfreq.obj (.far)
                  00002654    0000000c     rts6700.lib : exit.obj (.far)
                  00002660    00000008     dsk6713bsl.lib : dsk6713_aic23_opencodec.obj (.far)
                  00002668    00000002                    : dsk6713.obj (.far)

.const     0    0000266c    00000098     
                  0000266c    00000040     dsk6713bsl.lib : dsk6713_aic23_opencodec.obj (.const)
                  000026ac    00000020                    : dsk6713.obj (.const)
                  000026cc    00000016     lab3_IIR_LOL.obj (.const:_DEN)
                  000026e2    00000002     --HOLE-- [fill = 0]
                  000026e4    00000016     lab3_IIR_LOL.obj (.const:_NUM)
                  000026fa    00000002     --HOLE-- [fill = 0]
                  000026fc    00000008     lab3_IIR_LOL.obj (.const)


GLOBAL SYMBOLS: SORTED ALPHABETICALLY BY Name 

address    name
--------   ----
00000200   $bss
00000200   .bss
00000200   .data
00000200   .text
00001de0   C$$EXIT
000026cc   _DEN
00002700   _DL
00002660   _DSK6713_AIC23_codeccontrolhandle
00002664   _DSK6713_AIC23_codecdatahandle
00001460   _DSK6713_AIC23_config
000009a0   _DSK6713_AIC23_openCodec
00001438   _DSK6713_AIC23_rget
000013a0   _DSK6713_AIC23_rset
00001a60   _DSK6713_AIC23_setFreq
00000614   _DSK6713_getVersion
0000024c   _DSK6713_init
00000568   _DSK6713_rget
0000057c   _DSK6713_rset
00002668   _DSK6713_version
00000590   _DSK6713_wait
000005e8   _DSK6713_waitusec
00001cc0   _IRQ_enable
00001d40   _IRQ_globalDisable
00001d60   _IRQ_globalEnable
00000ee0   _IRQ_map
00001d80   _IRQ_nmiEnable
000014e0   _MCBSP_open
00001da0   _MCBSP_read
000010a0   _MCBSP_reset
000015e0   _MCBSP_start
00001dc0   _MCBSP_write
000026fc   _NL
000026e4   _NUM
00002570   __IRQ_dispatchTable
000024ac   __IRQ_eventTable
00001e00   __IRQ_hookFetchPacket
00002530   __IRQ_intTable
00002604   __MCBSP_hDev0
00002608   __MCBSP_hDev1
00002220   __STACK_END
00000400   __STACK_SIZE
00000001   __TI_args_main
00001bc0   ___TI_cpp_init
0000265c   ___TI_enable_exit_profile_output
ffffffff   ___TI_pprof_out_hndl
ffffffff   ___TI_prof_data_size
ffffffff   ___TI_prof_data_start
ffffffff   ___binit__
00000200   ___bss__
ffffffff   ___c_args__
00002220   ___cinit__
00000200   ___data__
00000200   ___edata__
00000200   ___end__
00001e20   ___etext__
ffffffff   ___pinit__
00000200   ___text__
00001d00   __args_main
000016e0   __auto_init
00002654   __cleanup_ptr
00002658   __dtors_ptr
00001e20   __stack
000017e0   __strasg
00001de0   _abort
00001c40   _c_int00
0000257c   _config
000019a0   _copy_in
000018c0   _exit
00002578   _hCodec
00001240   _main
00000ca0   _memcpy
000025d0   _n
00000680   _serialPortRcvISR
000025a4   _w
ffffffff   binit
00002220   cinit
00000200   edata
00000200   end
00001e20   etext
ffffffff   pinit


GLOBAL SYMBOLS: SORTED BY Symbol Address 

address    name
--------   ----
00000001   __TI_args_main
00000200   $bss
00000200   .bss
00000200   .data
00000200   .text
00000200   ___bss__
00000200   ___data__
00000200   ___edata__
00000200   ___end__
00000200   ___text__
00000200   edata
00000200   end
0000024c   _DSK6713_init
00000400   __STACK_SIZE
00000568   _DSK6713_rget
0000057c   _DSK6713_rset
00000590   _DSK6713_wait
000005e8   _DSK6713_waitusec
00000614   _DSK6713_getVersion
00000680   _serialPortRcvISR
000009a0   _DSK6713_AIC23_openCodec
00000ca0   _memcpy
00000ee0   _IRQ_map
000010a0   _MCBSP_reset
00001240   _main
000013a0   _DSK6713_AIC23_rset
00001438   _DSK6713_AIC23_rget
00001460   _DSK6713_AIC23_config
000014e0   _MCBSP_open
000015e0   _MCBSP_start
000016e0   __auto_init
000017e0   __strasg
000018c0   _exit
000019a0   _copy_in
00001a60   _DSK6713_AIC23_setFreq
00001bc0   ___TI_cpp_init
00001c40   _c_int00
00001cc0   _IRQ_enable
00001d00   __args_main
00001d40   _IRQ_globalDisable
00001d60   _IRQ_globalEnable
00001d80   _IRQ_nmiEnable
00001da0   _MCBSP_read
00001dc0   _MCBSP_write
00001de0   C$$EXIT
00001de0   _abort
00001e00   __IRQ_hookFetchPacket
00001e20   ___etext__
00001e20   __stack
00001e20   etext
00002220   __STACK_END
00002220   ___cinit__
00002220   cinit
000024ac   __IRQ_eventTable
00002530   __IRQ_intTable
00002570   __IRQ_dispatchTable
00002578   _hCodec
0000257c   _config
000025a4   _w
000025d0   _n
00002604   __MCBSP_hDev0
00002608   __MCBSP_hDev1
00002654   __cleanup_ptr
00002658   __dtors_ptr
0000265c   ___TI_enable_exit_profile_output
00002660   _DSK6713_AIC23_codeccontrolhandle
00002664   _DSK6713_AIC23_codecdatahandle
00002668   _DSK6713_version
000026cc   _DEN
000026e4   _NUM
000026fc   _NL
00002700   _DL
ffffffff   ___TI_pprof_out_hndl
ffffffff   ___TI_prof_data_size
ffffffff   ___TI_prof_data_start
ffffffff   ___binit__
ffffffff   ___c_args__
ffffffff   ___pinit__
ffffffff   binit
ffffffff   pinit

[80 symbols]
