******************************************************************************
               TMS320C6x Linker PC v7.4.2                      
******************************************************************************
>> Linked Thu Nov 20 22:25:08 2014

OUTPUT FILE NAME:   <lab3_IIR_DF2_LOL.out>
ENTRY POINT SYMBOL: "_c_int00"  address: 00001ce0


MEMORY CONFIGURATION

         name            origin    length      used     unused   attr    fill
----------------------  --------  ---------  --------  --------  ----  --------
  VECS                  00000000   00000200  00000200  00000000  RWIX
  IRAM                  00000200   0002fe00  000025a2  0002d85e  RWIX
  L2RAM                 00030000   00010000  00000000  00010000  RWIX
  EMIFCE0               80000000   10000000  00000000  10000000  RWIX
  EMIFCE1               90000000   10000000  00000000  10000000  RWIX
  EMIFCE2               a0000000   10000000  00000000  10000000  RWIX
  EMIFCE3               b0000000   10000000  00000000  10000000  RWIX


SECTION ALLOCATION MAP

 output                                  attributes/
section   page    origin      length       input sections
--------  ----  ----------  ----------   ----------------
vectors    0    00000000    00000200     
                  00000000    00000200     vectors.obj (vectors)

.pinit     0    00000200    00000000     UNINITIALIZED

.text      0    00000200    00001cc0     
                  00000200    00000480     dsk6713bsl.lib : dsk6713.obj (.text)
                  00000680    00000340     lab3_IIR_LOL.obj (.text:retain)
                  000009c0    00000300     dsk6713bsl.lib : dsk6713_aic23_opencodec.obj (.text)
                  00000cc0    00000240     rts6700.lib : memcpy62.obj (.text:_memcpy)
                  00000f00    000001e0     lab3_IIR_LOL.obj (.text)
                  000010e0    000001c0     csl6713.lib : csl_irq.obj (.text:_IRQ_map)
                  000012a0    000001a0                 : csl_mcbsp.obj (.text:_MCBSP_reset)
                  00001440    00000140     dsk6713bsl.lib : dsk6713_aic23_registers.obj (.text)
                  00001580    00000100     csl6713.lib : csl_mcbsp.obj (.text:_MCBSP_open)
                  00001680    00000100                 : csl_mcbsp.obj (.text:_MCBSP_start)
                  00001780    00000100     rts6700.lib : autoinit.obj (.text:__auto_init)
                  00001880    000000e0                 : strasg.obj (.text:__strasg)
                  00001960    000000e0                 : exit.obj (.text:_exit)
                  00001a40    000000c0                 : cpy_tbl.obj (.text:_copy_in)
                  00001b00    000000c0     dsk6713bsl.lib : dsk6713_aic23_setfreq.obj (.text)
                  00001bc0    000000a0     csl6713.lib : csl_irq.obj (.text:_setMux)
                  00001c60    00000080     rts6700.lib : cpp_init.obj (.text:___TI_cpp_init)
                  00001ce0    00000080                 : boot.obj (.text:_c_int00)
                  00001d60    00000040     csl6713.lib : csl_irq.obj (.text:_IRQ_enable)
                  00001da0    00000040     rts6700.lib : args_main.obj (.text:__args_main)
                  00001de0    00000020     csl6713.lib : csl_irq.obj (.text:_IRQ_globalDisable)
                  00001e00    00000020                 : csl_irq.obj (.text:_IRQ_globalEnable)
                  00001e20    00000020                 : csl_irq.obj (.text:_IRQ_nmiEnable)
                  00001e40    00000020                 : csl_mcbsp.obj (.text:_MCBSP_read)
                  00001e60    00000020                 : csl_mcbsp.obj (.text:_MCBSP_write)
                  00001e80    00000020     rts6700.lib : exit.obj (.text:_abort)
                  00001ea0    00000020     csl6713.lib : csl_irq.obj (.text)

.bss       0    00000200    00000000     UNINITIALIZED

.data      0    00000200    00000000     UNINITIALIZED

.stack     0    00001ec0    00000400     UNINITIALIZED
                  00001ec0    00000008     rts6700.lib : boot.obj (.stack)
                  00001ec8    000003f8     --HOLE--

.cinit     0    000022c0    00000264     
                  000022c0    0000012c     csl6713.lib : csl_irq.obj (.cinit)
                  000023ec    00000004     --HOLE-- [fill = 0]
                  000023f0    00000054                 : csl_mcbsp.obj (.cinit)
                  00002444    00000004     --HOLE-- [fill = 0]
                  00002448    0000004c     lab3_IIR_LOL.obj (.cinit)
                  00002494    00000004     --HOLE-- [fill = 0]
                  00002498    00000030     dsk6713bsl.lib : dsk6713_aic23_registers.obj (.cinit)
                  000024c8    0000002c     rts6700.lib : exit.obj (.cinit)
                  000024f4    00000004     --HOLE-- [fill = 0]
                  000024f8    00000028     dsk6713bsl.lib : dsk6713_aic23_setfreq.obj (.cinit)
                  00002520    00000004     --HOLE-- [fill = 0]

.far       0    00002524    000001e6     UNINITIALIZED
                  00002524    000000f4     csl6713.lib : csl_irq.obj (.far)
                  00002618    0000005c     lab3_IIR_LOL.obj (.far)
                  00002674    00000038     csl6713.lib : csl_mcbsp.obj (.far)
                  000026ac    00000028     dsk6713bsl.lib : dsk6713_aic23_registers.obj (.far)
                  000026d4    00000020                    : dsk6713_aic23_setfreq.obj (.far)
                  000026f4    0000000c     rts6700.lib : exit.obj (.far)
                  00002700    00000008     dsk6713bsl.lib : dsk6713_aic23_opencodec.obj (.far)
                  00002708    00000002                    : dsk6713.obj (.far)

.const     0    0000270c    00000098     
                  0000270c    00000040     dsk6713bsl.lib : dsk6713_aic23_opencodec.obj (.const)
                  0000274c    00000020                    : dsk6713.obj (.const)
                  0000276c    00000016     lab3_IIR_LOL.obj (.const:_DEN)
                  00002782    00000002     --HOLE-- [fill = 0]
                  00002784    00000016     lab3_IIR_LOL.obj (.const:_NUM)
                  0000279a    00000002     --HOLE-- [fill = 0]
                  0000279c    00000008     lab3_IIR_LOL.obj (.const)


GLOBAL SYMBOLS: SORTED ALPHABETICALLY BY Name 

address    name
--------   ----
00000200   $bss
00000200   .bss
00000200   .data
00000200   .text
00001e80   C$$EXIT
0000276c   _DEN
000027a0   _DL
00002700   _DSK6713_AIC23_codeccontrolhandle
00002704   _DSK6713_AIC23_codecdatahandle
00001500   _DSK6713_AIC23_config
000009c0   _DSK6713_AIC23_openCodec
000014d8   _DSK6713_AIC23_rget
00001440   _DSK6713_AIC23_rset
00001b00   _DSK6713_AIC23_setFreq
00000614   _DSK6713_getVersion
0000024c   _DSK6713_init
00000568   _DSK6713_rget
0000057c   _DSK6713_rset
00002708   _DSK6713_version
00000590   _DSK6713_wait
000005e8   _DSK6713_waitusec
00001d60   _IRQ_enable
00001de0   _IRQ_globalDisable
00001e00   _IRQ_globalEnable
000010e0   _IRQ_map
00001e20   _IRQ_nmiEnable
00001580   _MCBSP_open
00001e40   _MCBSP_read
000012a0   _MCBSP_reset
00001680   _MCBSP_start
00001e60   _MCBSP_write
0000279c   _NL
00002784   _NUM
00002610   __IRQ_dispatchTable
0000254c   __IRQ_eventTable
00001ea0   __IRQ_hookFetchPacket
000025d0   __IRQ_intTable
000026a4   __MCBSP_hDev0
000026a8   __MCBSP_hDev1
000022c0   __STACK_END
00000400   __STACK_SIZE
00000001   __TI_args_main
00001c60   ___TI_cpp_init
000026fc   ___TI_enable_exit_profile_output
ffffffff   ___TI_pprof_out_hndl
ffffffff   ___TI_prof_data_size
ffffffff   ___TI_prof_data_start
ffffffff   ___binit__
00000200   ___bss__
ffffffff   ___c_args__
000022c0   ___cinit__
00000200   ___data__
00000200   ___edata__
00000200   ___end__
00001ec0   ___etext__
ffffffff   ___pinit__
00000200   ___text__
00001da0   __args_main
00001780   __auto_init
000026f4   __cleanup_ptr
000026f8   __dtors_ptr
00001ec0   __stack
00001880   __strasg
00001e80   _abort
00001ce0   _c_int00
0000261c   _config
00001a40   _copy_in
00001960   _exit
00002618   _hCodec
00000f00   _main
00000cc0   _memcpy
00002670   _n
00000680   _serialPortRcvISR
00002644   _w
ffffffff   binit
000022c0   cinit
00000200   edata
00000200   end
00001ec0   etext
ffffffff   pinit


GLOBAL SYMBOLS: SORTED BY Symbol Address 

address    name
--------   ----
00000001   __TI_args_main
00000200   $bss
00000200   .bss
00000200   .data
00000200   .text
00000200   ___bss__
00000200   ___data__
00000200   ___edata__
00000200   ___end__
00000200   ___text__
00000200   edata
00000200   end
0000024c   _DSK6713_init
00000400   __STACK_SIZE
00000568   _DSK6713_rget
0000057c   _DSK6713_rset
00000590   _DSK6713_wait
000005e8   _DSK6713_waitusec
00000614   _DSK6713_getVersion
00000680   _serialPortRcvISR
000009c0   _DSK6713_AIC23_openCodec
00000cc0   _memcpy
00000f00   _main
000010e0   _IRQ_map
000012a0   _MCBSP_reset
00001440   _DSK6713_AIC23_rset
000014d8   _DSK6713_AIC23_rget
00001500   _DSK6713_AIC23_config
00001580   _MCBSP_open
00001680   _MCBSP_start
00001780   __auto_init
00001880   __strasg
00001960   _exit
00001a40   _copy_in
00001b00   _DSK6713_AIC23_setFreq
00001c60   ___TI_cpp_init
00001ce0   _c_int00
00001d60   _IRQ_enable
00001da0   __args_main
00001de0   _IRQ_globalDisable
00001e00   _IRQ_globalEnable
00001e20   _IRQ_nmiEnable
00001e40   _MCBSP_read
00001e60   _MCBSP_write
00001e80   C$$EXIT
00001e80   _abort
00001ea0   __IRQ_hookFetchPacket
00001ec0   ___etext__
00001ec0   __stack
00001ec0   etext
000022c0   __STACK_END
000022c0   ___cinit__
000022c0   cinit
0000254c   __IRQ_eventTable
000025d0   __IRQ_intTable
00002610   __IRQ_dispatchTable
00002618   _hCodec
0000261c   _config
00002644   _w
00002670   _n
000026a4   __MCBSP_hDev0
000026a8   __MCBSP_hDev1
000026f4   __cleanup_ptr
000026f8   __dtors_ptr
000026fc   ___TI_enable_exit_profile_output
00002700   _DSK6713_AIC23_codeccontrolhandle
00002704   _DSK6713_AIC23_codecdatahandle
00002708   _DSK6713_version
0000276c   _DEN
00002784   _NUM
0000279c   _NL
000027a0   _DL
ffffffff   ___TI_pprof_out_hndl
ffffffff   ___TI_prof_data_size
ffffffff   ___TI_prof_data_start
ffffffff   ___binit__
ffffffff   ___c_args__
ffffffff   ___pinit__
ffffffff   binit
ffffffff   pinit

[80 symbols]
