******************************************************************************
               TMS320C6x Linker PC v7.4.2                      
******************************************************************************
>> Linked Wed Dec 17 01:57:53 2014

OUTPUT FILE NAME:   <lab6_adaptive_filter.out>
ENTRY POINT SYMBOL: "_c_int00"  address: 00002160


MEMORY CONFIGURATION

         name            origin    length      used     unused   attr    fill
----------------------  --------  ---------  --------  --------  ----  --------
  VECS                  00000000   00000200  00000200  00000000  RWIX
  IRAM                  00000200   0002fe00  00002ac2  0002d33e  RWIX
  L2RAM                 00030000   00010000  00000000  00010000  RWIX
  EMIFCE0               80000000   10000000  00000000  10000000  RWIX
  EMIFCE1               90000000   10000000  00000000  10000000  RWIX
  EMIFCE2               a0000000   10000000  00000000  10000000  RWIX
  EMIFCE3               b0000000   10000000  00000000  10000000  RWIX


SECTION ALLOCATION MAP

 output                                  attributes/
section   page    origin      length       input sections
--------  ----  ----------  ----------   ----------------
vectors    0    00000000    00000200     
                  00000000    00000200     vectors.obj (vectors)

.pinit     0    00000200    00000000     UNINITIALIZED

.text      0    00000200    00002140     
                  00000200    00000480     dsk6713bsl.lib : dsk6713.obj (.text)
                  00000680    00000460     adaptive_filter.obj (.text:retain)
                  00000ae0    00000340     rts6700.lib : divf.obj (.text:__divf)
                  00000e20    00000300     dsk6713bsl.lib : dsk6713_aic23_opencodec.obj (.text)
                  00001120    00000240     rts6700.lib : memcpy62.obj (.text:_memcpy)
                  00001360    00000200     adaptive_filter.obj (.text)
                  00001560    000001c0     csl6713.lib : csl_irq.obj (.text:_IRQ_map)
                  00001720    000001a0                 : csl_mcbsp.obj (.text:_MCBSP_reset)
                  000018c0    00000140     dsk6713bsl.lib : dsk6713_aic23_registers.obj (.text)
                  00001a00    00000100     csl6713.lib : csl_mcbsp.obj (.text:_MCBSP_open)
                  00001b00    00000100                 : csl_mcbsp.obj (.text:_MCBSP_start)
                  00001c00    00000100     rts6700.lib : autoinit.obj (.text:__auto_init)
                  00001d00    000000e0                 : strasg.obj (.text:__strasg)
                  00001de0    000000e0                 : exit.obj (.text:_exit)
                  00001ec0    000000c0                 : cpy_tbl.obj (.text:_copy_in)
                  00001f80    000000c0     dsk6713bsl.lib : dsk6713_aic23_setfreq.obj (.text)
                  00002040    000000a0     csl6713.lib : csl_irq.obj (.text:_setMux)
                  000020e0    00000080     rts6700.lib : cpp_init.obj (.text:___TI_cpp_init)
                  00002160    00000080                 : boot.obj (.text:_c_int00)
                  000021e0    00000040     csl6713.lib : csl_irq.obj (.text:_IRQ_enable)
                  00002220    00000040     rts6700.lib : args_main.obj (.text:__args_main)
                  00002260    00000020     csl6713.lib : csl_irq.obj (.text:_IRQ_globalDisable)
                  00002280    00000020                 : csl_irq.obj (.text:_IRQ_globalEnable)
                  000022a0    00000020                 : csl_irq.obj (.text:_IRQ_nmiEnable)
                  000022c0    00000020                 : csl_mcbsp.obj (.text:_MCBSP_read)
                  000022e0    00000020                 : csl_mcbsp.obj (.text:_MCBSP_write)
                  00002300    00000020     rts6700.lib : exit.obj (.text:_abort)
                  00002320    00000020     csl6713.lib : csl_irq.obj (.text)

.bss       0    00000200    00000000     UNINITIALIZED

.data      0    00000200    00000000     UNINITIALIZED

.stack     0    00002340    00000400     UNINITIALIZED
                  00002340    00000008     rts6700.lib : boot.obj (.stack)
                  00002348    000003f8     --HOLE--

.far       0    00002740    000002ce     UNINITIALIZED
                  00002740    00000144     adaptive_filter.obj (.far)
                  00002884    000000f4     csl6713.lib : csl_irq.obj (.far)
                  00002978    00000038                 : csl_mcbsp.obj (.far)
                  000029b0    00000028     dsk6713bsl.lib : dsk6713_aic23_registers.obj (.far)
                  000029d8    00000020                    : dsk6713_aic23_setfreq.obj (.far)
                  000029f8    0000000c     rts6700.lib : exit.obj (.far)
                  00002a04    00000008     dsk6713bsl.lib : dsk6713_aic23_opencodec.obj (.far)
                  00002a0c    00000002                    : dsk6713.obj (.far)

.cinit     0    00002a10    00000254     
                  00002a10    0000012c     csl6713.lib : csl_irq.obj (.cinit)
                  00002b3c    00000004     --HOLE-- [fill = 0]
                  00002b40    00000054                 : csl_mcbsp.obj (.cinit)
                  00002b94    00000004     --HOLE-- [fill = 0]
                  00002b98    00000040     adaptive_filter.obj (.cinit)
                  00002bd8    00000030     dsk6713bsl.lib : dsk6713_aic23_registers.obj (.cinit)
                  00002c08    0000002c     rts6700.lib : exit.obj (.cinit)
                  00002c34    00000004     --HOLE-- [fill = 0]
                  00002c38    00000028     dsk6713bsl.lib : dsk6713_aic23_setfreq.obj (.cinit)
                  00002c60    00000004     --HOLE-- [fill = 0]

.const     0    00002c64    00000060     
                  00002c64    00000040     dsk6713bsl.lib : dsk6713_aic23_opencodec.obj (.const)
                  00002ca4    00000020                    : dsk6713.obj (.const)


GLOBAL SYMBOLS: SORTED ALPHABETICALLY BY Name 

address    name
--------   ----
00000200   $bss
00000200   .bss
00000200   .data
00000200   .text
00002300   C$$EXIT
00002a04   _DSK6713_AIC23_codeccontrolhandle
00002a08   _DSK6713_AIC23_codecdatahandle
00001980   _DSK6713_AIC23_config
00000e20   _DSK6713_AIC23_openCodec
00001958   _DSK6713_AIC23_rget
000018c0   _DSK6713_AIC23_rset
00001f80   _DSK6713_AIC23_setFreq
00000614   _DSK6713_getVersion
0000024c   _DSK6713_init
00000568   _DSK6713_rget
0000057c   _DSK6713_rset
00002a0c   _DSK6713_version
00000590   _DSK6713_wait
000005e8   _DSK6713_waitusec
000021e0   _IRQ_enable
00002260   _IRQ_globalDisable
00002280   _IRQ_globalEnable
00001560   _IRQ_map
000022a0   _IRQ_nmiEnable
00001a00   _MCBSP_open
000022c0   _MCBSP_read
00001720   _MCBSP_reset
00001b00   _MCBSP_start
000022e0   _MCBSP_write
00002970   __IRQ_dispatchTable
000028ac   __IRQ_eventTable
00002320   __IRQ_hookFetchPacket
00002930   __IRQ_intTable
000029a8   __MCBSP_hDev0
000029ac   __MCBSP_hDev1
00002740   __STACK_END
00000400   __STACK_SIZE
00000001   __TI_args_main
000020e0   ___TI_cpp_init
00002a00   ___TI_enable_exit_profile_output
ffffffff   ___TI_pprof_out_hndl
ffffffff   ___TI_prof_data_size
ffffffff   ___TI_prof_data_start
ffffffff   ___binit__
00000200   ___bss__
ffffffff   ___c_args__
00002a10   ___cinit__
00000200   ___data__
00000200   ___edata__
00000200   ___end__
00002340   ___etext__
ffffffff   ___pinit__
00000200   ___text__
00002220   __args_main
00001c00   __auto_init
000029f8   __cleanup_ptr
00000ae0   __divf
000029fc   __dtors_ptr
00002340   __stack
00001d00   __strasg
00002300   _abort
000027cc   _b_adpt
00002160   _c_int00
0000285c   _config
00001ec0   _copy_in
00002740   _e
00001de0   _exit
00002858   _hCodec
000014cc   _init
00001360   _main
00001120   _memcpy
00002854   _n
00000680   _serialPortRcvISR
00002744   _x
ffffffff   binit
00002a10   cinit
00000200   edata
00000200   end
00002340   etext
ffffffff   pinit


GLOBAL SYMBOLS: SORTED BY Symbol Address 

address    name
--------   ----
00000001   __TI_args_main
00000200   $bss
00000200   .bss
00000200   .data
00000200   .text
00000200   ___bss__
00000200   ___data__
00000200   ___edata__
00000200   ___end__
00000200   ___text__
00000200   edata
00000200   end
0000024c   _DSK6713_init
00000400   __STACK_SIZE
00000568   _DSK6713_rget
0000057c   _DSK6713_rset
00000590   _DSK6713_wait
000005e8   _DSK6713_waitusec
00000614   _DSK6713_getVersion
00000680   _serialPortRcvISR
00000ae0   __divf
00000e20   _DSK6713_AIC23_openCodec
00001120   _memcpy
00001360   _main
000014cc   _init
00001560   _IRQ_map
00001720   _MCBSP_reset
000018c0   _DSK6713_AIC23_rset
00001958   _DSK6713_AIC23_rget
00001980   _DSK6713_AIC23_config
00001a00   _MCBSP_open
00001b00   _MCBSP_start
00001c00   __auto_init
00001d00   __strasg
00001de0   _exit
00001ec0   _copy_in
00001f80   _DSK6713_AIC23_setFreq
000020e0   ___TI_cpp_init
00002160   _c_int00
000021e0   _IRQ_enable
00002220   __args_main
00002260   _IRQ_globalDisable
00002280   _IRQ_globalEnable
000022a0   _IRQ_nmiEnable
000022c0   _MCBSP_read
000022e0   _MCBSP_write
00002300   C$$EXIT
00002300   _abort
00002320   __IRQ_hookFetchPacket
00002340   ___etext__
00002340   __stack
00002340   etext
00002740   __STACK_END
00002740   _e
00002744   _x
000027cc   _b_adpt
00002854   _n
00002858   _hCodec
0000285c   _config
000028ac   __IRQ_eventTable
00002930   __IRQ_intTable
00002970   __IRQ_dispatchTable
000029a8   __MCBSP_hDev0
000029ac   __MCBSP_hDev1
000029f8   __cleanup_ptr
000029fc   __dtors_ptr
00002a00   ___TI_enable_exit_profile_output
00002a04   _DSK6713_AIC23_codeccontrolhandle
00002a08   _DSK6713_AIC23_codecdatahandle
00002a0c   _DSK6713_version
00002a10   ___cinit__
00002a10   cinit
ffffffff   ___TI_pprof_out_hndl
ffffffff   ___TI_prof_data_size
ffffffff   ___TI_prof_data_start
ffffffff   ___binit__
ffffffff   ___c_args__
ffffffff   ___pinit__
ffffffff   binit
ffffffff   pinit

[80 symbols]
