******************************************************************************
               TMS320C6x Linker PC v7.4.2                      
******************************************************************************
>> Linked Sun Dec 14 23:50:28 2014

OUTPUT FILE NAME:   <lab6_adaptive_filter.out>
ENTRY POINT SYMBOL: "_c_int00"  address: 000020c0


MEMORY CONFIGURATION

         name            origin    length      used     unused   attr    fill
----------------------  --------  ---------  --------  --------  ----  --------
  VECS                  00000000   00000200  00000200  00000000  RWIX
  IRAM                  00000200   0002fe00  00002b66  0002d29a  RWIX
  L2RAM                 00030000   00010000  00000000  00010000  RWIX
  EMIFCE0               80000000   10000000  00000000  10000000  RWIX
  EMIFCE1               90000000   10000000  00000000  10000000  RWIX
  EMIFCE2               a0000000   10000000  00000000  10000000  RWIX
  EMIFCE3               b0000000   10000000  00000000  10000000  RWIX


SECTION ALLOCATION MAP

 output                                  attributes/
section   page    origin      length       input sections
--------  ----  ----------  ----------   ----------------
vectors    0    00000000    00000200     
                  00000000    00000200     vectors.obj (vectors)

.pinit     0    00000200    00000000     UNINITIALIZED

.text      0    00000200    000020a0     
                  00000200    00000480     dsk6713bsl.lib : dsk6713.obj (.text)
                  00000680    000003c0     adaptive_filter.obj (.text:retain)
                  00000a40    00000340     rts6700.lib : divf.obj (.text:__divf)
                  00000d80    00000300     dsk6713bsl.lib : dsk6713_aic23_opencodec.obj (.text)
                  00001080    00000240     rts6700.lib : memcpy62.obj (.text:_memcpy)
                  000012c0    00000200     adaptive_filter.obj (.text)
                  000014c0    000001c0     csl6713.lib : csl_irq.obj (.text:_IRQ_map)
                  00001680    000001a0                 : csl_mcbsp.obj (.text:_MCBSP_reset)
                  00001820    00000140     dsk6713bsl.lib : dsk6713_aic23_registers.obj (.text)
                  00001960    00000100     csl6713.lib : csl_mcbsp.obj (.text:_MCBSP_open)
                  00001a60    00000100                 : csl_mcbsp.obj (.text:_MCBSP_start)
                  00001b60    00000100     rts6700.lib : autoinit.obj (.text:__auto_init)
                  00001c60    000000e0                 : strasg.obj (.text:__strasg)
                  00001d40    000000e0                 : exit.obj (.text:_exit)
                  00001e20    000000c0                 : cpy_tbl.obj (.text:_copy_in)
                  00001ee0    000000c0     dsk6713bsl.lib : dsk6713_aic23_setfreq.obj (.text)
                  00001fa0    000000a0     csl6713.lib : csl_irq.obj (.text:_setMux)
                  00002040    00000080     rts6700.lib : cpp_init.obj (.text:___TI_cpp_init)
                  000020c0    00000080                 : boot.obj (.text:_c_int00)
                  00002140    00000040     csl6713.lib : csl_irq.obj (.text:_IRQ_enable)
                  00002180    00000040     rts6700.lib : args_main.obj (.text:__args_main)
                  000021c0    00000020     csl6713.lib : csl_irq.obj (.text:_IRQ_globalDisable)
                  000021e0    00000020                 : csl_irq.obj (.text:_IRQ_globalEnable)
                  00002200    00000020                 : csl_irq.obj (.text:_IRQ_nmiEnable)
                  00002220    00000020                 : csl_mcbsp.obj (.text:_MCBSP_read)
                  00002240    00000020                 : csl_mcbsp.obj (.text:_MCBSP_write)
                  00002260    00000020     rts6700.lib : exit.obj (.text:_abort)
                  00002280    00000020     csl6713.lib : csl_irq.obj (.text)

.bss       0    00000200    00000000     UNINITIALIZED

.data      0    00000200    00000000     UNINITIALIZED

.far       0    000022a0    00000412     UNINITIALIZED
                  000022a0    00000288     adaptive_filter.obj (.far)
                  00002528    000000f4     csl6713.lib : csl_irq.obj (.far)
                  0000261c    00000038                 : csl_mcbsp.obj (.far)
                  00002654    00000028     dsk6713bsl.lib : dsk6713_aic23_registers.obj (.far)
                  0000267c    00000020                    : dsk6713_aic23_setfreq.obj (.far)
                  0000269c    0000000c     rts6700.lib : exit.obj (.far)
                  000026a8    00000008     dsk6713bsl.lib : dsk6713_aic23_opencodec.obj (.far)
                  000026b0    00000002                    : dsk6713.obj (.far)

.stack     0    000026b8    00000400     UNINITIALIZED
                  000026b8    00000008     rts6700.lib : boot.obj (.stack)
                  000026c0    000003f8     --HOLE--

.cinit     0    00002ab8    00000254     
                  00002ab8    0000012c     csl6713.lib : csl_irq.obj (.cinit)
                  00002be4    00000004     --HOLE-- [fill = 0]
                  00002be8    00000054                 : csl_mcbsp.obj (.cinit)
                  00002c3c    00000004     --HOLE-- [fill = 0]
                  00002c40    00000040     adaptive_filter.obj (.cinit)
                  00002c80    00000030     dsk6713bsl.lib : dsk6713_aic23_registers.obj (.cinit)
                  00002cb0    0000002c     rts6700.lib : exit.obj (.cinit)
                  00002cdc    00000004     --HOLE-- [fill = 0]
                  00002ce0    00000028     dsk6713bsl.lib : dsk6713_aic23_setfreq.obj (.cinit)
                  00002d08    00000004     --HOLE-- [fill = 0]

.const     0    00002d0c    00000060     
                  00002d0c    00000040     dsk6713bsl.lib : dsk6713_aic23_opencodec.obj (.const)
                  00002d4c    00000020                    : dsk6713.obj (.const)


GLOBAL SYMBOLS: SORTED ALPHABETICALLY BY Name 

address    name
--------   ----
00000200   $bss
00000200   .bss
00000200   .data
00000200   .text
00002260   C$$EXIT
000026a8   _DSK6713_AIC23_codeccontrolhandle
000026ac   _DSK6713_AIC23_codecdatahandle
000018e0   _DSK6713_AIC23_config
00000d80   _DSK6713_AIC23_openCodec
000018b8   _DSK6713_AIC23_rget
00001820   _DSK6713_AIC23_rset
00001ee0   _DSK6713_AIC23_setFreq
00000614   _DSK6713_getVersion
0000024c   _DSK6713_init
00000568   _DSK6713_rget
0000057c   _DSK6713_rset
000026b0   _DSK6713_version
00000590   _DSK6713_wait
000005e8   _DSK6713_waitusec
00002140   _IRQ_enable
000021c0   _IRQ_globalDisable
000021e0   _IRQ_globalEnable
000014c0   _IRQ_map
00002200   _IRQ_nmiEnable
00001960   _MCBSP_open
00002220   _MCBSP_read
00001680   _MCBSP_reset
00001a60   _MCBSP_start
00002240   _MCBSP_write
00002614   __IRQ_dispatchTable
00002550   __IRQ_eventTable
00002280   __IRQ_hookFetchPacket
000025d4   __IRQ_intTable
0000264c   __MCBSP_hDev0
00002650   __MCBSP_hDev1
00002ab8   __STACK_END
00000400   __STACK_SIZE
00000001   __TI_args_main
00002040   ___TI_cpp_init
000026a4   ___TI_enable_exit_profile_output
ffffffff   ___TI_pprof_out_hndl
ffffffff   ___TI_prof_data_size
ffffffff   ___TI_prof_data_start
ffffffff   ___binit__
00000200   ___bss__
ffffffff   ___c_args__
00002ab8   ___cinit__
00000200   ___data__
00000200   ___edata__
00000200   ___end__
000022a0   ___etext__
ffffffff   ___pinit__
00000200   ___text__
00002180   __args_main
00001b60   __auto_init
0000269c   __cleanup_ptr
00000a40   __divf
000026a0   __dtors_ptr
000026b8   __stack
00001c60   __strasg
00002260   _abort
00002430   _b_adpt
000020c0   _c_int00
00002500   _config
00001e20   _copy_in
000022a0   _e
00001d40   _exit
000024fc   _hCodec
0000142c   _init
000012c0   _main
00001080   _memcpy
000024f8   _n
00000680   _serialPortRcvISR
00002368   _x
ffffffff   binit
00002ab8   cinit
00000200   edata
00000200   end
000022a0   etext
ffffffff   pinit


GLOBAL SYMBOLS: SORTED BY Symbol Address 

address    name
--------   ----
00000001   __TI_args_main
00000200   $bss
00000200   .bss
00000200   .data
00000200   .text
00000200   ___bss__
00000200   ___data__
00000200   ___edata__
00000200   ___end__
00000200   ___text__
00000200   edata
00000200   end
0000024c   _DSK6713_init
00000400   __STACK_SIZE
00000568   _DSK6713_rget
0000057c   _DSK6713_rset
00000590   _DSK6713_wait
000005e8   _DSK6713_waitusec
00000614   _DSK6713_getVersion
00000680   _serialPortRcvISR
00000a40   __divf
00000d80   _DSK6713_AIC23_openCodec
00001080   _memcpy
000012c0   _main
0000142c   _init
000014c0   _IRQ_map
00001680   _MCBSP_reset
00001820   _DSK6713_AIC23_rset
000018b8   _DSK6713_AIC23_rget
000018e0   _DSK6713_AIC23_config
00001960   _MCBSP_open
00001a60   _MCBSP_start
00001b60   __auto_init
00001c60   __strasg
00001d40   _exit
00001e20   _copy_in
00001ee0   _DSK6713_AIC23_setFreq
00002040   ___TI_cpp_init
000020c0   _c_int00
00002140   _IRQ_enable
00002180   __args_main
000021c0   _IRQ_globalDisable
000021e0   _IRQ_globalEnable
00002200   _IRQ_nmiEnable
00002220   _MCBSP_read
00002240   _MCBSP_write
00002260   C$$EXIT
00002260   _abort
00002280   __IRQ_hookFetchPacket
000022a0   ___etext__
000022a0   _e
000022a0   etext
00002368   _x
00002430   _b_adpt
000024f8   _n
000024fc   _hCodec
00002500   _config
00002550   __IRQ_eventTable
000025d4   __IRQ_intTable
00002614   __IRQ_dispatchTable
0000264c   __MCBSP_hDev0
00002650   __MCBSP_hDev1
0000269c   __cleanup_ptr
000026a0   __dtors_ptr
000026a4   ___TI_enable_exit_profile_output
000026a8   _DSK6713_AIC23_codeccontrolhandle
000026ac   _DSK6713_AIC23_codecdatahandle
000026b0   _DSK6713_version
000026b8   __stack
00002ab8   __STACK_END
00002ab8   ___cinit__
00002ab8   cinit
ffffffff   ___TI_pprof_out_hndl
ffffffff   ___TI_prof_data_size
ffffffff   ___TI_prof_data_start
ffffffff   ___binit__
ffffffff   ___c_args__
ffffffff   ___pinit__
ffffffff   binit
ffffffff   pinit

[80 symbols]
