******************************************************************************
               TMS320C6x Linker PC v7.4.2                      
******************************************************************************
>> Linked Wed Nov 12 20:03:13 2014

OUTPUT FILE NAME:   <lab2_IIR_DF2_Single.out>
ENTRY POINT SYMBOL: "_c_int00"  address: 00001fc0


MEMORY CONFIGURATION

         name            origin    length      used     unused   attr    fill
----------------------  --------  ---------  --------  --------  ----  --------
  VECS                  00000000   00000200  00000200  00000000  RWIX
  IRAM                  00000200   0002fe00  000028aa  0002d556  RWIX
  L2RAM                 00030000   00010000  00000000  00010000  RWIX
  EMIFCE0               80000000   10000000  00000000  10000000  RWIX
  EMIFCE1               90000000   10000000  00000000  10000000  RWIX
  EMIFCE2               a0000000   10000000  00000000  10000000  RWIX
  EMIFCE3               b0000000   10000000  00000000  10000000  RWIX


SECTION ALLOCATION MAP

 output                                  attributes/
section   page    origin      length       input sections
--------  ----  ----------  ----------   ----------------
vectors    0    00000000    00000200     
                  00000000    00000200     vectors.obj (vectors)

.pinit     0    00000200    00000000     UNINITIALIZED

.text      0    00000200    00001fa0     
                  00000200    00000480     dsk6713bsl.lib : dsk6713.obj (.text)
                  00000680    00000360     lab2_IIR_Single.obj (.text:retain)
                  000009e0    00000340     rts6700.lib : divf.obj (.text:__divf)
                  00000d20    00000300     dsk6713bsl.lib : dsk6713_aic23_opencodec.obj (.text)
                  00001020    00000240     rts6700.lib : memcpy62.obj (.text:_memcpy)
                  00001260    000001c0     csl6713.lib : csl_irq.obj (.text:_IRQ_map)
                  00001420    000001a0                 : csl_mcbsp.obj (.text:_MCBSP_reset)
                  000015c0    00000160     lab2_IIR_Single.obj (.text)
                  00001720    00000140     dsk6713bsl.lib : dsk6713_aic23_registers.obj (.text)
                  00001860    00000100     csl6713.lib : csl_mcbsp.obj (.text:_MCBSP_open)
                  00001960    00000100                 : csl_mcbsp.obj (.text:_MCBSP_start)
                  00001a60    00000100     rts6700.lib : autoinit.obj (.text:__auto_init)
                  00001b60    000000e0                 : strasg.obj (.text:__strasg)
                  00001c40    000000e0                 : exit.obj (.text:_exit)
                  00001d20    000000c0                 : cpy_tbl.obj (.text:_copy_in)
                  00001de0    000000c0     dsk6713bsl.lib : dsk6713_aic23_setfreq.obj (.text)
                  00001ea0    000000a0     csl6713.lib : csl_irq.obj (.text:_setMux)
                  00001f40    00000080     rts6700.lib : cpp_init.obj (.text:___TI_cpp_init)
                  00001fc0    00000080                 : boot.obj (.text:_c_int00)
                  00002040    00000040     csl6713.lib : csl_irq.obj (.text:_IRQ_enable)
                  00002080    00000040     rts6700.lib : args_main.obj (.text:__args_main)
                  000020c0    00000020     csl6713.lib : csl_irq.obj (.text:_IRQ_globalDisable)
                  000020e0    00000020                 : csl_irq.obj (.text:_IRQ_globalEnable)
                  00002100    00000020                 : csl_irq.obj (.text:_IRQ_nmiEnable)
                  00002120    00000020                 : csl_mcbsp.obj (.text:_MCBSP_read)
                  00002140    00000020                 : csl_mcbsp.obj (.text:_MCBSP_write)
                  00002160    00000020     rts6700.lib : exit.obj (.text:_abort)
                  00002180    00000020     csl6713.lib : csl_irq.obj (.text)

.bss       0    00000200    00000000     UNINITIALIZED

.data      0    00000200    00000000     UNINITIALIZED

.stack     0    000021a0    00000400     UNINITIALIZED
                  000021a0    00000008     rts6700.lib : boot.obj (.stack)
                  000021a8    000003f8     --HOLE--

.cinit     0    000025a0    00000264     
                  000025a0    0000012c     csl6713.lib : csl_irq.obj (.cinit)
                  000026cc    00000004     --HOLE-- [fill = 0]
                  000026d0    00000054                 : csl_mcbsp.obj (.cinit)
                  00002724    00000004     --HOLE-- [fill = 0]
                  00002728    0000004c     lab2_IIR_Single.obj (.cinit)
                  00002774    00000004     --HOLE-- [fill = 0]
                  00002778    00000030     dsk6713bsl.lib : dsk6713_aic23_registers.obj (.cinit)
                  000027a8    0000002c     rts6700.lib : exit.obj (.cinit)
                  000027d4    00000004     --HOLE-- [fill = 0]
                  000027d8    00000028     dsk6713bsl.lib : dsk6713_aic23_setfreq.obj (.cinit)
                  00002800    00000004     --HOLE-- [fill = 0]

.far       0    00002804    000001e6     UNINITIALIZED
                  00002804    000000f4     csl6713.lib : csl_irq.obj (.far)
                  000028f8    0000005c     lab2_IIR_Single.obj (.far)
                  00002954    00000038     csl6713.lib : csl_mcbsp.obj (.far)
                  0000298c    00000028     dsk6713bsl.lib : dsk6713_aic23_registers.obj (.far)
                  000029b4    00000020                    : dsk6713_aic23_setfreq.obj (.far)
                  000029d4    0000000c     rts6700.lib : exit.obj (.far)
                  000029e0    00000008     dsk6713bsl.lib : dsk6713_aic23_opencodec.obj (.far)
                  000029e8    00000002                    : dsk6713.obj (.far)

.const     0    000029ec    000000c0     
                  000029ec    00000040     dsk6713bsl.lib : dsk6713_aic23_opencodec.obj (.const)
                  00002a2c    0000002c     lab2_IIR_Single.obj (.const:_DEN)
                  00002a58    0000002c     lab2_IIR_Single.obj (.const:_NUM)
                  00002a84    00000020     dsk6713bsl.lib : dsk6713.obj (.const)
                  00002aa4    00000008     lab2_IIR_Single.obj (.const)


GLOBAL SYMBOLS: SORTED ALPHABETICALLY BY Name 

address    name
--------   ----
00000200   $bss
00000200   .bss
00000200   .data
00000200   .text
00002160   C$$EXIT
00002a2c   _DEN
00002aa8   _DL
000029e0   _DSK6713_AIC23_codeccontrolhandle
000029e4   _DSK6713_AIC23_codecdatahandle
000017e0   _DSK6713_AIC23_config
00000d20   _DSK6713_AIC23_openCodec
000017b8   _DSK6713_AIC23_rget
00001720   _DSK6713_AIC23_rset
00001de0   _DSK6713_AIC23_setFreq
00000614   _DSK6713_getVersion
0000024c   _DSK6713_init
00000568   _DSK6713_rget
0000057c   _DSK6713_rset
000029e8   _DSK6713_version
00000590   _DSK6713_wait
000005e8   _DSK6713_waitusec
00002040   _IRQ_enable
000020c0   _IRQ_globalDisable
000020e0   _IRQ_globalEnable
00001260   _IRQ_map
00002100   _IRQ_nmiEnable
00001860   _MCBSP_open
00002120   _MCBSP_read
00001420   _MCBSP_reset
00001960   _MCBSP_start
00002140   _MCBSP_write
00002aa4   _NL
00002a58   _NUM
000028f0   __IRQ_dispatchTable
0000282c   __IRQ_eventTable
00002180   __IRQ_hookFetchPacket
000028b0   __IRQ_intTable
00002984   __MCBSP_hDev0
00002988   __MCBSP_hDev1
000025a0   __STACK_END
00000400   __STACK_SIZE
00000001   __TI_args_main
00001f40   ___TI_cpp_init
000029dc   ___TI_enable_exit_profile_output
ffffffff   ___TI_pprof_out_hndl
ffffffff   ___TI_prof_data_size
ffffffff   ___TI_prof_data_start
ffffffff   ___binit__
00000200   ___bss__
ffffffff   ___c_args__
000025a0   ___cinit__
00000200   ___data__
00000200   ___edata__
00000200   ___end__
000021a0   ___etext__
ffffffff   ___pinit__
00000200   ___text__
00002080   __args_main
00001a60   __auto_init
000029d4   __cleanup_ptr
000009e0   __divf
000029d8   __dtors_ptr
000021a0   __stack
00001b60   __strasg
00002160   _abort
00001fc0   _c_int00
000028fc   _config
00001d20   _copy_in
00001c40   _exit
000028f8   _hCodec
000015c0   _main
00001020   _memcpy
00002950   _n
00000680   _serialPortRcvISR
00002924   _w
ffffffff   binit
000025a0   cinit
00000200   edata
00000200   end
000021a0   etext
ffffffff   pinit


GLOBAL SYMBOLS: SORTED BY Symbol Address 

address    name
--------   ----
00000001   __TI_args_main
00000200   $bss
00000200   .bss
00000200   .data
00000200   .text
00000200   ___bss__
00000200   ___data__
00000200   ___edata__
00000200   ___end__
00000200   ___text__
00000200   edata
00000200   end
0000024c   _DSK6713_init
00000400   __STACK_SIZE
00000568   _DSK6713_rget
0000057c   _DSK6713_rset
00000590   _DSK6713_wait
000005e8   _DSK6713_waitusec
00000614   _DSK6713_getVersion
00000680   _serialPortRcvISR
000009e0   __divf
00000d20   _DSK6713_AIC23_openCodec
00001020   _memcpy
00001260   _IRQ_map
00001420   _MCBSP_reset
000015c0   _main
00001720   _DSK6713_AIC23_rset
000017b8   _DSK6713_AIC23_rget
000017e0   _DSK6713_AIC23_config
00001860   _MCBSP_open
00001960   _MCBSP_start
00001a60   __auto_init
00001b60   __strasg
00001c40   _exit
00001d20   _copy_in
00001de0   _DSK6713_AIC23_setFreq
00001f40   ___TI_cpp_init
00001fc0   _c_int00
00002040   _IRQ_enable
00002080   __args_main
000020c0   _IRQ_globalDisable
000020e0   _IRQ_globalEnable
00002100   _IRQ_nmiEnable
00002120   _MCBSP_read
00002140   _MCBSP_write
00002160   C$$EXIT
00002160   _abort
00002180   __IRQ_hookFetchPacket
000021a0   ___etext__
000021a0   __stack
000021a0   etext
000025a0   __STACK_END
000025a0   ___cinit__
000025a0   cinit
0000282c   __IRQ_eventTable
000028b0   __IRQ_intTable
000028f0   __IRQ_dispatchTable
000028f8   _hCodec
000028fc   _config
00002924   _w
00002950   _n
00002984   __MCBSP_hDev0
00002988   __MCBSP_hDev1
000029d4   __cleanup_ptr
000029d8   __dtors_ptr
000029dc   ___TI_enable_exit_profile_output
000029e0   _DSK6713_AIC23_codeccontrolhandle
000029e4   _DSK6713_AIC23_codecdatahandle
000029e8   _DSK6713_version
00002a2c   _DEN
00002a58   _NUM
00002aa4   _NL
00002aa8   _DL
ffffffff   ___TI_pprof_out_hndl
ffffffff   ___TI_prof_data_size
ffffffff   ___TI_prof_data_start
ffffffff   ___binit__
ffffffff   ___c_args__
ffffffff   ___pinit__
ffffffff   binit
ffffffff   pinit

[81 symbols]
