******************************************************************************
               TMS320C6x Linker PC v7.4.2                      
******************************************************************************
>> Linked Sun Nov 02 19:00:20 2014

OUTPUT FILE NAME:   <stereoloop_squareleft.out>
ENTRY POINT SYMBOL: "_c_int00"  address: 00001a80


MEMORY CONFIGURATION

         name            origin    length      used     unused   attr    fill
----------------------  --------  ---------  --------  --------  ----  --------
  VECS                  00000000   00000200  00000200  00000000  RWIX
  IRAM                  00000200   0002fe00  000022ba  0002db46  RWIX
  L2RAM                 00030000   00010000  00000000  00010000  RWIX
  EMIFCE0               80000000   10000000  00000000  10000000  RWIX
  EMIFCE1               90000000   10000000  00000000  10000000  RWIX
  EMIFCE2               a0000000   10000000  00000000  10000000  RWIX
  EMIFCE3               b0000000   10000000  00000000  10000000  RWIX


SECTION ALLOCATION MAP

 output                                  attributes/
section   page    origin      length       input sections
--------  ----  ----------  ----------   ----------------
vectors    0    00000000    00000200     
                  00000000    00000200     vectors.obj (vectors)

.pinit     0    00000200    00000000     UNINITIALIZED

.text      0    00000200    00001a60     
                  00000200    00000480     dsk6713bsl.lib : dsk6713.obj (.text)
                  00000680    00000300                    : dsk6713_aic23_opencodec.obj (.text)
                  00000980    00000240     rts6700.lib : memcpy62.obj (.text:_memcpy)
                  00000bc0    000001c0     csl6713.lib : csl_irq.obj (.text:_IRQ_map)
                  00000d80    000001a0                 : csl_mcbsp.obj (.text:_MCBSP_reset)
                  00000f20    00000160     stereoloop.obj (.text:retain)
                  00001080    00000160     stereoloop.obj (.text)
                  000011e0    00000140     dsk6713bsl.lib : dsk6713_aic23_registers.obj (.text)
                  00001320    00000100     csl6713.lib : csl_mcbsp.obj (.text:_MCBSP_open)
                  00001420    00000100                 : csl_mcbsp.obj (.text:_MCBSP_start)
                  00001520    00000100     rts6700.lib : autoinit.obj (.text:__auto_init)
                  00001620    000000e0                 : strasg.obj (.text:__strasg)
                  00001700    000000e0                 : exit.obj (.text:_exit)
                  000017e0    000000c0                 : cpy_tbl.obj (.text:_copy_in)
                  000018a0    000000c0     dsk6713bsl.lib : dsk6713_aic23_setfreq.obj (.text)
                  00001960    000000a0     csl6713.lib : csl_irq.obj (.text:_setMux)
                  00001a00    00000080     rts6700.lib : cpp_init.obj (.text:___TI_cpp_init)
                  00001a80    00000080                 : boot.obj (.text:_c_int00)
                  00001b00    00000040     csl6713.lib : csl_irq.obj (.text:_IRQ_enable)
                  00001b40    00000040     rts6700.lib : args_main.obj (.text:__args_main)
                  00001b80    00000020     csl6713.lib : csl_irq.obj (.text:_IRQ_globalDisable)
                  00001ba0    00000020                 : csl_irq.obj (.text:_IRQ_globalEnable)
                  00001bc0    00000020                 : csl_irq.obj (.text:_IRQ_nmiEnable)
                  00001be0    00000020                 : csl_mcbsp.obj (.text:_MCBSP_read)
                  00001c00    00000020                 : csl_mcbsp.obj (.text:_MCBSP_write)
                  00001c20    00000020     rts6700.lib : exit.obj (.text:_abort)
                  00001c40    00000020     csl6713.lib : csl_irq.obj (.text)

.bss       0    00000200    00000000     UNINITIALIZED

.data      0    00000200    00000000     UNINITIALIZED

.stack     0    00001c60    00000400     UNINITIALIZED
                  00001c60    00000008     rts6700.lib : boot.obj (.stack)
                  00001c68    000003f8     --HOLE--

.cinit     0    00002060    00000244     
                  00002060    0000012c     csl6713.lib : csl_irq.obj (.cinit)
                  0000218c    00000004     --HOLE-- [fill = 0]
                  00002190    00000054                 : csl_mcbsp.obj (.cinit)
                  000021e4    00000004     --HOLE-- [fill = 0]
                  000021e8    00000030     dsk6713bsl.lib : dsk6713_aic23_registers.obj (.cinit)
                  00002218    00000030     stereoloop.obj (.cinit)
                  00002248    0000002c     rts6700.lib : exit.obj (.cinit)
                  00002274    00000004     --HOLE-- [fill = 0]
                  00002278    00000028     dsk6713bsl.lib : dsk6713_aic23_setfreq.obj (.cinit)
                  000022a0    00000004     --HOLE-- [fill = 0]

.far       0    000022a4    000001b6     UNINITIALIZED
                  000022a4    000000f4     csl6713.lib : csl_irq.obj (.far)
                  00002398    00000038                 : csl_mcbsp.obj (.far)
                  000023d0    0000002c     stereoloop.obj (.far)
                  000023fc    00000028     dsk6713bsl.lib : dsk6713_aic23_registers.obj (.far)
                  00002424    00000020                    : dsk6713_aic23_setfreq.obj (.far)
                  00002444    0000000c     rts6700.lib : exit.obj (.far)
                  00002450    00000008     dsk6713bsl.lib : dsk6713_aic23_opencodec.obj (.far)
                  00002458    00000002                    : dsk6713.obj (.far)

.const     0    0000245c    00000060     
                  0000245c    00000040     dsk6713bsl.lib : dsk6713_aic23_opencodec.obj (.const)
                  0000249c    00000020                    : dsk6713.obj (.const)


GLOBAL SYMBOLS: SORTED ALPHABETICALLY BY Name 

address    name
--------   ----
00000200   $bss
00000200   .bss
00000200   .data
00000200   .text
00001c20   C$$EXIT
00002450   _DSK6713_AIC23_codeccontrolhandle
00002454   _DSK6713_AIC23_codecdatahandle
000012a0   _DSK6713_AIC23_config
00000680   _DSK6713_AIC23_openCodec
00001278   _DSK6713_AIC23_rget
000011e0   _DSK6713_AIC23_rset
000018a0   _DSK6713_AIC23_setFreq
00000614   _DSK6713_getVersion
0000024c   _DSK6713_init
00000568   _DSK6713_rget
0000057c   _DSK6713_rset
00002458   _DSK6713_version
00000590   _DSK6713_wait
000005e8   _DSK6713_waitusec
00001b00   _IRQ_enable
00001b80   _IRQ_globalDisable
00001ba0   _IRQ_globalEnable
00000bc0   _IRQ_map
00001bc0   _IRQ_nmiEnable
00001320   _MCBSP_open
00001be0   _MCBSP_read
00000d80   _MCBSP_reset
00001420   _MCBSP_start
00001c00   _MCBSP_write
00002390   __IRQ_dispatchTable
000022cc   __IRQ_eventTable
00001c40   __IRQ_hookFetchPacket
00002350   __IRQ_intTable
000023c8   __MCBSP_hDev0
000023cc   __MCBSP_hDev1
00002060   __STACK_END
00000400   __STACK_SIZE
00000001   __TI_args_main
00001a00   ___TI_cpp_init
0000244c   ___TI_enable_exit_profile_output
ffffffff   ___TI_pprof_out_hndl
ffffffff   ___TI_prof_data_size
ffffffff   ___TI_prof_data_start
ffffffff   ___binit__
00000200   ___bss__
ffffffff   ___c_args__
00002060   ___cinit__
00000200   ___data__
00000200   ___edata__
00000200   ___end__
00001c60   ___etext__
ffffffff   ___pinit__
00000200   ___text__
00001b40   __args_main
00001520   __auto_init
00002444   __cleanup_ptr
00002448   __dtors_ptr
00001c60   __stack
00001620   __strasg
00001c20   _abort
00001a80   _c_int00
000023d4   _config
000017e0   _copy_in
00001700   _exit
000023d0   _hCodec
00001080   _main
00000980   _memcpy
00000f20   _serialPortRcvISR
ffffffff   binit
00002060   cinit
00000200   edata
00000200   end
00001c60   etext
ffffffff   pinit


GLOBAL SYMBOLS: SORTED BY Symbol Address 

address    name
--------   ----
00000001   __TI_args_main
00000200   $bss
00000200   .bss
00000200   .data
00000200   .text
00000200   ___bss__
00000200   ___data__
00000200   ___edata__
00000200   ___end__
00000200   ___text__
00000200   edata
00000200   end
0000024c   _DSK6713_init
00000400   __STACK_SIZE
00000568   _DSK6713_rget
0000057c   _DSK6713_rset
00000590   _DSK6713_wait
000005e8   _DSK6713_waitusec
00000614   _DSK6713_getVersion
00000680   _DSK6713_AIC23_openCodec
00000980   _memcpy
00000bc0   _IRQ_map
00000d80   _MCBSP_reset
00000f20   _serialPortRcvISR
00001080   _main
000011e0   _DSK6713_AIC23_rset
00001278   _DSK6713_AIC23_rget
000012a0   _DSK6713_AIC23_config
00001320   _MCBSP_open
00001420   _MCBSP_start
00001520   __auto_init
00001620   __strasg
00001700   _exit
000017e0   _copy_in
000018a0   _DSK6713_AIC23_setFreq
00001a00   ___TI_cpp_init
00001a80   _c_int00
00001b00   _IRQ_enable
00001b40   __args_main
00001b80   _IRQ_globalDisable
00001ba0   _IRQ_globalEnable
00001bc0   _IRQ_nmiEnable
00001be0   _MCBSP_read
00001c00   _MCBSP_write
00001c20   C$$EXIT
00001c20   _abort
00001c40   __IRQ_hookFetchPacket
00001c60   ___etext__
00001c60   __stack
00001c60   etext
00002060   __STACK_END
00002060   ___cinit__
00002060   cinit
000022cc   __IRQ_eventTable
00002350   __IRQ_intTable
00002390   __IRQ_dispatchTable
000023c8   __MCBSP_hDev0
000023cc   __MCBSP_hDev1
000023d0   _hCodec
000023d4   _config
00002444   __cleanup_ptr
00002448   __dtors_ptr
0000244c   ___TI_enable_exit_profile_output
00002450   _DSK6713_AIC23_codeccontrolhandle
00002454   _DSK6713_AIC23_codecdatahandle
00002458   _DSK6713_version
ffffffff   ___TI_pprof_out_hndl
ffffffff   ___TI_prof_data_size
ffffffff   ___TI_prof_data_start
ffffffff   ___binit__
ffffffff   ___c_args__
ffffffff   ___pinit__
ffffffff   binit
ffffffff   pinit

[74 symbols]
