******************************************************************************
               TMS320C6x Linker PC v7.4.2                      
******************************************************************************
>> Linked Wed Dec 17 22:46:12 2014

OUTPUT FILE NAME:   <lab6_noise_cancellation.out>
ENTRY POINT SYMBOL: "_c_int00"  address: 00001f20


MEMORY CONFIGURATION

         name            origin    length      used     unused   attr    fill
----------------------  --------  ---------  --------  --------  ----  --------
  VECS                  00000000   00000200  00000200  00000000  RWIX
  IRAM                  00000200   0002fe00  00002cce  0002d132  RWIX
  L2RAM                 00030000   00010000  00000000  00010000  RWIX
  EMIFCE0               80000000   10000000  00000000  10000000  RWIX
  EMIFCE1               90000000   10000000  00000000  10000000  RWIX
  EMIFCE2               a0000000   10000000  00000000  10000000  RWIX
  EMIFCE3               b0000000   10000000  00000000  10000000  RWIX


SECTION ALLOCATION MAP

 output                                  attributes/
section   page    origin      length       input sections
--------  ----  ----------  ----------   ----------------
vectors    0    00000000    00000200     
                  00000000    00000200     vectors.obj (vectors)

.pinit     0    00000200    00000000     UNINITIALIZED

.text      0    00000200    00001e20     
                  00000200    00000500     noise_cancellation.obj (.text:retain)
                  00000700    00000480     dsk6713bsl.lib : dsk6713.obj (.text)
                  00000b80    00000300                    : dsk6713_aic23_opencodec.obj (.text)
                  00000e80    00000260     noise_cancellation.obj (.text)
                  000010e0    00000240     rts6700.lib : memcpy62.obj (.text:_memcpy)
                  00001320    000001c0     csl6713.lib : csl_irq.obj (.text:_IRQ_map)
                  000014e0    000001a0                 : csl_mcbsp.obj (.text:_MCBSP_reset)
                  00001680    00000140     dsk6713bsl.lib : dsk6713_aic23_registers.obj (.text)
                  000017c0    00000100     csl6713.lib : csl_mcbsp.obj (.text:_MCBSP_open)
                  000018c0    00000100                 : csl_mcbsp.obj (.text:_MCBSP_start)
                  000019c0    00000100     rts6700.lib : autoinit.obj (.text:__auto_init)
                  00001ac0    000000e0                 : strasg.obj (.text:__strasg)
                  00001ba0    000000e0                 : exit.obj (.text:_exit)
                  00001c80    000000c0                 : cpy_tbl.obj (.text:_copy_in)
                  00001d40    000000c0     dsk6713bsl.lib : dsk6713_aic23_setfreq.obj (.text)
                  00001e00    000000a0     csl6713.lib : csl_irq.obj (.text:_setMux)
                  00001ea0    00000080     rts6700.lib : cpp_init.obj (.text:___TI_cpp_init)
                  00001f20    00000080                 : boot.obj (.text:_c_int00)
                  00001fa0    00000040                 : args_main.obj (.text:__args_main)
                  00001fe0    00000020                 : exit.obj (.text:_abort)
                  00002000    00000020     csl6713.lib : csl_irq.obj (.text)

.bss       0    00000200    00000000     UNINITIALIZED

.data      0    00000200    00000000     UNINITIALIZED

.far       0    00002020    000007fa     UNINITIALIZED
                  00002020    00000670     noise_cancellation.obj (.far)
                  00002690    000000f4     csl6713.lib : csl_irq.obj (.far)
                  00002784    00000038                 : csl_mcbsp.obj (.far)
                  000027bc    00000028     dsk6713bsl.lib : dsk6713_aic23_registers.obj (.far)
                  000027e4    00000020                    : dsk6713_aic23_setfreq.obj (.far)
                  00002804    0000000c     rts6700.lib : exit.obj (.far)
                  00002810    00000008     dsk6713bsl.lib : dsk6713_aic23_opencodec.obj (.far)
                  00002818    00000002                    : dsk6713.obj (.far)

.stack     0    00002820    00000400     UNINITIALIZED
                  00002820    00000008     rts6700.lib : boot.obj (.stack)
                  00002828    000003f8     --HOLE--

.cinit     0    00002c20    00000254     
                  00002c20    0000012c     csl6713.lib : csl_irq.obj (.cinit)
                  00002d4c    00000004     --HOLE-- [fill = 0]
                  00002d50    00000054                 : csl_mcbsp.obj (.cinit)
                  00002da4    00000004     --HOLE-- [fill = 0]
                  00002da8    00000040     noise_cancellation.obj (.cinit)
                  00002de8    00000030     dsk6713bsl.lib : dsk6713_aic23_registers.obj (.cinit)
                  00002e18    0000002c     rts6700.lib : exit.obj (.cinit)
                  00002e44    00000004     --HOLE-- [fill = 0]
                  00002e48    00000028     dsk6713bsl.lib : dsk6713_aic23_setfreq.obj (.cinit)
                  00002e70    00000004     --HOLE-- [fill = 0]

.const     0    00002e74    00000060     
                  00002e74    00000040     dsk6713bsl.lib : dsk6713_aic23_opencodec.obj (.const)
                  00002eb4    00000020                    : dsk6713.obj (.const)


GLOBAL SYMBOLS: SORTED ALPHABETICALLY BY Name 

address    name
--------   ----
00000200   $bss
00000200   .bss
00000200   .data
00000200   .text
00001fe0   C$$EXIT
00002810   _DSK6713_AIC23_codeccontrolhandle
00002814   _DSK6713_AIC23_codecdatahandle
00001740   _DSK6713_AIC23_config
00000b80   _DSK6713_AIC23_openCodec
00001718   _DSK6713_AIC23_rget
00001680   _DSK6713_AIC23_rset
00001d40   _DSK6713_AIC23_setFreq
00000b14   _DSK6713_getVersion
0000074c   _DSK6713_init
00000a68   _DSK6713_rget
00000a7c   _DSK6713_rset
00002818   _DSK6713_version
00000a90   _DSK6713_wait
00000ae8   _DSK6713_waitusec
00001320   _IRQ_map
000017c0   _MCBSP_open
000014e0   _MCBSP_reset
000018c0   _MCBSP_start
0000277c   __IRQ_dispatchTable
000026b8   __IRQ_eventTable
00002000   __IRQ_hookFetchPacket
0000273c   __IRQ_intTable
000027b4   __MCBSP_hDev0
000027b8   __MCBSP_hDev1
00002c20   __STACK_END
00000400   __STACK_SIZE
00000001   __TI_args_main
00001ea0   ___TI_cpp_init
0000280c   ___TI_enable_exit_profile_output
ffffffff   ___TI_pprof_out_hndl
ffffffff   ___TI_prof_data_size
ffffffff   ___TI_prof_data_start
ffffffff   ___binit__
00000200   ___bss__
ffffffff   ___c_args__
00002c20   ___cinit__
00000200   ___data__
00000200   ___edata__
00000200   ___end__
00002020   ___etext__
ffffffff   ___pinit__
00000200   ___text__
00001fa0   __args_main
000019c0   __auto_init
00002804   __cleanup_ptr
00002808   __dtors_ptr
00002820   __stack
00001ac0   __strasg
00001fe0   _abort
00002340   _b_adpt
00001f20   _c_int00
00002668   _config
00001c80   _copy_in
00001ba0   _exit
00002664   _hCodec
00000e80   _init
00000f14   _main
000010e0   _memcpy
00002660   _n
00000200   _serialPortRcvISR
00002020   _w
ffffffff   binit
00002c20   cinit
00000200   edata
00000200   end
00002020   etext
ffffffff   pinit


GLOBAL SYMBOLS: SORTED BY Symbol Address 

address    name
--------   ----
00000001   __TI_args_main
00000200   $bss
00000200   .bss
00000200   .data
00000200   .text
00000200   ___bss__
00000200   ___data__
00000200   ___edata__
00000200   ___end__
00000200   ___text__
00000200   _serialPortRcvISR
00000200   edata
00000200   end
00000400   __STACK_SIZE
0000074c   _DSK6713_init
00000a68   _DSK6713_rget
00000a7c   _DSK6713_rset
00000a90   _DSK6713_wait
00000ae8   _DSK6713_waitusec
00000b14   _DSK6713_getVersion
00000b80   _DSK6713_AIC23_openCodec
00000e80   _init
00000f14   _main
000010e0   _memcpy
00001320   _IRQ_map
000014e0   _MCBSP_reset
00001680   _DSK6713_AIC23_rset
00001718   _DSK6713_AIC23_rget
00001740   _DSK6713_AIC23_config
000017c0   _MCBSP_open
000018c0   _MCBSP_start
000019c0   __auto_init
00001ac0   __strasg
00001ba0   _exit
00001c80   _copy_in
00001d40   _DSK6713_AIC23_setFreq
00001ea0   ___TI_cpp_init
00001f20   _c_int00
00001fa0   __args_main
00001fe0   C$$EXIT
00001fe0   _abort
00002000   __IRQ_hookFetchPacket
00002020   ___etext__
00002020   _w
00002020   etext
00002340   _b_adpt
00002660   _n
00002664   _hCodec
00002668   _config
000026b8   __IRQ_eventTable
0000273c   __IRQ_intTable
0000277c   __IRQ_dispatchTable
000027b4   __MCBSP_hDev0
000027b8   __MCBSP_hDev1
00002804   __cleanup_ptr
00002808   __dtors_ptr
0000280c   ___TI_enable_exit_profile_output
00002810   _DSK6713_AIC23_codeccontrolhandle
00002814   _DSK6713_AIC23_codecdatahandle
00002818   _DSK6713_version
00002820   __stack
00002c20   __STACK_END
00002c20   ___cinit__
00002c20   cinit
ffffffff   ___TI_pprof_out_hndl
ffffffff   ___TI_prof_data_size
ffffffff   ___TI_prof_data_start
ffffffff   ___binit__
ffffffff   ___c_args__
ffffffff   ___pinit__
ffffffff   binit
ffffffff   pinit

[72 symbols]
