******************************************************************************
               TMS320C6x Linker PC v7.4.2                      
******************************************************************************
>> Linked Tue Dec 16 00:58:03 2014

OUTPUT FILE NAME:   <lab6_noise_cancellation.out>
ENTRY POINT SYMBOL: "_c_int00"  address: 00002140


MEMORY CONFIGURATION

         name            origin    length      used     unused   attr    fill
----------------------  --------  ---------  --------  --------  ----  --------
  VECS                  00000000   00000200  00000200  00000000  RWIX
  IRAM                  00000200   0002fe00  00002b22  0002d2de  RWIX
  L2RAM                 00030000   00010000  00000000  00010000  RWIX
  EMIFCE0               80000000   10000000  00000000  10000000  RWIX
  EMIFCE1               90000000   10000000  00000000  10000000  RWIX
  EMIFCE2               a0000000   10000000  00000000  10000000  RWIX
  EMIFCE3               b0000000   10000000  00000000  10000000  RWIX


SECTION ALLOCATION MAP

 output                                  attributes/
section   page    origin      length       input sections
--------  ----  ----------  ----------   ----------------
vectors    0    00000000    00000200     
                  00000000    00000200     vectors.obj (vectors)

.pinit     0    00000200    00000000     UNINITIALIZED

.text      0    00000200    00002120     
                  00000200    00000480     dsk6713bsl.lib : dsk6713.obj (.text)
                  00000680    00000440     noise_cancellation.obj (.text:retain)
                  00000ac0    00000340     rts6700.lib : divf.obj (.text:__divf)
                  00000e00    00000300     dsk6713bsl.lib : dsk6713_aic23_opencodec.obj (.text)
                  00001100    00000240     rts6700.lib : memcpy62.obj (.text:_memcpy)
                  00001340    00000200     noise_cancellation.obj (.text)
                  00001540    000001c0     csl6713.lib : csl_irq.obj (.text:_IRQ_map)
                  00001700    000001a0                 : csl_mcbsp.obj (.text:_MCBSP_reset)
                  000018a0    00000140     dsk6713bsl.lib : dsk6713_aic23_registers.obj (.text)
                  000019e0    00000100     csl6713.lib : csl_mcbsp.obj (.text:_MCBSP_open)
                  00001ae0    00000100                 : csl_mcbsp.obj (.text:_MCBSP_start)
                  00001be0    00000100     rts6700.lib : autoinit.obj (.text:__auto_init)
                  00001ce0    000000e0                 : strasg.obj (.text:__strasg)
                  00001dc0    000000e0                 : exit.obj (.text:_exit)
                  00001ea0    000000c0                 : cpy_tbl.obj (.text:_copy_in)
                  00001f60    000000c0     dsk6713bsl.lib : dsk6713_aic23_setfreq.obj (.text)
                  00002020    000000a0     csl6713.lib : csl_irq.obj (.text:_setMux)
                  000020c0    00000080     rts6700.lib : cpp_init.obj (.text:___TI_cpp_init)
                  00002140    00000080                 : boot.obj (.text:_c_int00)
                  000021c0    00000040     csl6713.lib : csl_irq.obj (.text:_IRQ_enable)
                  00002200    00000040     rts6700.lib : args_main.obj (.text:__args_main)
                  00002240    00000020     csl6713.lib : csl_irq.obj (.text:_IRQ_globalDisable)
                  00002260    00000020                 : csl_irq.obj (.text:_IRQ_globalEnable)
                  00002280    00000020                 : csl_irq.obj (.text:_IRQ_nmiEnable)
                  000022a0    00000020                 : csl_mcbsp.obj (.text:_MCBSP_read)
                  000022c0    00000020                 : csl_mcbsp.obj (.text:_MCBSP_write)
                  000022e0    00000020     rts6700.lib : exit.obj (.text:_abort)
                  00002300    00000020     csl6713.lib : csl_irq.obj (.text)

.bss       0    00000200    00000000     UNINITIALIZED

.data      0    00000200    00000000     UNINITIALIZED

.stack     0    00002320    00000400     UNINITIALIZED
                  00002320    00000008     rts6700.lib : boot.obj (.stack)
                  00002328    000003f8     --HOLE--

.far       0    00002720    0000034e     UNINITIALIZED
                  00002720    000001c4     noise_cancellation.obj (.far)
                  000028e4    000000f4     csl6713.lib : csl_irq.obj (.far)
                  000029d8    00000038                 : csl_mcbsp.obj (.far)
                  00002a10    00000028     dsk6713bsl.lib : dsk6713_aic23_registers.obj (.far)
                  00002a38    00000020                    : dsk6713_aic23_setfreq.obj (.far)
                  00002a58    0000000c     rts6700.lib : exit.obj (.far)
                  00002a64    00000008     dsk6713bsl.lib : dsk6713_aic23_opencodec.obj (.far)
                  00002a6c    00000002                    : dsk6713.obj (.far)

.cinit     0    00002a70    00000254     
                  00002a70    0000012c     csl6713.lib : csl_irq.obj (.cinit)
                  00002b9c    00000004     --HOLE-- [fill = 0]
                  00002ba0    00000054                 : csl_mcbsp.obj (.cinit)
                  00002bf4    00000004     --HOLE-- [fill = 0]
                  00002bf8    00000040     noise_cancellation.obj (.cinit)
                  00002c38    00000030     dsk6713bsl.lib : dsk6713_aic23_registers.obj (.cinit)
                  00002c68    0000002c     rts6700.lib : exit.obj (.cinit)
                  00002c94    00000004     --HOLE-- [fill = 0]
                  00002c98    00000028     dsk6713bsl.lib : dsk6713_aic23_setfreq.obj (.cinit)
                  00002cc0    00000004     --HOLE-- [fill = 0]

.const     0    00002cc4    00000060     
                  00002cc4    00000040     dsk6713bsl.lib : dsk6713_aic23_opencodec.obj (.const)
                  00002d04    00000020                    : dsk6713.obj (.const)


GLOBAL SYMBOLS: SORTED ALPHABETICALLY BY Name 

address    name
--------   ----
00000200   $bss
00000200   .bss
00000200   .data
00000200   .text
000022e0   C$$EXIT
00002a64   _DSK6713_AIC23_codeccontrolhandle
00002a68   _DSK6713_AIC23_codecdatahandle
00001960   _DSK6713_AIC23_config
00000e00   _DSK6713_AIC23_openCodec
00001938   _DSK6713_AIC23_rget
000018a0   _DSK6713_AIC23_rset
00001f60   _DSK6713_AIC23_setFreq
00000614   _DSK6713_getVersion
0000024c   _DSK6713_init
00000568   _DSK6713_rget
0000057c   _DSK6713_rset
00002a6c   _DSK6713_version
00000590   _DSK6713_wait
000005e8   _DSK6713_waitusec
000021c0   _IRQ_enable
00002240   _IRQ_globalDisable
00002260   _IRQ_globalEnable
00001540   _IRQ_map
00002280   _IRQ_nmiEnable
000019e0   _MCBSP_open
000022a0   _MCBSP_read
00001700   _MCBSP_reset
00001ae0   _MCBSP_start
000022c0   _MCBSP_write
000029d0   __IRQ_dispatchTable
0000290c   __IRQ_eventTable
00002300   __IRQ_hookFetchPacket
00002990   __IRQ_intTable
00002a08   __MCBSP_hDev0
00002a0c   __MCBSP_hDev1
00002720   __STACK_END
00000400   __STACK_SIZE
00000001   __TI_args_main
000020c0   ___TI_cpp_init
00002a60   ___TI_enable_exit_profile_output
ffffffff   ___TI_pprof_out_hndl
ffffffff   ___TI_prof_data_size
ffffffff   ___TI_prof_data_start
ffffffff   ___binit__
00000200   ___bss__
ffffffff   ___c_args__
00002a70   ___cinit__
00000200   ___data__
00000200   ___edata__
00000200   ___end__
00002320   ___etext__
ffffffff   ___pinit__
00000200   ___text__
00002200   __args_main
00001be0   __auto_init
00002a58   __cleanup_ptr
00000ac0   __divf
00002a5c   __dtors_ptr
00002320   __stack
00001ce0   __strasg
000022e0   _abort
000027ec   _b_adpt
00002140   _c_int00
000028bc   _config
00001ea0   _copy_in
00002720   _e
00001dc0   _exit
000028b8   _hCodec
000014ac   _init
00001340   _main
00001100   _memcpy
000028b4   _n
00000680   _serialPortRcvISR
00002724   _x
ffffffff   binit
00002a70   cinit
00000200   edata
00000200   end
00002320   etext
ffffffff   pinit


GLOBAL SYMBOLS: SORTED BY Symbol Address 

address    name
--------   ----
00000001   __TI_args_main
00000200   $bss
00000200   .bss
00000200   .data
00000200   .text
00000200   ___bss__
00000200   ___data__
00000200   ___edata__
00000200   ___end__
00000200   ___text__
00000200   edata
00000200   end
0000024c   _DSK6713_init
00000400   __STACK_SIZE
00000568   _DSK6713_rget
0000057c   _DSK6713_rset
00000590   _DSK6713_wait
000005e8   _DSK6713_waitusec
00000614   _DSK6713_getVersion
00000680   _serialPortRcvISR
00000ac0   __divf
00000e00   _DSK6713_AIC23_openCodec
00001100   _memcpy
00001340   _main
000014ac   _init
00001540   _IRQ_map
00001700   _MCBSP_reset
000018a0   _DSK6713_AIC23_rset
00001938   _DSK6713_AIC23_rget
00001960   _DSK6713_AIC23_config
000019e0   _MCBSP_open
00001ae0   _MCBSP_start
00001be0   __auto_init
00001ce0   __strasg
00001dc0   _exit
00001ea0   _copy_in
00001f60   _DSK6713_AIC23_setFreq
000020c0   ___TI_cpp_init
00002140   _c_int00
000021c0   _IRQ_enable
00002200   __args_main
00002240   _IRQ_globalDisable
00002260   _IRQ_globalEnable
00002280   _IRQ_nmiEnable
000022a0   _MCBSP_read
000022c0   _MCBSP_write
000022e0   C$$EXIT
000022e0   _abort
00002300   __IRQ_hookFetchPacket
00002320   ___etext__
00002320   __stack
00002320   etext
00002720   __STACK_END
00002720   _e
00002724   _x
000027ec   _b_adpt
000028b4   _n
000028b8   _hCodec
000028bc   _config
0000290c   __IRQ_eventTable
00002990   __IRQ_intTable
000029d0   __IRQ_dispatchTable
00002a08   __MCBSP_hDev0
00002a0c   __MCBSP_hDev1
00002a58   __cleanup_ptr
00002a5c   __dtors_ptr
00002a60   ___TI_enable_exit_profile_output
00002a64   _DSK6713_AIC23_codeccontrolhandle
00002a68   _DSK6713_AIC23_codecdatahandle
00002a6c   _DSK6713_version
00002a70   ___cinit__
00002a70   cinit
ffffffff   ___TI_pprof_out_hndl
ffffffff   ___TI_prof_data_size
ffffffff   ___TI_prof_data_start
ffffffff   ___binit__
ffffffff   ___c_args__
ffffffff   ___pinit__
ffffffff   binit
ffffffff   pinit

[80 symbols]
