******************************************************************************
               TMS320C6x Linker PC v7.4.2                      
******************************************************************************
>> Linked Mon Dec 15 22:34:24 2014

OUTPUT FILE NAME:   <lab6_adaptive_filter.out>
ENTRY POINT SYMBOL: "_c_int00"  address: 000020e0


MEMORY CONFIGURATION

         name            origin    length      used     unused   attr    fill
----------------------  --------  ---------  --------  --------  ----  --------
  VECS                  00000000   00000200  00000200  00000000  RWIX
  IRAM                  00000200   0002fe00  000029fa  0002d406  RWIX
  L2RAM                 00030000   00010000  00000000  00010000  RWIX
  EMIFCE0               80000000   10000000  00000000  10000000  RWIX
  EMIFCE1               90000000   10000000  00000000  10000000  RWIX
  EMIFCE2               a0000000   10000000  00000000  10000000  RWIX
  EMIFCE3               b0000000   10000000  00000000  10000000  RWIX


SECTION ALLOCATION MAP

 output                                  attributes/
section   page    origin      length       input sections
--------  ----  ----------  ----------   ----------------
vectors    0    00000000    00000200     
                  00000000    00000200     vectors.obj (vectors)

.pinit     0    00000200    00000000     UNINITIALIZED

.text      0    00000200    000020c0     
                  00000200    00000480     dsk6713bsl.lib : dsk6713.obj (.text)
                  00000680    000003e0     adaptive_filter.obj (.text:retain)
                  00000a60    00000340     rts6700.lib : divf.obj (.text:__divf)
                  00000da0    00000300     dsk6713bsl.lib : dsk6713_aic23_opencodec.obj (.text)
                  000010a0    00000240     rts6700.lib : memcpy62.obj (.text:_memcpy)
                  000012e0    00000200     adaptive_filter.obj (.text)
                  000014e0    000001c0     csl6713.lib : csl_irq.obj (.text:_IRQ_map)
                  000016a0    000001a0                 : csl_mcbsp.obj (.text:_MCBSP_reset)
                  00001840    00000140     dsk6713bsl.lib : dsk6713_aic23_registers.obj (.text)
                  00001980    00000100     csl6713.lib : csl_mcbsp.obj (.text:_MCBSP_open)
                  00001a80    00000100                 : csl_mcbsp.obj (.text:_MCBSP_start)
                  00001b80    00000100     rts6700.lib : autoinit.obj (.text:__auto_init)
                  00001c80    000000e0                 : strasg.obj (.text:__strasg)
                  00001d60    000000e0                 : exit.obj (.text:_exit)
                  00001e40    000000c0                 : cpy_tbl.obj (.text:_copy_in)
                  00001f00    000000c0     dsk6713bsl.lib : dsk6713_aic23_setfreq.obj (.text)
                  00001fc0    000000a0     csl6713.lib : csl_irq.obj (.text:_setMux)
                  00002060    00000080     rts6700.lib : cpp_init.obj (.text:___TI_cpp_init)
                  000020e0    00000080                 : boot.obj (.text:_c_int00)
                  00002160    00000040     csl6713.lib : csl_irq.obj (.text:_IRQ_enable)
                  000021a0    00000040     rts6700.lib : args_main.obj (.text:__args_main)
                  000021e0    00000020     csl6713.lib : csl_irq.obj (.text:_IRQ_globalDisable)
                  00002200    00000020                 : csl_irq.obj (.text:_IRQ_globalEnable)
                  00002220    00000020                 : csl_irq.obj (.text:_IRQ_nmiEnable)
                  00002240    00000020                 : csl_mcbsp.obj (.text:_MCBSP_read)
                  00002260    00000020                 : csl_mcbsp.obj (.text:_MCBSP_write)
                  00002280    00000020     rts6700.lib : exit.obj (.text:_abort)
                  000022a0    00000020     csl6713.lib : csl_irq.obj (.text)

.bss       0    00000200    00000000     UNINITIALIZED

.data      0    00000200    00000000     UNINITIALIZED

.stack     0    000022c0    00000400     UNINITIALIZED
                  000022c0    00000008     rts6700.lib : boot.obj (.stack)
                  000022c8    000003f8     --HOLE--

.far       0    000026c0    00000286     UNINITIALIZED
                  000026c0    000000fc     adaptive_filter.obj (.far)
                  000027bc    000000f4     csl6713.lib : csl_irq.obj (.far)
                  000028b0    00000038                 : csl_mcbsp.obj (.far)
                  000028e8    00000028     dsk6713bsl.lib : dsk6713_aic23_registers.obj (.far)
                  00002910    00000020                    : dsk6713_aic23_setfreq.obj (.far)
                  00002930    0000000c     rts6700.lib : exit.obj (.far)
                  0000293c    00000008     dsk6713bsl.lib : dsk6713_aic23_opencodec.obj (.far)
                  00002944    00000002                    : dsk6713.obj (.far)

.cinit     0    00002948    00000254     
                  00002948    0000012c     csl6713.lib : csl_irq.obj (.cinit)
                  00002a74    00000004     --HOLE-- [fill = 0]
                  00002a78    00000054                 : csl_mcbsp.obj (.cinit)
                  00002acc    00000004     --HOLE-- [fill = 0]
                  00002ad0    00000040     adaptive_filter.obj (.cinit)
                  00002b10    00000030     dsk6713bsl.lib : dsk6713_aic23_registers.obj (.cinit)
                  00002b40    0000002c     rts6700.lib : exit.obj (.cinit)
                  00002b6c    00000004     --HOLE-- [fill = 0]
                  00002b70    00000028     dsk6713bsl.lib : dsk6713_aic23_setfreq.obj (.cinit)
                  00002b98    00000004     --HOLE-- [fill = 0]

.const     0    00002b9c    00000060     
                  00002b9c    00000040     dsk6713bsl.lib : dsk6713_aic23_opencodec.obj (.const)
                  00002bdc    00000020                    : dsk6713.obj (.const)


GLOBAL SYMBOLS: SORTED ALPHABETICALLY BY Name 

address    name
--------   ----
00000200   $bss
00000200   .bss
00000200   .data
00000200   .text
00002280   C$$EXIT
0000293c   _DSK6713_AIC23_codeccontrolhandle
00002940   _DSK6713_AIC23_codecdatahandle
00001900   _DSK6713_AIC23_config
00000da0   _DSK6713_AIC23_openCodec
000018d8   _DSK6713_AIC23_rget
00001840   _DSK6713_AIC23_rset
00001f00   _DSK6713_AIC23_setFreq
00000614   _DSK6713_getVersion
0000024c   _DSK6713_init
00000568   _DSK6713_rget
0000057c   _DSK6713_rset
00002944   _DSK6713_version
00000590   _DSK6713_wait
000005e8   _DSK6713_waitusec
00002160   _IRQ_enable
000021e0   _IRQ_globalDisable
00002200   _IRQ_globalEnable
000014e0   _IRQ_map
00002220   _IRQ_nmiEnable
00001980   _MCBSP_open
00002240   _MCBSP_read
000016a0   _MCBSP_reset
00001a80   _MCBSP_start
00002260   _MCBSP_write
000028a8   __IRQ_dispatchTable
000027e4   __IRQ_eventTable
000022a0   __IRQ_hookFetchPacket
00002868   __IRQ_intTable
000028e0   __MCBSP_hDev0
000028e4   __MCBSP_hDev1
000026c0   __STACK_END
00000400   __STACK_SIZE
00000001   __TI_args_main
00002060   ___TI_cpp_init
00002938   ___TI_enable_exit_profile_output
ffffffff   ___TI_pprof_out_hndl
ffffffff   ___TI_prof_data_size
ffffffff   ___TI_prof_data_start
ffffffff   ___binit__
00000200   ___bss__
ffffffff   ___c_args__
00002948   ___cinit__
00000200   ___data__
00000200   ___edata__
00000200   ___end__
000022c0   ___etext__
ffffffff   ___pinit__
00000200   ___text__
000021a0   __args_main
00001b80   __auto_init
00002930   __cleanup_ptr
00000a60   __divf
00002934   __dtors_ptr
000022c0   __stack
00001c80   __strasg
00002280   _abort
00002728   _b_adpt
000020e0   _c_int00
00002794   _config
00001e40   _copy_in
000026c0   _e
00001d60   _exit
00002790   _hCodec
0000144c   _init
000012e0   _main
000010a0   _memcpy
0000278c   _n
00000680   _serialPortRcvISR
000026c4   _x
ffffffff   binit
00002948   cinit
00000200   edata
00000200   end
000022c0   etext
ffffffff   pinit


GLOBAL SYMBOLS: SORTED BY Symbol Address 

address    name
--------   ----
00000001   __TI_args_main
00000200   $bss
00000200   .bss
00000200   .data
00000200   .text
00000200   ___bss__
00000200   ___data__
00000200   ___edata__
00000200   ___end__
00000200   ___text__
00000200   edata
00000200   end
0000024c   _DSK6713_init
00000400   __STACK_SIZE
00000568   _DSK6713_rget
0000057c   _DSK6713_rset
00000590   _DSK6713_wait
000005e8   _DSK6713_waitusec
00000614   _DSK6713_getVersion
00000680   _serialPortRcvISR
00000a60   __divf
00000da0   _DSK6713_AIC23_openCodec
000010a0   _memcpy
000012e0   _main
0000144c   _init
000014e0   _IRQ_map
000016a0   _MCBSP_reset
00001840   _DSK6713_AIC23_rset
000018d8   _DSK6713_AIC23_rget
00001900   _DSK6713_AIC23_config
00001980   _MCBSP_open
00001a80   _MCBSP_start
00001b80   __auto_init
00001c80   __strasg
00001d60   _exit
00001e40   _copy_in
00001f00   _DSK6713_AIC23_setFreq
00002060   ___TI_cpp_init
000020e0   _c_int00
00002160   _IRQ_enable
000021a0   __args_main
000021e0   _IRQ_globalDisable
00002200   _IRQ_globalEnable
00002220   _IRQ_nmiEnable
00002240   _MCBSP_read
00002260   _MCBSP_write
00002280   C$$EXIT
00002280   _abort
000022a0   __IRQ_hookFetchPacket
000022c0   ___etext__
000022c0   __stack
000022c0   etext
000026c0   __STACK_END
000026c0   _e
000026c4   _x
00002728   _b_adpt
0000278c   _n
00002790   _hCodec
00002794   _config
000027e4   __IRQ_eventTable
00002868   __IRQ_intTable
000028a8   __IRQ_dispatchTable
000028e0   __MCBSP_hDev0
000028e4   __MCBSP_hDev1
00002930   __cleanup_ptr
00002934   __dtors_ptr
00002938   ___TI_enable_exit_profile_output
0000293c   _DSK6713_AIC23_codeccontrolhandle
00002940   _DSK6713_AIC23_codecdatahandle
00002944   _DSK6713_version
00002948   ___cinit__
00002948   cinit
ffffffff   ___TI_pprof_out_hndl
ffffffff   ___TI_prof_data_size
ffffffff   ___TI_prof_data_start
ffffffff   ___binit__
ffffffff   ___c_args__
ffffffff   ___pinit__
ffffffff   binit
ffffffff   pinit

[80 symbols]
