******************************************************************************
               TMS320C6x Linker PC v7.4.2                      
******************************************************************************
>> Linked Mon Nov 10 22:09:31 2014

OUTPUT FILE NAME:   <lab2_FIR_DF1.out>
ENTRY POINT SYMBOL: "_c_int00"  address: 00001f80


MEMORY CONFIGURATION

         name            origin    length      used     unused   attr    fill
----------------------  --------  ---------  --------  --------  ----  --------
  VECS                  00000000   00000200  00000200  00000000  RWIX
  IRAM                  00000200   0002fe00  00002948  0002d4b8  RWIX
  L2RAM                 00030000   00010000  00000000  00010000  RWIX
  EMIFCE0               80000000   10000000  00000000  10000000  RWIX
  EMIFCE1               90000000   10000000  00000000  10000000  RWIX
  EMIFCE2               a0000000   10000000  00000000  10000000  RWIX
  EMIFCE3               b0000000   10000000  00000000  10000000  RWIX


SECTION ALLOCATION MAP

 output                                  attributes/
section   page    origin      length       input sections
--------  ----  ----------  ----------   ----------------
vectors    0    00000000    00000200     
                  00000000    00000200     vectors.obj (vectors)

.pinit     0    00000200    00000000     UNINITIALIZED

.text      0    00000200    00001f60     
                  00000200    00000480     dsk6713bsl.lib : dsk6713.obj (.text)
                  00000680    00000340     rts6700.lib : divf.obj (.text:__divf)
                  000009c0    00000320     lab2.obj (.text:retain)
                  00000ce0    00000300     dsk6713bsl.lib : dsk6713_aic23_opencodec.obj (.text)
                  00000fe0    00000240     rts6700.lib : memcpy62.obj (.text:_memcpy)
                  00001220    000001c0     csl6713.lib : csl_irq.obj (.text:_IRQ_map)
                  000013e0    000001a0                 : csl_mcbsp.obj (.text:_MCBSP_reset)
                  00001580    00000160     lab2.obj (.text)
                  000016e0    00000140     dsk6713bsl.lib : dsk6713_aic23_registers.obj (.text)
                  00001820    00000100     csl6713.lib : csl_mcbsp.obj (.text:_MCBSP_open)
                  00001920    00000100                 : csl_mcbsp.obj (.text:_MCBSP_start)
                  00001a20    00000100     rts6700.lib : autoinit.obj (.text:__auto_init)
                  00001b20    000000e0                 : strasg.obj (.text:__strasg)
                  00001c00    000000e0                 : exit.obj (.text:_exit)
                  00001ce0    000000c0                 : cpy_tbl.obj (.text:_copy_in)
                  00001da0    000000c0     dsk6713bsl.lib : dsk6713_aic23_setfreq.obj (.text)
                  00001e60    000000a0     csl6713.lib : csl_irq.obj (.text:_setMux)
                  00001f00    00000080     rts6700.lib : cpp_init.obj (.text:___TI_cpp_init)
                  00001f80    00000080                 : boot.obj (.text:_c_int00)
                  00002000    00000040     csl6713.lib : csl_irq.obj (.text:_IRQ_enable)
                  00002040    00000040     rts6700.lib : args_main.obj (.text:__args_main)
                  00002080    00000020     csl6713.lib : csl_irq.obj (.text:_IRQ_globalDisable)
                  000020a0    00000020                 : csl_irq.obj (.text:_IRQ_globalEnable)
                  000020c0    00000020                 : csl_irq.obj (.text:_IRQ_nmiEnable)
                  000020e0    00000020                 : csl_mcbsp.obj (.text:_MCBSP_read)
                  00002100    00000020                 : csl_mcbsp.obj (.text:_MCBSP_write)
                  00002120    00000020     rts6700.lib : exit.obj (.text:_abort)
                  00002140    00000020     csl6713.lib : csl_irq.obj (.text)

.bss       0    00000200    00000000     UNINITIALIZED

.data      0    00000200    00000000     UNINITIALIZED

.stack     0    00002160    00000400     UNINITIALIZED
                  00002160    00000008     rts6700.lib : boot.obj (.stack)
                  00002168    000003f8     --HOLE--

.far       0    00002560    0000026c     UNINITIALIZED
                  00002560    000000f4     csl6713.lib : csl_irq.obj (.far)
                  00002654    000000e2     lab2.obj (.far)
                  00002736    00000002     dsk6713bsl.lib : dsk6713.obj (.far)
                  00002738    00000038     csl6713.lib : csl_mcbsp.obj (.far)
                  00002770    00000028     dsk6713bsl.lib : dsk6713_aic23_registers.obj (.far)
                  00002798    00000020                    : dsk6713_aic23_setfreq.obj (.far)
                  000027b8    0000000c     rts6700.lib : exit.obj (.far)
                  000027c4    00000008     dsk6713bsl.lib : dsk6713_aic23_opencodec.obj (.far)

.cinit     0    000027d0    00000264     
                  000027d0    0000012c     csl6713.lib : csl_irq.obj (.cinit)
                  000028fc    00000004     --HOLE-- [fill = 0]
                  00002900    00000054                 : csl_mcbsp.obj (.cinit)
                  00002954    00000004     --HOLE-- [fill = 0]
                  00002958    0000004a     lab2.obj (.cinit)
                  000029a2    00000006     --HOLE-- [fill = 0]
                  000029a8    00000030     dsk6713bsl.lib : dsk6713_aic23_registers.obj (.cinit)
                  000029d8    0000002c     rts6700.lib : exit.obj (.cinit)
                  00002a04    00000004     --HOLE-- [fill = 0]
                  00002a08    00000028     dsk6713bsl.lib : dsk6713_aic23_setfreq.obj (.cinit)
                  00002a30    00000004     --HOLE-- [fill = 0]

.const     0    00002a34    00000118     
                  00002a34    000000b4     lab2.obj (.const:_B)
                  00002ae8    00000040     dsk6713bsl.lib : dsk6713_aic23_opencodec.obj (.const)
                  00002b28    00000020                    : dsk6713.obj (.const)
                  00002b48    00000004     lab2.obj (.const)


GLOBAL SYMBOLS: SORTED ALPHABETICALLY BY Name 

address    name
--------   ----
00000200   $bss
00000200   .bss
00000200   .data
00000200   .text
00002120   C$$EXIT
00002a34   _B
00002b48   _BL
000027c4   _DSK6713_AIC23_codeccontrolhandle
000027c8   _DSK6713_AIC23_codecdatahandle
000017a0   _DSK6713_AIC23_config
00000ce0   _DSK6713_AIC23_openCodec
00001778   _DSK6713_AIC23_rget
000016e0   _DSK6713_AIC23_rset
00001da0   _DSK6713_AIC23_setFreq
00000614   _DSK6713_getVersion
0000024c   _DSK6713_init
00000568   _DSK6713_rget
0000057c   _DSK6713_rset
00002736   _DSK6713_version
00000590   _DSK6713_wait
000005e8   _DSK6713_waitusec
00002000   _IRQ_enable
00002080   _IRQ_globalDisable
000020a0   _IRQ_globalEnable
00001220   _IRQ_map
000020c0   _IRQ_nmiEnable
00001820   _MCBSP_open
000020e0   _MCBSP_read
000013e0   _MCBSP_reset
00001920   _MCBSP_start
00002100   _MCBSP_write
0000264c   __IRQ_dispatchTable
00002588   __IRQ_eventTable
00002140   __IRQ_hookFetchPacket
0000260c   __IRQ_intTable
00002768   __MCBSP_hDev0
0000276c   __MCBSP_hDev1
00002560   __STACK_END
00000400   __STACK_SIZE
00000001   __TI_args_main
00001f00   ___TI_cpp_init
000027c0   ___TI_enable_exit_profile_output
ffffffff   ___TI_pprof_out_hndl
ffffffff   ___TI_prof_data_size
ffffffff   ___TI_prof_data_start
ffffffff   ___binit__
00000200   ___bss__
ffffffff   ___c_args__
000027d0   ___cinit__
00000200   ___data__
00000200   ___edata__
00000200   ___end__
00002160   ___etext__
ffffffff   ___pinit__
00000200   ___text__
00002040   __args_main
00001a20   __auto_init
000027b8   __cleanup_ptr
00000680   __divf
000027bc   __dtors_ptr
00002160   __stack
00001b20   __strasg
00002120   _abort
00001f80   _c_int00
00002658   _config
00001ce0   _copy_in
00001c00   _exit
00002654   _hCodec
00001580   _main
00000fe0   _memcpy
00002734   _n
000009c0   _serialPortRcvISR
00002680   _x
ffffffff   binit
000027d0   cinit
00000200   edata
00000200   end
00002160   etext
ffffffff   pinit


GLOBAL SYMBOLS: SORTED BY Symbol Address 

address    name
--------   ----
00000001   __TI_args_main
00000200   $bss
00000200   .bss
00000200   .data
00000200   .text
00000200   ___bss__
00000200   ___data__
00000200   ___edata__
00000200   ___end__
00000200   ___text__
00000200   edata
00000200   end
0000024c   _DSK6713_init
00000400   __STACK_SIZE
00000568   _DSK6713_rget
0000057c   _DSK6713_rset
00000590   _DSK6713_wait
000005e8   _DSK6713_waitusec
00000614   _DSK6713_getVersion
00000680   __divf
000009c0   _serialPortRcvISR
00000ce0   _DSK6713_AIC23_openCodec
00000fe0   _memcpy
00001220   _IRQ_map
000013e0   _MCBSP_reset
00001580   _main
000016e0   _DSK6713_AIC23_rset
00001778   _DSK6713_AIC23_rget
000017a0   _DSK6713_AIC23_config
00001820   _MCBSP_open
00001920   _MCBSP_start
00001a20   __auto_init
00001b20   __strasg
00001c00   _exit
00001ce0   _copy_in
00001da0   _DSK6713_AIC23_setFreq
00001f00   ___TI_cpp_init
00001f80   _c_int00
00002000   _IRQ_enable
00002040   __args_main
00002080   _IRQ_globalDisable
000020a0   _IRQ_globalEnable
000020c0   _IRQ_nmiEnable
000020e0   _MCBSP_read
00002100   _MCBSP_write
00002120   C$$EXIT
00002120   _abort
00002140   __IRQ_hookFetchPacket
00002160   ___etext__
00002160   __stack
00002160   etext
00002560   __STACK_END
00002588   __IRQ_eventTable
0000260c   __IRQ_intTable
0000264c   __IRQ_dispatchTable
00002654   _hCodec
00002658   _config
00002680   _x
00002734   _n
00002736   _DSK6713_version
00002768   __MCBSP_hDev0
0000276c   __MCBSP_hDev1
000027b8   __cleanup_ptr
000027bc   __dtors_ptr
000027c0   ___TI_enable_exit_profile_output
000027c4   _DSK6713_AIC23_codeccontrolhandle
000027c8   _DSK6713_AIC23_codecdatahandle
000027d0   ___cinit__
000027d0   cinit
00002a34   _B
00002b48   _BL
ffffffff   ___TI_pprof_out_hndl
ffffffff   ___TI_prof_data_size
ffffffff   ___TI_prof_data_start
ffffffff   ___binit__
ffffffff   ___c_args__
ffffffff   ___pinit__
ffffffff   binit
ffffffff   pinit

[79 symbols]
