******************************************************************************
               TMS320C6x Linker PC v7.4.2                      
******************************************************************************
>> Linked Wed Nov 19 18:37:06 2014

OUTPUT FILE NAME:   <lab3_FIR_DF1.out>
ENTRY POINT SYMBOL: "_c_int00"  address: 00001cc0


MEMORY CONFIGURATION

         name            origin    length      used     unused   attr    fill
----------------------  --------  ---------  --------  --------  ----  --------
  VECS                  00000000   00000200  00000200  00000000  RWIX
  IRAM                  00000200   0002fe00  000025ba  0002d846  RWIX
  L2RAM                 00030000   00010000  00000000  00010000  RWIX
  EMIFCE0               80000000   10000000  00000000  10000000  RWIX
  EMIFCE1               90000000   10000000  00000000  10000000  RWIX
  EMIFCE2               a0000000   10000000  00000000  10000000  RWIX
  EMIFCE3               b0000000   10000000  00000000  10000000  RWIX


SECTION ALLOCATION MAP

 output                                  attributes/
section   page    origin      length       input sections
--------  ----  ----------  ----------   ----------------
vectors    0    00000000    00000200     
                  00000000    00000200     vectors.obj (vectors)

.pinit     0    00000200    00000000     UNINITIALIZED

.text      0    00000200    00001ca0     
                  00000200    00000480     dsk6713bsl.lib : dsk6713.obj (.text)
                  00000680    00000300                    : dsk6713_aic23_opencodec.obj (.text)
                  00000980    00000280     lab3_FIR.obj (.text)
                  00000c00    00000280     lab3_FIR.obj (.text:retain)
                  00000e80    00000240     rts6700.lib : memcpy62.obj (.text:_memcpy)
                  000010c0    000001c0     csl6713.lib : csl_irq.obj (.text:_IRQ_map)
                  00001280    000001a0                 : csl_mcbsp.obj (.text:_MCBSP_reset)
                  00001420    00000140     dsk6713bsl.lib : dsk6713_aic23_registers.obj (.text)
                  00001560    00000100     csl6713.lib : csl_mcbsp.obj (.text:_MCBSP_open)
                  00001660    00000100                 : csl_mcbsp.obj (.text:_MCBSP_start)
                  00001760    00000100     rts6700.lib : autoinit.obj (.text:__auto_init)
                  00001860    000000e0                 : strasg.obj (.text:__strasg)
                  00001940    000000e0                 : exit.obj (.text:_exit)
                  00001a20    000000c0                 : cpy_tbl.obj (.text:_copy_in)
                  00001ae0    000000c0     dsk6713bsl.lib : dsk6713_aic23_setfreq.obj (.text)
                  00001ba0    000000a0     csl6713.lib : csl_irq.obj (.text:_setMux)
                  00001c40    00000080     rts6700.lib : cpp_init.obj (.text:___TI_cpp_init)
                  00001cc0    00000080                 : boot.obj (.text:_c_int00)
                  00001d40    00000040     csl6713.lib : csl_irq.obj (.text:_IRQ_enable)
                  00001d80    00000040     rts6700.lib : args_main.obj (.text:__args_main)
                  00001dc0    00000020     csl6713.lib : csl_irq.obj (.text:_IRQ_globalDisable)
                  00001de0    00000020                 : csl_irq.obj (.text:_IRQ_globalEnable)
                  00001e00    00000020                 : csl_irq.obj (.text:_IRQ_nmiEnable)
                  00001e20    00000020                 : csl_mcbsp.obj (.text:_MCBSP_read)
                  00001e40    00000020                 : csl_mcbsp.obj (.text:_MCBSP_write)
                  00001e60    00000020     rts6700.lib : exit.obj (.text:_abort)
                  00001e80    00000020     csl6713.lib : csl_irq.obj (.text)

.bss       0    00000200    00000000     UNINITIALIZED

.data      0    00000200    00000000     UNINITIALIZED

.stack     0    00001ea0    00000400     UNINITIALIZED
                  00001ea0    00000008     rts6700.lib : boot.obj (.stack)
                  00001ea8    000003f8     --HOLE--

.cinit     0    000022a0    00000274     
                  000022a0    0000012c     csl6713.lib : csl_irq.obj (.cinit)
                  000023cc    00000004     --HOLE-- [fill = 0]
                  000023d0    0000005a     lab3_FIR.obj (.cinit)
                  0000242a    00000006     --HOLE-- [fill = 0]
                  00002430    00000054     csl6713.lib : csl_mcbsp.obj (.cinit)
                  00002484    00000004     --HOLE-- [fill = 0]
                  00002488    00000030     dsk6713bsl.lib : dsk6713_aic23_registers.obj (.cinit)
                  000024b8    0000002c     rts6700.lib : exit.obj (.cinit)
                  000024e4    00000004     --HOLE-- [fill = 0]
                  000024e8    00000028     dsk6713bsl.lib : dsk6713_aic23_setfreq.obj (.cinit)
                  00002510    00000004     --HOLE-- [fill = 0]

.far       0    00002514    00000226     UNINITIALIZED
                  00002514    000000f4     csl6713.lib : csl_irq.obj (.far)
                  00002608    0000009c     lab3_FIR.obj (.far)
                  000026a4    00000038     csl6713.lib : csl_mcbsp.obj (.far)
                  000026dc    00000028     dsk6713bsl.lib : dsk6713_aic23_registers.obj (.far)
                  00002704    00000020                    : dsk6713_aic23_setfreq.obj (.far)
                  00002724    0000000c     rts6700.lib : exit.obj (.far)
                  00002730    00000008     dsk6713bsl.lib : dsk6713_aic23_opencodec.obj (.far)
                  00002738    00000002                    : dsk6713.obj (.far)

.const     0    0000273c    00000080     
                  0000273c    00000040     dsk6713bsl.lib : dsk6713_aic23_opencodec.obj (.const)
                  0000277c    00000020                    : dsk6713.obj (.const)
                  0000279c    0000001b     lab3_FIR.obj (.const:.string:_B)
                  000027b7    00000001     --HOLE-- [fill = 0]
                  000027b8    00000004     lab3_FIR.obj (.const)


GLOBAL SYMBOLS: SORTED ALPHABETICALLY BY Name 

address    name
--------   ----
00000200   $bss
00000200   .bss
00000200   .data
00000200   .text
00001e60   C$$EXIT
0000279c   _B
000027b8   _BL
0000266c   _B_shifted
00002730   _DSK6713_AIC23_codeccontrolhandle
00002734   _DSK6713_AIC23_codecdatahandle
000014e0   _DSK6713_AIC23_config
00000680   _DSK6713_AIC23_openCodec
000014b8   _DSK6713_AIC23_rget
00001420   _DSK6713_AIC23_rset
00001ae0   _DSK6713_AIC23_setFreq
00000614   _DSK6713_getVersion
0000024c   _DSK6713_init
00000568   _DSK6713_rget
0000057c   _DSK6713_rset
00002738   _DSK6713_version
00000590   _DSK6713_wait
000005e8   _DSK6713_waitusec
00001d40   _IRQ_enable
00001dc0   _IRQ_globalDisable
00001de0   _IRQ_globalEnable
000010c0   _IRQ_map
00001e00   _IRQ_nmiEnable
00001560   _MCBSP_open
00001e20   _MCBSP_read
00001280   _MCBSP_reset
00001660   _MCBSP_start
00001e40   _MCBSP_write
00002600   __IRQ_dispatchTable
0000253c   __IRQ_eventTable
00001e80   __IRQ_hookFetchPacket
000025c0   __IRQ_intTable
000026d4   __MCBSP_hDev0
000026d8   __MCBSP_hDev1
000022a0   __STACK_END
00000400   __STACK_SIZE
00000001   __TI_args_main
00001c40   ___TI_cpp_init
0000272c   ___TI_enable_exit_profile_output
ffffffff   ___TI_pprof_out_hndl
ffffffff   ___TI_prof_data_size
ffffffff   ___TI_prof_data_start
ffffffff   ___binit__
00000200   ___bss__
ffffffff   ___c_args__
000022a0   ___cinit__
00000200   ___data__
00000200   ___edata__
00000200   ___end__
00001ea0   ___etext__
ffffffff   ___pinit__
00000200   ___text__
00001d80   __args_main
00001760   __auto_init
00002724   __cleanup_ptr
00002728   __dtors_ptr
00001ea0   __stack
00001860   __strasg
00001e60   _abort
00001cc0   _c_int00
0000260c   _config
00001a20   _copy_in
00001940   _exit
00002608   _hCodec
00000980   _main
00000e80   _memcpy
000026a2   _n
00000c00   _serialPortRcvISR
00002634   _x
ffffffff   binit
000022a0   cinit
00000200   edata
00000200   end
00001ea0   etext
ffffffff   pinit


GLOBAL SYMBOLS: SORTED BY Symbol Address 

address    name
--------   ----
00000001   __TI_args_main
00000200   $bss
00000200   .bss
00000200   .data
00000200   .text
00000200   ___bss__
00000200   ___data__
00000200   ___edata__
00000200   ___end__
00000200   ___text__
00000200   edata
00000200   end
0000024c   _DSK6713_init
00000400   __STACK_SIZE
00000568   _DSK6713_rget
0000057c   _DSK6713_rset
00000590   _DSK6713_wait
000005e8   _DSK6713_waitusec
00000614   _DSK6713_getVersion
00000680   _DSK6713_AIC23_openCodec
00000980   _main
00000c00   _serialPortRcvISR
00000e80   _memcpy
000010c0   _IRQ_map
00001280   _MCBSP_reset
00001420   _DSK6713_AIC23_rset
000014b8   _DSK6713_AIC23_rget
000014e0   _DSK6713_AIC23_config
00001560   _MCBSP_open
00001660   _MCBSP_start
00001760   __auto_init
00001860   __strasg
00001940   _exit
00001a20   _copy_in
00001ae0   _DSK6713_AIC23_setFreq
00001c40   ___TI_cpp_init
00001cc0   _c_int00
00001d40   _IRQ_enable
00001d80   __args_main
00001dc0   _IRQ_globalDisable
00001de0   _IRQ_globalEnable
00001e00   _IRQ_nmiEnable
00001e20   _MCBSP_read
00001e40   _MCBSP_write
00001e60   C$$EXIT
00001e60   _abort
00001e80   __IRQ_hookFetchPacket
00001ea0   ___etext__
00001ea0   __stack
00001ea0   etext
000022a0   __STACK_END
000022a0   ___cinit__
000022a0   cinit
0000253c   __IRQ_eventTable
000025c0   __IRQ_intTable
00002600   __IRQ_dispatchTable
00002608   _hCodec
0000260c   _config
00002634   _x
0000266c   _B_shifted
000026a2   _n
000026d4   __MCBSP_hDev0
000026d8   __MCBSP_hDev1
00002724   __cleanup_ptr
00002728   __dtors_ptr
0000272c   ___TI_enable_exit_profile_output
00002730   _DSK6713_AIC23_codeccontrolhandle
00002734   _DSK6713_AIC23_codecdatahandle
00002738   _DSK6713_version
0000279c   _B
000027b8   _BL
ffffffff   ___TI_pprof_out_hndl
ffffffff   ___TI_prof_data_size
ffffffff   ___TI_prof_data_start
ffffffff   ___binit__
ffffffff   ___c_args__
ffffffff   ___pinit__
ffffffff   binit
ffffffff   pinit

[79 symbols]
