******************************************************************************
               TMS320C6x Linker PC v7.4.2                      
******************************************************************************
>> Linked Wed Nov 12 14:31:45 2014

OUTPUT FILE NAME:   <simulator.out>
ENTRY POINT SYMBOL: "_c_int00"  address: 00001620


MEMORY CONFIGURATION

         name            origin    length      used     unused   attr    fill
----------------------  --------  ---------  --------  --------  ----  --------
  VECS                  00000000   00000200  00000000  00000200  RWIX
  IRAM                  00000200   0002fe00  00001ea0  0002df60  RWIX
  L2RAM                 00030000   00010000  00000000  00010000  RWIX
  EMIFCE0               80000000   10000000  00000000  10000000  RWIX
  EMIFCE1               90000000   10000000  00000000  10000000  RWIX
  EMIFCE2               a0000000   10000000  00000000  10000000  RWIX
  EMIFCE3               b0000000   10000000  00000000  10000000  RWIX


SECTION ALLOCATION MAP

 output                                  attributes/
section   page    origin      length       input sections
--------  ----  ----------  ----------   ----------------
.pinit     0    00000200    00000000     UNINITIALIZED

.text      0    00000200    00001560     
                  00000200    00000340     rts6700.lib : divf.obj (.text:__divf)
                  00000540    00000300     dsk6713bsl.lib : dsk6713_aic23_opencodec.obj (.text)
                  00000840    000002c0     stereoloop.obj (.text)
                  00000b00    00000240     rts6700.lib : memcpy62.obj (.text:_memcpy)
                  00000d40    000001a0     csl6713.lib : csl_mcbsp.obj (.text:_MCBSP_reset)
                  00000ee0    00000140     dsk6713bsl.lib : dsk6713_aic23_registers.obj (.text)
                  00001020    00000100     csl6713.lib : csl_mcbsp.obj (.text:_MCBSP_open)
                  00001120    00000100                 : csl_mcbsp.obj (.text:_MCBSP_start)
                  00001220    00000100     rts6700.lib : autoinit.obj (.text:__auto_init)
                  00001320    000000e0                 : strasg.obj (.text:__strasg)
                  00001400    000000e0                 : exit.obj (.text:_exit)
                  000014e0    000000c0                 : cpy_tbl.obj (.text:_copy_in)
                  000015a0    00000080                 : cpp_init.obj (.text:___TI_cpp_init)
                  00001620    00000080                 : boot.obj (.text:_c_int00)
                  000016a0    00000040                 : args_main.obj (.text:__args_main)
                  000016e0    00000020     csl6713.lib : csl_mcbsp.obj (.text:_MCBSP_read)
                  00001700    00000020                 : csl_mcbsp.obj (.text:_MCBSP_write)
                  00001720    00000020     rts6700.lib : exit.obj (.text:_abort)
                  00001740    00000020     csl6713.lib : csl_irq.obj (.text)

.bss       0    00000200    00000000     UNINITIALIZED

.data      0    00000200    00000000     UNINITIALIZED

.stack     0    00001760    00000400     UNINITIALIZED
                  00001760    00000008     rts6700.lib : boot.obj (.stack)
                  00001768    000003f8     --HOLE--

.cinit     0    00001b60    0000023c     
                  00001b60    0000012c     csl6713.lib : csl_irq.obj (.cinit)
                  00001c8c    00000004     --HOLE-- [fill = 0]
                  00001c90    00000054                 : csl_mcbsp.obj (.cinit)
                  00001ce4    00000004     --HOLE-- [fill = 0]
                  00001ce8    0000004c     stereoloop.obj (.cinit)
                  00001d34    00000004     --HOLE-- [fill = 0]
                  00001d38    00000030     dsk6713bsl.lib : dsk6713_aic23_registers.obj (.cinit)
                  00001d68    0000002c     rts6700.lib : exit.obj (.cinit)
                  00001d94    00000004     --HOLE-- [fill = 0]
                  00001d98    00000004     (.pad.cinit) [fill = 0]

.far       0    00001d9c    0000020c     UNINITIALIZED
                  00001d9c    000000f4     csl6713.lib : csl_irq.obj (.far)
                  00001e90    000000a4     stereoloop.obj (.far)
                  00001f34    00000038     csl6713.lib : csl_mcbsp.obj (.far)
                  00001f6c    00000028     dsk6713bsl.lib : dsk6713_aic23_registers.obj (.far)
                  00001f94    0000000c     rts6700.lib : exit.obj (.far)
                  00001fa0    00000008     dsk6713bsl.lib : dsk6713_aic23_opencodec.obj (.far)

.const     0    00001fa8    000000f8     
                  00001fa8    000000b4     stereoloop.obj (.const:_B)
                  0000205c    00000040     dsk6713bsl.lib : dsk6713_aic23_opencodec.obj (.const)
                  0000209c    00000004     stereoloop.obj (.const)


GLOBAL SYMBOLS: SORTED ALPHABETICALLY BY Name 

address    name
--------   ----
00000200   $bss
00000200   .bss
00000200   .data
00000200   .text
00001720   C$$EXIT
00001fa8   _B
0000209c   _BL
00001fa0   _DSK6713_AIC23_codeccontrolhandle
00001fa4   _DSK6713_AIC23_codecdatahandle
00000fa0   _DSK6713_AIC23_config
00000540   _DSK6713_AIC23_openCodec
00000f78   _DSK6713_AIC23_rget
00000ee0   _DSK6713_AIC23_rset
00001020   _MCBSP_open
000016e0   _MCBSP_read
00000d40   _MCBSP_reset
00001120   _MCBSP_start
00001700   _MCBSP_write
00001e88   __IRQ_dispatchTable
00001dc4   __IRQ_eventTable
00001740   __IRQ_hookFetchPacket
00001e48   __IRQ_intTable
00001f64   __MCBSP_hDev0
00001f68   __MCBSP_hDev1
00001b60   __STACK_END
00000400   __STACK_SIZE
00000001   __TI_args_main
000015a0   ___TI_cpp_init
00001f9c   ___TI_enable_exit_profile_output
ffffffff   ___TI_pprof_out_hndl
ffffffff   ___TI_prof_data_size
ffffffff   ___TI_prof_data_start
ffffffff   ___binit__
00000200   ___bss__
ffffffff   ___c_args__
00001b60   ___cinit__
00000200   ___data__
00000200   ___edata__
00000200   ___end__
00001760   ___etext__
ffffffff   ___pinit__
00000200   ___text__
000016a0   __args_main
00001220   __auto_init
00001f94   __cleanup_ptr
00000200   __divf
00001f98   __dtors_ptr
00001760   __stack
00001320   __strasg
00001720   _abort
00001620   _c_int00
00001e94   _config
000014e0   _copy_in
00001400   _exit
00001e90   _hCodec
00000840   _main
00000b00   _memcpy
00001f30   _n
000008d4   _serialPortRcvISR
00001ebc   _x
ffffffff   binit
00001b60   cinit
00000200   edata
00000200   end
00001760   etext
ffffffff   pinit


GLOBAL SYMBOLS: SORTED BY Symbol Address 

address    name
--------   ----
00000001   __TI_args_main
00000200   $bss
00000200   .bss
00000200   .data
00000200   .text
00000200   ___bss__
00000200   ___data__
00000200   ___edata__
00000200   ___end__
00000200   ___text__
00000200   __divf
00000200   edata
00000200   end
00000400   __STACK_SIZE
00000540   _DSK6713_AIC23_openCodec
00000840   _main
000008d4   _serialPortRcvISR
00000b00   _memcpy
00000d40   _MCBSP_reset
00000ee0   _DSK6713_AIC23_rset
00000f78   _DSK6713_AIC23_rget
00000fa0   _DSK6713_AIC23_config
00001020   _MCBSP_open
00001120   _MCBSP_start
00001220   __auto_init
00001320   __strasg
00001400   _exit
000014e0   _copy_in
000015a0   ___TI_cpp_init
00001620   _c_int00
000016a0   __args_main
000016e0   _MCBSP_read
00001700   _MCBSP_write
00001720   C$$EXIT
00001720   _abort
00001740   __IRQ_hookFetchPacket
00001760   ___etext__
00001760   __stack
00001760   etext
00001b60   __STACK_END
00001b60   ___cinit__
00001b60   cinit
00001dc4   __IRQ_eventTable
00001e48   __IRQ_intTable
00001e88   __IRQ_dispatchTable
00001e90   _hCodec
00001e94   _config
00001ebc   _x
00001f30   _n
00001f64   __MCBSP_hDev0
00001f68   __MCBSP_hDev1
00001f94   __cleanup_ptr
00001f98   __dtors_ptr
00001f9c   ___TI_enable_exit_profile_output
00001fa0   _DSK6713_AIC23_codeccontrolhandle
00001fa4   _DSK6713_AIC23_codecdatahandle
00001fa8   _B
0000209c   _BL
ffffffff   ___TI_pprof_out_hndl
ffffffff   ___TI_prof_data_size
ffffffff   ___TI_prof_data_start
ffffffff   ___binit__
ffffffff   ___c_args__
ffffffff   ___pinit__
ffffffff   binit
ffffffff   pinit

[66 symbols]
