******************************************************************************
               TMS320C6x Linker PC v7.4.2                      
******************************************************************************
>> Linked Wed Dec 17 01:52:48 2014

OUTPUT FILE NAME:   <simulator.out>
ENTRY POINT SYMBOL: "_c_int00"  address: 000018a0


MEMORY CONFIGURATION

         name            origin    length      used     unused   attr    fill
----------------------  --------  ---------  --------  --------  ----  --------
  VECS                  00000000   00000200  00000000  00000200  RWIX
  IRAM                  00000200   0002fe00  000020a4  0002dd5c  RWIX
  L2RAM                 00030000   00010000  00000000  00010000  RWIX
  EMIFCE0               80000000   10000000  00000000  10000000  RWIX
  EMIFCE1               90000000   10000000  00000000  10000000  RWIX
  EMIFCE2               a0000000   10000000  00000000  10000000  RWIX
  EMIFCE3               b0000000   10000000  00000000  10000000  RWIX


SECTION ALLOCATION MAP

 output                                  attributes/
section   page    origin      length       input sections
--------  ----  ----------  ----------   ----------------
.pinit     0    00000200    00000000     UNINITIALIZED

.text      0    00000200    000017e0     
                  00000200    00000540     simulator.obj (.text)
                  00000740    00000340     rts6700.lib : divf.obj (.text:__divf)
                  00000a80    00000300     dsk6713bsl.lib : dsk6713_aic23_opencodec.obj (.text)
                  00000d80    00000240     rts6700.lib : memcpy62.obj (.text:_memcpy)
                  00000fc0    000001a0     csl6713.lib : csl_mcbsp.obj (.text:_MCBSP_reset)
                  00001160    00000140     dsk6713bsl.lib : dsk6713_aic23_registers.obj (.text)
                  000012a0    00000100     csl6713.lib : csl_mcbsp.obj (.text:_MCBSP_open)
                  000013a0    00000100                 : csl_mcbsp.obj (.text:_MCBSP_start)
                  000014a0    00000100     rts6700.lib : autoinit.obj (.text:__auto_init)
                  000015a0    000000e0                 : strasg.obj (.text:__strasg)
                  00001680    000000e0                 : exit.obj (.text:_exit)
                  00001760    000000c0                 : cpy_tbl.obj (.text:_copy_in)
                  00001820    00000080                 : cpp_init.obj (.text:___TI_cpp_init)
                  000018a0    00000080                 : boot.obj (.text:_c_int00)
                  00001920    00000040                 : args_main.obj (.text:__args_main)
                  00001960    00000020     csl6713.lib : csl_mcbsp.obj (.text:_MCBSP_read)
                  00001980    00000020                 : csl_mcbsp.obj (.text:_MCBSP_write)
                  000019a0    00000020     rts6700.lib : exit.obj (.text:_abort)
                  000019c0    00000020     csl6713.lib : csl_irq.obj (.text)

.bss       0    00000200    00000000     UNINITIALIZED

.data      0    00000200    00000000     UNINITIALIZED

.stack     0    000019e0    00000400     UNINITIALIZED
                  000019e0    00000008     rts6700.lib : boot.obj (.stack)
                  000019e8    000003f8     --HOLE--

.far       0    00001de0    00000288     UNINITIALIZED
                  00001de0    00000120     simulator.obj (.far)
                  00001f00    000000f4     csl6713.lib : csl_irq.obj (.far)
                  00001ff4    00000038                 : csl_mcbsp.obj (.far)
                  0000202c    00000028     dsk6713bsl.lib : dsk6713_aic23_registers.obj (.far)
                  00002054    0000000c     rts6700.lib : exit.obj (.far)
                  00002060    00000008     dsk6713bsl.lib : dsk6713_aic23_opencodec.obj (.far)

.cinit     0    00002068    000001fc     
                  00002068    0000012c     csl6713.lib : csl_irq.obj (.cinit)
                  00002194    00000004     --HOLE-- [fill = 0]
                  00002198    00000054                 : csl_mcbsp.obj (.cinit)
                  000021ec    00000004     --HOLE-- [fill = 0]
                  000021f0    00000030     dsk6713bsl.lib : dsk6713_aic23_registers.obj (.cinit)
                  00002220    0000002c     rts6700.lib : exit.obj (.cinit)
                  0000224c    00000004     --HOLE-- [fill = 0]
                  00002250    0000000c     simulator.obj (.cinit)
                  0000225c    00000004     --HOLE-- [fill = 0]
                  00002260    00000004     (.pad.cinit) [fill = 0]

.const     0    00002264    00000040     
                  00002264    00000040     dsk6713bsl.lib : dsk6713_aic23_opencodec.obj (.const)


GLOBAL SYMBOLS: SORTED ALPHABETICALLY BY Name 

address    name
--------   ----
00000200   $bss
00000200   .bss
00000200   .data
00000200   .text
000019a0   C$$EXIT
00002060   _DSK6713_AIC23_codeccontrolhandle
00002064   _DSK6713_AIC23_codecdatahandle
00001220   _DSK6713_AIC23_config
00000a80   _DSK6713_AIC23_openCodec
000011f8   _DSK6713_AIC23_rget
00001160   _DSK6713_AIC23_rset
000012a0   _MCBSP_open
00001960   _MCBSP_read
00000fc0   _MCBSP_reset
000013a0   _MCBSP_start
00001980   _MCBSP_write
00001fec   __IRQ_dispatchTable
00001f28   __IRQ_eventTable
000019c0   __IRQ_hookFetchPacket
00001fac   __IRQ_intTable
00002024   __MCBSP_hDev0
00002028   __MCBSP_hDev1
00001de0   __STACK_END
00000400   __STACK_SIZE
00000001   __TI_args_main
00001820   ___TI_cpp_init
0000205c   ___TI_enable_exit_profile_output
ffffffff   ___TI_pprof_out_hndl
ffffffff   ___TI_prof_data_size
ffffffff   ___TI_prof_data_start
ffffffff   ___binit__
00000200   ___bss__
ffffffff   ___c_args__
00002068   ___cinit__
00000200   ___data__
00000200   ___edata__
00000200   ___end__
000019e0   ___etext__
ffffffff   ___pinit__
00000200   ___text__
00001920   __args_main
000014a0   __auto_init
00002054   __cleanup_ptr
00000740   __divf
00002058   __dtors_ptr
000019e0   __stack
000015a0   __strasg
000019a0   _abort
00001e6c   _b_adpt
000018a0   _c_int00
00001760   _copy_in
00001ef8   _e
00001680   _exit
0000069c   _init
00000200   _main
00000d80   _memcpy
00001efc   _n
00000310   _serialPortRcvISR
00001de0   _x
ffffffff   binit
00002068   cinit
00000200   edata
00000200   end
000019e0   etext
ffffffff   pinit


GLOBAL SYMBOLS: SORTED BY Symbol Address 

address    name
--------   ----
00000001   __TI_args_main
00000200   $bss
00000200   .bss
00000200   .data
00000200   .text
00000200   ___bss__
00000200   ___data__
00000200   ___edata__
00000200   ___end__
00000200   ___text__
00000200   _main
00000200   edata
00000200   end
00000310   _serialPortRcvISR
00000400   __STACK_SIZE
0000069c   _init
00000740   __divf
00000a80   _DSK6713_AIC23_openCodec
00000d80   _memcpy
00000fc0   _MCBSP_reset
00001160   _DSK6713_AIC23_rset
000011f8   _DSK6713_AIC23_rget
00001220   _DSK6713_AIC23_config
000012a0   _MCBSP_open
000013a0   _MCBSP_start
000014a0   __auto_init
000015a0   __strasg
00001680   _exit
00001760   _copy_in
00001820   ___TI_cpp_init
000018a0   _c_int00
00001920   __args_main
00001960   _MCBSP_read
00001980   _MCBSP_write
000019a0   C$$EXIT
000019a0   _abort
000019c0   __IRQ_hookFetchPacket
000019e0   ___etext__
000019e0   __stack
000019e0   etext
00001de0   __STACK_END
00001de0   _x
00001e6c   _b_adpt
00001ef8   _e
00001efc   _n
00001f28   __IRQ_eventTable
00001fac   __IRQ_intTable
00001fec   __IRQ_dispatchTable
00002024   __MCBSP_hDev0
00002028   __MCBSP_hDev1
00002054   __cleanup_ptr
00002058   __dtors_ptr
0000205c   ___TI_enable_exit_profile_output
00002060   _DSK6713_AIC23_codeccontrolhandle
00002064   _DSK6713_AIC23_codecdatahandle
00002068   ___cinit__
00002068   cinit
ffffffff   ___TI_pprof_out_hndl
ffffffff   ___TI_prof_data_size
ffffffff   ___TI_prof_data_start
ffffffff   ___binit__
ffffffff   ___c_args__
ffffffff   ___pinit__
ffffffff   binit
ffffffff   pinit

[65 symbols]
