******************************************************************************
               TMS320C6x Linker PC v7.4.2                      
******************************************************************************
>> Linked Sun Dec 07 21:59:19 2014

OUTPUT FILE NAME:   <simulator.out>
ENTRY POINT SYMBOL: "_c_int00"  address: 00001740


MEMORY CONFIGURATION

         name            origin    length      used     unused   attr    fill
----------------------  --------  ---------  --------  --------  ----  --------
  VECS                  00000000   00000200  00000000  00000200  RWIX
  IRAM                  00000200   0002fe00  00001fc4  0002de3c  RWIX
  L2RAM                 00030000   00010000  00000000  00010000  RWIX
  EMIFCE0               80000000   10000000  00000000  10000000  RWIX
  EMIFCE1               90000000   10000000  00000000  10000000  RWIX
  EMIFCE2               a0000000   10000000  00000000  10000000  RWIX
  EMIFCE3               b0000000   10000000  00000000  10000000  RWIX


SECTION ALLOCATION MAP

 output                                  attributes/
section   page    origin      length       input sections
--------  ----  ----------  ----------   ----------------
.pinit     0    00000200    00000000     UNINITIALIZED

.text      0    00000200    00001680     
                  00000200    00000340     rts6700.lib : divf.obj (.text:__divf)
                  00000540    00000300     dsk6713bsl.lib : dsk6713_aic23_opencodec.obj (.text)
                  00000840    000002c0     simulator.obj (.text:retain)
                  00000b00    00000240     rts6700.lib : memcpy62.obj (.text:_memcpy)
                  00000d40    000001a0     csl6713.lib : csl_mcbsp.obj (.text:_MCBSP_reset)
                  00000ee0    00000140     dsk6713bsl.lib : dsk6713_aic23_registers.obj (.text)
                  00001020    00000120     simulator.obj (.text)
                  00001140    00000100     csl6713.lib : csl_mcbsp.obj (.text:_MCBSP_open)
                  00001240    00000100                 : csl_mcbsp.obj (.text:_MCBSP_start)
                  00001340    00000100     rts6700.lib : autoinit.obj (.text:__auto_init)
                  00001440    000000e0                 : strasg.obj (.text:__strasg)
                  00001520    000000e0                 : exit.obj (.text:_exit)
                  00001600    000000c0                 : cpy_tbl.obj (.text:_copy_in)
                  000016c0    00000080                 : cpp_init.obj (.text:___TI_cpp_init)
                  00001740    00000080                 : boot.obj (.text:_c_int00)
                  000017c0    00000040                 : args_main.obj (.text:__args_main)
                  00001800    00000020     csl6713.lib : csl_mcbsp.obj (.text:_MCBSP_read)
                  00001820    00000020                 : csl_mcbsp.obj (.text:_MCBSP_write)
                  00001840    00000020     rts6700.lib : exit.obj (.text:_abort)
                  00001860    00000020     csl6713.lib : csl_irq.obj (.text)

.bss       0    00000200    00000000     UNINITIALIZED

.data      0    00000200    00000000     UNINITIALIZED

.stack     0    00001880    00000400     UNINITIALIZED
                  00001880    00000008     rts6700.lib : boot.obj (.stack)
                  00001888    000003f8     --HOLE--

.far       0    00001c80    00000238     UNINITIALIZED
                  00001c80    000000f4     csl6713.lib : csl_irq.obj (.far)
                  00001d74    000000ce     simulator.obj (.far)
                  00001e42    00000002     --HOLE--
                  00001e44    00000038     csl6713.lib : csl_mcbsp.obj (.far)
                  00001e7c    00000028     dsk6713bsl.lib : dsk6713_aic23_registers.obj (.far)
                  00001ea4    0000000c     rts6700.lib : exit.obj (.far)
                  00001eb0    00000008     dsk6713bsl.lib : dsk6713_aic23_opencodec.obj (.far)

.cinit     0    00001eb8    000001fc     
                  00001eb8    0000012c     csl6713.lib : csl_irq.obj (.cinit)
                  00001fe4    00000004     --HOLE-- [fill = 0]
                  00001fe8    00000054                 : csl_mcbsp.obj (.cinit)
                  0000203c    00000004     --HOLE-- [fill = 0]
                  00002040    00000030     dsk6713bsl.lib : dsk6713_aic23_registers.obj (.cinit)
                  00002070    0000002c     rts6700.lib : exit.obj (.cinit)
                  0000209c    00000004     --HOLE-- [fill = 0]
                  000020a0    0000000a     simulator.obj (.cinit)
                  000020aa    00000006     --HOLE-- [fill = 0]
                  000020b0    00000004     (.pad.cinit) [fill = 0]

.const     0    000020b4    00000110     
                  000020b4    000000cc     simulator.obj (.const:_B)
                  00002180    00000040     dsk6713bsl.lib : dsk6713_aic23_opencodec.obj (.const)
                  000021c0    00000004     simulator.obj (.const)


GLOBAL SYMBOLS: SORTED ALPHABETICALLY BY Name 

address    name
--------   ----
00000200   $bss
00000200   .bss
00000200   .data
00000200   .text
00001840   C$$EXIT
000020b4   _B
000021c0   _BL
00001eb0   _DSK6713_AIC23_codeccontrolhandle
00001eb4   _DSK6713_AIC23_codecdatahandle
00000fa0   _DSK6713_AIC23_config
00000540   _DSK6713_AIC23_openCodec
00000f78   _DSK6713_AIC23_rget
00000ee0   _DSK6713_AIC23_rset
00001140   _MCBSP_open
00001800   _MCBSP_read
00000d40   _MCBSP_reset
00001240   _MCBSP_start
00001820   _MCBSP_write
00001d6c   __IRQ_dispatchTable
00001ca8   __IRQ_eventTable
00001860   __IRQ_hookFetchPacket
00001d2c   __IRQ_intTable
00001e74   __MCBSP_hDev0
00001e78   __MCBSP_hDev1
00001c80   __STACK_END
00000400   __STACK_SIZE
00000001   __TI_args_main
000016c0   ___TI_cpp_init
00001eac   ___TI_enable_exit_profile_output
ffffffff   ___TI_pprof_out_hndl
ffffffff   ___TI_prof_data_size
ffffffff   ___TI_prof_data_start
ffffffff   ___binit__
00000200   ___bss__
ffffffff   ___c_args__
00001eb8   ___cinit__
00000200   ___data__
00000200   ___edata__
00000200   ___end__
00001880   ___etext__
ffffffff   ___pinit__
00000200   ___text__
000017c0   __args_main
00001340   __auto_init
00001ea4   __cleanup_ptr
00000200   __divf
00001ea8   __dtors_ptr
00001880   __stack
00001440   __strasg
00001840   _abort
00001740   _c_int00
00001600   _copy_in
00001520   _exit
00001020   _main
00000b00   _memcpy
00001e40   _n
00000840   _serialPortRcvISR
00001d74   _x
ffffffff   binit
00001eb8   cinit
00000200   edata
00000200   end
00001880   etext
ffffffff   pinit


GLOBAL SYMBOLS: SORTED BY Symbol Address 

address    name
--------   ----
00000001   __TI_args_main
00000200   $bss
00000200   .bss
00000200   .data
00000200   .text
00000200   ___bss__
00000200   ___data__
00000200   ___edata__
00000200   ___end__
00000200   ___text__
00000200   __divf
00000200   edata
00000200   end
00000400   __STACK_SIZE
00000540   _DSK6713_AIC23_openCodec
00000840   _serialPortRcvISR
00000b00   _memcpy
00000d40   _MCBSP_reset
00000ee0   _DSK6713_AIC23_rset
00000f78   _DSK6713_AIC23_rget
00000fa0   _DSK6713_AIC23_config
00001020   _main
00001140   _MCBSP_open
00001240   _MCBSP_start
00001340   __auto_init
00001440   __strasg
00001520   _exit
00001600   _copy_in
000016c0   ___TI_cpp_init
00001740   _c_int00
000017c0   __args_main
00001800   _MCBSP_read
00001820   _MCBSP_write
00001840   C$$EXIT
00001840   _abort
00001860   __IRQ_hookFetchPacket
00001880   ___etext__
00001880   __stack
00001880   etext
00001c80   __STACK_END
00001ca8   __IRQ_eventTable
00001d2c   __IRQ_intTable
00001d6c   __IRQ_dispatchTable
00001d74   _x
00001e40   _n
00001e74   __MCBSP_hDev0
00001e78   __MCBSP_hDev1
00001ea4   __cleanup_ptr
00001ea8   __dtors_ptr
00001eac   ___TI_enable_exit_profile_output
00001eb0   _DSK6713_AIC23_codeccontrolhandle
00001eb4   _DSK6713_AIC23_codecdatahandle
00001eb8   ___cinit__
00001eb8   cinit
000020b4   _B
000021c0   _BL
ffffffff   ___TI_pprof_out_hndl
ffffffff   ___TI_prof_data_size
ffffffff   ___TI_prof_data_start
ffffffff   ___binit__
ffffffff   ___c_args__
ffffffff   ___pinit__
ffffffff   binit
ffffffff   pinit

[64 symbols]
