******************************************************************************
               TMS320C6x Linker PC v7.4.2                      
******************************************************************************
>> Linked Tue Nov 04 21:11:01 2014

OUTPUT FILE NAME:   <simulator.out>
ENTRY POINT SYMBOL: "_c_int00"  address: 000014c0


MEMORY CONFIGURATION

         name            origin    length      used     unused   attr    fill
----------------------  --------  ---------  --------  --------  ----  --------
  VECS                  00000000   00000200  00000000  00000200  RWIX
  IRAM                  00000200   0002fe00  00001bf0  0002e210  RWIX
  L2RAM                 00030000   00010000  00000000  00010000  RWIX
  EMIFCE0               80000000   10000000  00000000  10000000  RWIX
  EMIFCE1               90000000   10000000  00000000  10000000  RWIX
  EMIFCE2               a0000000   10000000  00000000  10000000  RWIX
  EMIFCE3               b0000000   10000000  00000000  10000000  RWIX


SECTION ALLOCATION MAP

 output                                  attributes/
section   page    origin      length       input sections
--------  ----  ----------  ----------   ----------------
.pinit     0    00000200    00000000     UNINITIALIZED

.text      0    00000200    00001400     
                  00000200    00000340     rts6700.lib : divf.obj (.text:__divf)
                  00000540    00000300     dsk6713bsl.lib : dsk6713_aic23_opencodec.obj (.text)
                  00000840    00000240     rts6700.lib : memcpy62.obj (.text:_memcpy)
                  00000a80    000001a0     csl6713.lib : csl_mcbsp.obj (.text:_MCBSP_reset)
                  00000c20    00000160     stereoloop.obj (.text)
                  00000d80    00000140     dsk6713bsl.lib : dsk6713_aic23_registers.obj (.text)
                  00000ec0    00000100     csl6713.lib : csl_mcbsp.obj (.text:_MCBSP_open)
                  00000fc0    00000100                 : csl_mcbsp.obj (.text:_MCBSP_start)
                  000010c0    00000100     rts6700.lib : autoinit.obj (.text:__auto_init)
                  000011c0    000000e0                 : strasg.obj (.text:__strasg)
                  000012a0    000000e0                 : exit.obj (.text:_exit)
                  00001380    000000c0                 : cpy_tbl.obj (.text:_copy_in)
                  00001440    00000080                 : cpp_init.obj (.text:___TI_cpp_init)
                  000014c0    00000080                 : boot.obj (.text:_c_int00)
                  00001540    00000040                 : args_main.obj (.text:__args_main)
                  00001580    00000020     csl6713.lib : csl_mcbsp.obj (.text:_MCBSP_read)
                  000015a0    00000020                 : csl_mcbsp.obj (.text:_MCBSP_write)
                  000015c0    00000020     rts6700.lib : exit.obj (.text:_abort)
                  000015e0    00000020     csl6713.lib : csl_irq.obj (.text)

.bss       0    00000200    00000000     UNINITIALIZED

.data      0    00000200    00000000     UNINITIALIZED

.stack     0    00001600    00000400     UNINITIALIZED
                  00001600    00000008     rts6700.lib : boot.obj (.stack)
                  00001608    000003f8     --HOLE--

.cinit     0    00001a00    0000021c     
                  00001a00    0000012c     csl6713.lib : csl_irq.obj (.cinit)
                  00001b2c    00000004     --HOLE-- [fill = 0]
                  00001b30    00000054                 : csl_mcbsp.obj (.cinit)
                  00001b84    00000004     --HOLE-- [fill = 0]
                  00001b88    00000030     dsk6713bsl.lib : dsk6713_aic23_registers.obj (.cinit)
                  00001bb8    00000030     stereoloop.obj (.cinit)
                  00001be8    0000002c     rts6700.lib : exit.obj (.cinit)
                  00001c14    00000004     --HOLE-- [fill = 0]
                  00001c18    00000004     (.pad.cinit) [fill = 0]

.far       0    00001c1c    00000194     UNINITIALIZED
                  00001c1c    000000f4     csl6713.lib : csl_irq.obj (.far)
                  00001d10    00000038                 : csl_mcbsp.obj (.far)
                  00001d48    0000002c     stereoloop.obj (.far)
                  00001d74    00000028     dsk6713bsl.lib : dsk6713_aic23_registers.obj (.far)
                  00001d9c    0000000c     rts6700.lib : exit.obj (.far)
                  00001da8    00000008     dsk6713bsl.lib : dsk6713_aic23_opencodec.obj (.far)

.const     0    00001db0    00000040     
                  00001db0    00000040     dsk6713bsl.lib : dsk6713_aic23_opencodec.obj (.const)


GLOBAL SYMBOLS: SORTED ALPHABETICALLY BY Name 

address    name
--------   ----
00000200   $bss
00000200   .bss
00000200   .data
00000200   .text
000015c0   C$$EXIT
00001da8   _DSK6713_AIC23_codeccontrolhandle
00001dac   _DSK6713_AIC23_codecdatahandle
00000e40   _DSK6713_AIC23_config
00000540   _DSK6713_AIC23_openCodec
00000e18   _DSK6713_AIC23_rget
00000d80   _DSK6713_AIC23_rset
00000ec0   _MCBSP_open
00001580   _MCBSP_read
00000a80   _MCBSP_reset
00000fc0   _MCBSP_start
000015a0   _MCBSP_write
00001d08   __IRQ_dispatchTable
00001c44   __IRQ_eventTable
000015e0   __IRQ_hookFetchPacket
00001cc8   __IRQ_intTable
00001d40   __MCBSP_hDev0
00001d44   __MCBSP_hDev1
00001a00   __STACK_END
00000400   __STACK_SIZE
00000001   __TI_args_main
00001440   ___TI_cpp_init
00001da4   ___TI_enable_exit_profile_output
ffffffff   ___TI_pprof_out_hndl
ffffffff   ___TI_prof_data_size
ffffffff   ___TI_prof_data_start
ffffffff   ___binit__
00000200   ___bss__
ffffffff   ___c_args__
00001a00   ___cinit__
00000200   ___data__
00000200   ___edata__
00000200   ___end__
00001600   ___etext__
ffffffff   ___pinit__
00000200   ___text__
00001540   __args_main
000010c0   __auto_init
00001d9c   __cleanup_ptr
00000200   __divf
00001da0   __dtors_ptr
00001600   __stack
000011c0   __strasg
000015c0   _abort
000014c0   _c_int00
00001d4c   _config
00001380   _copy_in
000012a0   _exit
00001d48   _hCodec
00000c20   _main
00000840   _memcpy
00000cb4   _serialPortRcvISR
ffffffff   binit
00001a00   cinit
00000200   edata
00000200   end
00001600   etext
ffffffff   pinit


GLOBAL SYMBOLS: SORTED BY Symbol Address 

address    name
--------   ----
00000001   __TI_args_main
00000200   $bss
00000200   .bss
00000200   .data
00000200   .text
00000200   ___bss__
00000200   ___data__
00000200   ___edata__
00000200   ___end__
00000200   ___text__
00000200   __divf
00000200   edata
00000200   end
00000400   __STACK_SIZE
00000540   _DSK6713_AIC23_openCodec
00000840   _memcpy
00000a80   _MCBSP_reset
00000c20   _main
00000cb4   _serialPortRcvISR
00000d80   _DSK6713_AIC23_rset
00000e18   _DSK6713_AIC23_rget
00000e40   _DSK6713_AIC23_config
00000ec0   _MCBSP_open
00000fc0   _MCBSP_start
000010c0   __auto_init
000011c0   __strasg
000012a0   _exit
00001380   _copy_in
00001440   ___TI_cpp_init
000014c0   _c_int00
00001540   __args_main
00001580   _MCBSP_read
000015a0   _MCBSP_write
000015c0   C$$EXIT
000015c0   _abort
000015e0   __IRQ_hookFetchPacket
00001600   ___etext__
00001600   __stack
00001600   etext
00001a00   __STACK_END
00001a00   ___cinit__
00001a00   cinit
00001c44   __IRQ_eventTable
00001cc8   __IRQ_intTable
00001d08   __IRQ_dispatchTable
00001d40   __MCBSP_hDev0
00001d44   __MCBSP_hDev1
00001d48   _hCodec
00001d4c   _config
00001d9c   __cleanup_ptr
00001da0   __dtors_ptr
00001da4   ___TI_enable_exit_profile_output
00001da8   _DSK6713_AIC23_codeccontrolhandle
00001dac   _DSK6713_AIC23_codecdatahandle
ffffffff   ___TI_pprof_out_hndl
ffffffff   ___TI_prof_data_size
ffffffff   ___TI_prof_data_start
ffffffff   ___binit__
ffffffff   ___c_args__
ffffffff   ___pinit__
ffffffff   binit
ffffffff   pinit

[62 symbols]
