******************************************************************************
               TMS320C6x Linker PC v7.4.2                      
******************************************************************************
>> Linked Tue Nov 04 20:58:52 2014

OUTPUT FILE NAME:   <stereoloop_squareleft.out>
ENTRY POINT SYMBOL: "_c_int00"  address: 80001c20


MEMORY CONFIGURATION

         name            origin    length      used     unused   attr    fill
----------------------  --------  ---------  --------  --------  ----  --------
  VECS                  00000000   00000200  00000200  00000000  RWIX
  IRAM                  00000200   0002fe00  0000085a  0002f5a6  RWIX
  L2RAM                 00030000   00010000  00000000  00010000  RWIX
  EMIFCE0               80000000   10000000  00001e00  0fffe200  RWIX
  EMIFCE1               90000000   10000000  00000000  10000000  RWIX
  EMIFCE2               a0000000   10000000  00000000  10000000  RWIX
  EMIFCE3               b0000000   10000000  00000000  10000000  RWIX


SECTION ALLOCATION MAP

 output                                  attributes/
section   page    origin      length       input sections
--------  ----  ----------  ----------   ----------------
vectors    0    00000000    00000200     
                  00000000    00000200     vectors.obj (vectors)

.pinit     0    00000200    00000000     UNINITIALIZED

.stack     0    00000200    00000400     UNINITIALIZED
                  00000200    00000008     rts6700.lib : boot.obj (.stack)
                  00000208    000003f8     --HOLE--

.bss       0    00000200    00000000     UNINITIALIZED

.cinit     0    00000600    00000244     
                  00000600    0000012c     csl6713.lib : csl_irq.obj (.cinit)
                  0000072c    00000004     --HOLE-- [fill = 0]
                  00000730    00000054                 : csl_mcbsp.obj (.cinit)
                  00000784    00000004     --HOLE-- [fill = 0]
                  00000788    00000030     dsk6713bsl.lib : dsk6713_aic23_registers.obj (.cinit)
                  000007b8    00000030     stereoloop.obj (.cinit)
                  000007e8    0000002c     rts6700.lib : exit.obj (.cinit)
                  00000814    00000004     --HOLE-- [fill = 0]
                  00000818    00000028     dsk6713bsl.lib : dsk6713_aic23_setfreq.obj (.cinit)
                  00000840    00000004     --HOLE-- [fill = 0]

.far       0    00000844    000001b6     UNINITIALIZED
                  00000844    000000f4     csl6713.lib : csl_irq.obj (.far)
                  00000938    00000038                 : csl_mcbsp.obj (.far)
                  00000970    0000002c     stereoloop.obj (.far)
                  0000099c    00000028     dsk6713bsl.lib : dsk6713_aic23_registers.obj (.far)
                  000009c4    00000020                    : dsk6713_aic23_setfreq.obj (.far)
                  000009e4    0000000c     rts6700.lib : exit.obj (.far)
                  000009f0    00000008     dsk6713bsl.lib : dsk6713_aic23_opencodec.obj (.far)
                  000009f8    00000002                    : dsk6713.obj (.far)

.const     0    000009fc    00000060     
                  000009fc    00000040     dsk6713bsl.lib : dsk6713_aic23_opencodec.obj (.const)
                  00000a3c    00000020                    : dsk6713.obj (.const)

.text      0    80000000    00001e00     
                  80000000    00000480     dsk6713bsl.lib : dsk6713.obj (.text)
                  80000480    00000340     rts6700.lib : divf.obj (.text:__divf)
                  800007c0    00000300     dsk6713bsl.lib : dsk6713_aic23_opencodec.obj (.text)
                  80000ac0    00000240     rts6700.lib : memcpy62.obj (.text:_memcpy)
                  80000d00    000001c0     csl6713.lib : csl_irq.obj (.text:_IRQ_map)
                  80000ec0    000001c0     stereoloop.obj (.text:retain)
                  80001080    000001a0     csl6713.lib : csl_mcbsp.obj (.text:_MCBSP_reset)
                  80001220    00000160     stereoloop.obj (.text)
                  80001380    00000140     dsk6713bsl.lib : dsk6713_aic23_registers.obj (.text)
                  800014c0    00000100     csl6713.lib : csl_mcbsp.obj (.text:_MCBSP_open)
                  800015c0    00000100                 : csl_mcbsp.obj (.text:_MCBSP_start)
                  800016c0    00000100     rts6700.lib : autoinit.obj (.text:__auto_init)
                  800017c0    000000e0                 : strasg.obj (.text:__strasg)
                  800018a0    000000e0                 : exit.obj (.text:_exit)
                  80001980    000000c0                 : cpy_tbl.obj (.text:_copy_in)
                  80001a40    000000c0     dsk6713bsl.lib : dsk6713_aic23_setfreq.obj (.text)
                  80001b00    000000a0     csl6713.lib : csl_irq.obj (.text:_setMux)
                  80001ba0    00000080     rts6700.lib : cpp_init.obj (.text:___TI_cpp_init)
                  80001c20    00000080                 : boot.obj (.text:_c_int00)
                  80001ca0    00000040     csl6713.lib : csl_irq.obj (.text:_IRQ_enable)
                  80001ce0    00000040     rts6700.lib : args_main.obj (.text:__args_main)
                  80001d20    00000020     csl6713.lib : csl_irq.obj (.text:_IRQ_globalDisable)
                  80001d40    00000020                 : csl_irq.obj (.text:_IRQ_globalEnable)
                  80001d60    00000020                 : csl_irq.obj (.text:_IRQ_nmiEnable)
                  80001d80    00000020                 : csl_mcbsp.obj (.text:_MCBSP_read)
                  80001da0    00000020                 : csl_mcbsp.obj (.text:_MCBSP_write)
                  80001dc0    00000020     rts6700.lib : exit.obj (.text:_abort)
                  80001de0    00000020     csl6713.lib : csl_irq.obj (.text)

.data      0    80000000    00000000     UNINITIALIZED


GLOBAL SYMBOLS: SORTED ALPHABETICALLY BY Name 

address    name
--------   ----
00000200   $bss
00000200   .bss
80000000   .data
80000000   .text
80001dc0   C$$EXIT
000009f0   _DSK6713_AIC23_codeccontrolhandle
000009f4   _DSK6713_AIC23_codecdatahandle
80001440   _DSK6713_AIC23_config
800007c0   _DSK6713_AIC23_openCodec
80001418   _DSK6713_AIC23_rget
80001380   _DSK6713_AIC23_rset
80001a40   _DSK6713_AIC23_setFreq
80000414   _DSK6713_getVersion
8000004c   _DSK6713_init
80000368   _DSK6713_rget
8000037c   _DSK6713_rset
000009f8   _DSK6713_version
80000390   _DSK6713_wait
800003e8   _DSK6713_waitusec
80001ca0   _IRQ_enable
80001d20   _IRQ_globalDisable
80001d40   _IRQ_globalEnable
80000d00   _IRQ_map
80001d60   _IRQ_nmiEnable
800014c0   _MCBSP_open
80001d80   _MCBSP_read
80001080   _MCBSP_reset
800015c0   _MCBSP_start
80001da0   _MCBSP_write
00000930   __IRQ_dispatchTable
0000086c   __IRQ_eventTable
80001de0   __IRQ_hookFetchPacket
000008f0   __IRQ_intTable
00000968   __MCBSP_hDev0
0000096c   __MCBSP_hDev1
00000600   __STACK_END
00000400   __STACK_SIZE
00000001   __TI_args_main
80001ba0   ___TI_cpp_init
000009ec   ___TI_enable_exit_profile_output
ffffffff   ___TI_pprof_out_hndl
ffffffff   ___TI_prof_data_size
ffffffff   ___TI_prof_data_start
ffffffff   ___binit__
00000200   ___bss__
ffffffff   ___c_args__
00000600   ___cinit__
80000000   ___data__
80000000   ___edata__
00000200   ___end__
80001e00   ___etext__
ffffffff   ___pinit__
80000000   ___text__
80001ce0   __args_main
800016c0   __auto_init
000009e4   __cleanup_ptr
80000480   __divf
000009e8   __dtors_ptr
00000200   __stack
800017c0   __strasg
80001dc0   _abort
80001c20   _c_int00
00000974   _config
80001980   _copy_in
800018a0   _exit
00000970   _hCodec
80001220   _main
80000ac0   _memcpy
80000ec0   _serialPortRcvISR
ffffffff   binit
00000600   cinit
80000000   edata
00000200   end
80001e00   etext
ffffffff   pinit


GLOBAL SYMBOLS: SORTED BY Symbol Address 

address    name
--------   ----
00000001   __TI_args_main
00000200   $bss
00000200   .bss
00000200   ___bss__
00000200   ___end__
00000200   __stack
00000200   end
00000400   __STACK_SIZE
00000600   __STACK_END
00000600   ___cinit__
00000600   cinit
0000086c   __IRQ_eventTable
000008f0   __IRQ_intTable
00000930   __IRQ_dispatchTable
00000968   __MCBSP_hDev0
0000096c   __MCBSP_hDev1
00000970   _hCodec
00000974   _config
000009e4   __cleanup_ptr
000009e8   __dtors_ptr
000009ec   ___TI_enable_exit_profile_output
000009f0   _DSK6713_AIC23_codeccontrolhandle
000009f4   _DSK6713_AIC23_codecdatahandle
000009f8   _DSK6713_version
80000000   .data
80000000   .text
80000000   ___data__
80000000   ___edata__
80000000   ___text__
80000000   edata
8000004c   _DSK6713_init
80000368   _DSK6713_rget
8000037c   _DSK6713_rset
80000390   _DSK6713_wait
800003e8   _DSK6713_waitusec
80000414   _DSK6713_getVersion
80000480   __divf
800007c0   _DSK6713_AIC23_openCodec
80000ac0   _memcpy
80000d00   _IRQ_map
80000ec0   _serialPortRcvISR
80001080   _MCBSP_reset
80001220   _main
80001380   _DSK6713_AIC23_rset
80001418   _DSK6713_AIC23_rget
80001440   _DSK6713_AIC23_config
800014c0   _MCBSP_open
800015c0   _MCBSP_start
800016c0   __auto_init
800017c0   __strasg
800018a0   _exit
80001980   _copy_in
80001a40   _DSK6713_AIC23_setFreq
80001ba0   ___TI_cpp_init
80001c20   _c_int00
80001ca0   _IRQ_enable
80001ce0   __args_main
80001d20   _IRQ_globalDisable
80001d40   _IRQ_globalEnable
80001d60   _IRQ_nmiEnable
80001d80   _MCBSP_read
80001da0   _MCBSP_write
80001dc0   C$$EXIT
80001dc0   _abort
80001de0   __IRQ_hookFetchPacket
80001e00   ___etext__
80001e00   etext
ffffffff   ___TI_pprof_out_hndl
ffffffff   ___TI_prof_data_size
ffffffff   ___TI_prof_data_start
ffffffff   ___binit__
ffffffff   ___c_args__
ffffffff   ___pinit__
ffffffff   binit
ffffffff   pinit

[75 symbols]
