******************************************************************************
               TMS320C6x Linker PC v7.4.2                      
******************************************************************************
>> Linked Wed Nov 12 19:16:16 2014

OUTPUT FILE NAME:   <lab2_IIR_DF2_SOS.out>
ENTRY POINT SYMBOL: "_c_int00"  address: 00001ba0


MEMORY CONFIGURATION

         name            origin    length      used     unused   attr    fill
----------------------  --------  ---------  --------  --------  ----  --------
  VECS                  00000000   00000200  00000200  00000000  RWIX
  IRAM                  00000200   0002fe00  000024a8  0002d958  RWIX
  L2RAM                 00030000   00010000  00000000  00010000  RWIX
  EMIFCE0               80000000   10000000  00000000  10000000  RWIX
  EMIFCE1               90000000   10000000  00000000  10000000  RWIX
  EMIFCE2               a0000000   10000000  00000000  10000000  RWIX
  EMIFCE3               b0000000   10000000  00000000  10000000  RWIX


SECTION ALLOCATION MAP

 output                                  attributes/
section   page    origin      length       input sections
--------  ----  ----------  ----------   ----------------
vectors    0    00000000    00000200     
                  00000000    00000200     vectors.obj (vectors)

.pinit     0    00000200    00000000     UNINITIALIZED

.text      0    00000200    00001aa0     
                  00000200    00000480     dsk6713bsl.lib : dsk6713.obj (.text)
                  00000680    00000300                    : dsk6713_aic23_opencodec.obj (.text)
                  00000980    00000260     lab2_IIR_SOS.obj (.text)
                  00000be0    00000240     rts6700.lib : memcpy62.obj (.text:_memcpy)
                  00000e20    000001c0     csl6713.lib : csl_irq.obj (.text:_IRQ_map)
                  00000fe0    000001a0                 : csl_mcbsp.obj (.text:_MCBSP_reset)
                  00001180    00000180     lab2_IIR_SOS.obj (.text:retain)
                  00001300    00000140     dsk6713bsl.lib : dsk6713_aic23_registers.obj (.text)
                  00001440    00000100     csl6713.lib : csl_mcbsp.obj (.text:_MCBSP_open)
                  00001540    00000100                 : csl_mcbsp.obj (.text:_MCBSP_start)
                  00001640    00000100     rts6700.lib : autoinit.obj (.text:__auto_init)
                  00001740    000000e0                 : strasg.obj (.text:__strasg)
                  00001820    000000e0                 : exit.obj (.text:_exit)
                  00001900    000000c0                 : cpy_tbl.obj (.text:_copy_in)
                  000019c0    000000c0     dsk6713bsl.lib : dsk6713_aic23_setfreq.obj (.text)
                  00001a80    000000a0     csl6713.lib : csl_irq.obj (.text:_setMux)
                  00001b20    00000080     rts6700.lib : cpp_init.obj (.text:___TI_cpp_init)
                  00001ba0    00000080                 : boot.obj (.text:_c_int00)
                  00001c20    00000040                 : args_main.obj (.text:__args_main)
                  00001c60    00000020                 : exit.obj (.text:_abort)
                  00001c80    00000020     csl6713.lib : csl_irq.obj (.text)

.bss       0    00000200    00000000     UNINITIALIZED

.data      0    00000200    00000000     UNINITIALIZED

.stack     0    00001ca0    00000400     UNINITIALIZED
                  00001ca0    00000008     rts6700.lib : boot.obj (.stack)
                  00001ca8    000003f8     --HOLE--

.cinit     0    000020a0    00000264     
                  000020a0    0000012c     csl6713.lib : csl_irq.obj (.cinit)
                  000021cc    00000004     --HOLE-- [fill = 0]
                  000021d0    00000054                 : csl_mcbsp.obj (.cinit)
                  00002224    00000004     --HOLE-- [fill = 0]
                  00002228    0000004a     lab2_IIR_SOS.obj (.cinit)
                  00002272    00000006     --HOLE-- [fill = 0]
                  00002278    00000030     dsk6713bsl.lib : dsk6713_aic23_registers.obj (.cinit)
                  000022a8    0000002c     rts6700.lib : exit.obj (.cinit)
                  000022d4    00000004     --HOLE-- [fill = 0]
                  000022d8    00000028     dsk6713bsl.lib : dsk6713_aic23_setfreq.obj (.cinit)
                  00002300    00000004     --HOLE-- [fill = 0]

.far       0    00002304    0000023c     UNINITIALIZED
                  00002304    000000f4     csl6713.lib : csl_irq.obj (.far)
                  000023f8    000000b2     lab2_IIR_SOS.obj (.far)
                  000024aa    00000002     dsk6713bsl.lib : dsk6713.obj (.far)
                  000024ac    00000038     csl6713.lib : csl_mcbsp.obj (.far)
                  000024e4    00000028     dsk6713bsl.lib : dsk6713_aic23_registers.obj (.far)
                  0000250c    00000020                    : dsk6713_aic23_setfreq.obj (.far)
                  0000252c    0000000c     rts6700.lib : exit.obj (.far)
                  00002538    00000008     dsk6713bsl.lib : dsk6713_aic23_opencodec.obj (.far)

.const     0    00002540    00000168     
                  00002540    00000084     lab2_IIR_SOS.obj (.const:_DEN)
                  000025c4    00000084     lab2_IIR_SOS.obj (.const:_NUM)
                  00002648    00000040     dsk6713bsl.lib : dsk6713_aic23_opencodec.obj (.const)
                  00002688    00000020                    : dsk6713.obj (.const)


GLOBAL SYMBOLS: SORTED ALPHABETICALLY BY Name 

address    name
--------   ----
00000200   $bss
00000200   .bss
00000200   .data
00000200   .text
00001c60   C$$EXIT
00002540   _DEN
00002538   _DSK6713_AIC23_codeccontrolhandle
0000253c   _DSK6713_AIC23_codecdatahandle
000013c0   _DSK6713_AIC23_config
00000680   _DSK6713_AIC23_openCodec
00001398   _DSK6713_AIC23_rget
00001300   _DSK6713_AIC23_rset
000019c0   _DSK6713_AIC23_setFreq
00000614   _DSK6713_getVersion
0000024c   _DSK6713_init
00000568   _DSK6713_rget
0000057c   _DSK6713_rset
000024aa   _DSK6713_version
00000590   _DSK6713_wait
000005e8   _DSK6713_waitusec
00000e20   _IRQ_map
00001440   _MCBSP_open
00000fe0   _MCBSP_reset
00001540   _MCBSP_start
000025c4   _NUM
000023f0   __IRQ_dispatchTable
0000232c   __IRQ_eventTable
00001c80   __IRQ_hookFetchPacket
000023b0   __IRQ_intTable
000024dc   __MCBSP_hDev0
000024e0   __MCBSP_hDev1
000020a0   __STACK_END
00000400   __STACK_SIZE
00000001   __TI_args_main
00001b20   ___TI_cpp_init
00002534   ___TI_enable_exit_profile_output
ffffffff   ___TI_pprof_out_hndl
ffffffff   ___TI_prof_data_size
ffffffff   ___TI_prof_data_start
ffffffff   ___binit__
00000200   ___bss__
ffffffff   ___c_args__
000020a0   ___cinit__
00000200   ___data__
00000200   ___edata__
00000200   ___end__
00001ca0   ___etext__
ffffffff   ___pinit__
00000200   ___text__
00001c20   __args_main
00001640   __auto_init
0000252c   __cleanup_ptr
00002530   __dtors_ptr
00001ca0   __stack
00001740   __strasg
00001c60   _abort
00001ba0   _c_int00
000023fc   _config
00001900   _copy_in
00001820   _exit
000023f8   _hCodec
00000980   _lordBiquad
00000aa0   _main
00000be0   _memcpy
000024a8   _n
00001180   _serialPortRcvISR
00002424   _w
ffffffff   binit
000020a0   cinit
00000200   edata
00000200   end
00001ca0   etext
ffffffff   pinit


GLOBAL SYMBOLS: SORTED BY Symbol Address 

address    name
--------   ----
00000001   __TI_args_main
00000200   $bss
00000200   .bss
00000200   .data
00000200   .text
00000200   ___bss__
00000200   ___data__
00000200   ___edata__
00000200   ___end__
00000200   ___text__
00000200   edata
00000200   end
0000024c   _DSK6713_init
00000400   __STACK_SIZE
00000568   _DSK6713_rget
0000057c   _DSK6713_rset
00000590   _DSK6713_wait
000005e8   _DSK6713_waitusec
00000614   _DSK6713_getVersion
00000680   _DSK6713_AIC23_openCodec
00000980   _lordBiquad
00000aa0   _main
00000be0   _memcpy
00000e20   _IRQ_map
00000fe0   _MCBSP_reset
00001180   _serialPortRcvISR
00001300   _DSK6713_AIC23_rset
00001398   _DSK6713_AIC23_rget
000013c0   _DSK6713_AIC23_config
00001440   _MCBSP_open
00001540   _MCBSP_start
00001640   __auto_init
00001740   __strasg
00001820   _exit
00001900   _copy_in
000019c0   _DSK6713_AIC23_setFreq
00001b20   ___TI_cpp_init
00001ba0   _c_int00
00001c20   __args_main
00001c60   C$$EXIT
00001c60   _abort
00001c80   __IRQ_hookFetchPacket
00001ca0   ___etext__
00001ca0   __stack
00001ca0   etext
000020a0   __STACK_END
000020a0   ___cinit__
000020a0   cinit
0000232c   __IRQ_eventTable
000023b0   __IRQ_intTable
000023f0   __IRQ_dispatchTable
000023f8   _hCodec
000023fc   _config
00002424   _w
000024a8   _n
000024aa   _DSK6713_version
000024dc   __MCBSP_hDev0
000024e0   __MCBSP_hDev1
0000252c   __cleanup_ptr
00002530   __dtors_ptr
00002534   ___TI_enable_exit_profile_output
00002538   _DSK6713_AIC23_codeccontrolhandle
0000253c   _DSK6713_AIC23_codecdatahandle
00002540   _DEN
000025c4   _NUM
ffffffff   ___TI_pprof_out_hndl
ffffffff   ___TI_prof_data_size
ffffffff   ___TI_prof_data_start
ffffffff   ___binit__
ffffffff   ___c_args__
ffffffff   ___pinit__
ffffffff   binit
ffffffff   pinit

[73 symbols]
