******************************************************************************
               TMS320C6x Linker PC v7.4.2                      
******************************************************************************
>> Linked Fri Nov 21 20:50:19 2014

OUTPUT FILE NAME:   <lab2_IIR_DF2_SOS.out>
ENTRY POINT SYMBOL: "_c_int00"  address: 000012e0


MEMORY CONFIGURATION

         name            origin    length      used     unused   attr    fill
----------------------  --------  ---------  --------  --------  ----  --------
  VECS                  00000000   00000200  00000200  00000000  RWIX
  IRAM                  00000200   0002fe00  00001bc0  0002e240  RWIX
  L2RAM                 00030000   00010000  00000000  00010000  RWIX
  EMIFCE0               80000000   10000000  00000000  10000000  RWIX
  EMIFCE1               90000000   10000000  00000000  10000000  RWIX
  EMIFCE2               a0000000   10000000  00000000  10000000  RWIX
  EMIFCE3               b0000000   10000000  00000000  10000000  RWIX


SECTION ALLOCATION MAP

 output                                  attributes/
section   page    origin      length       input sections
--------  ----  ----------  ----------   ----------------
vectors    0    00000000    00000200     
                  00000000    00000200     vectors.obj (vectors)

.pinit     0    00000200    00000000     UNINITIALIZED

.text      0    00000200    000012c0     
                  00000200    000003a0     lab2_IIR_SOS.obj (.text)
                  000005a0    00000340     rts6700.lib : divf.obj (.text:__divf)
                  000008e0    00000240                 : memcpy62.obj (.text:_memcpy)
                  00000b20    00000240     lab2_IIR_SOS.obj (.text:retain)
                  00000d60    000001c0     csl6713.lib : csl_irq.obj (.text:_IRQ_map)
                  00000f20    00000100     rts6700.lib : autoinit.obj (.text:__auto_init)
                  00001020    000000e0                 : exit.obj (.text:_exit)
                  00001100    000000c0                 : cpy_tbl.obj (.text:_copy_in)
                  000011c0    000000a0     csl6713.lib : csl_irq.obj (.text:_setMux)
                  00001260    00000080     rts6700.lib : cpp_init.obj (.text:___TI_cpp_init)
                  000012e0    00000080                 : boot.obj (.text:_c_int00)
                  00001360    00000040     csl6713.lib : csl_irq.obj (.text:_IRQ_enable)
                  000013a0    00000040     rts6700.lib : args_main.obj (.text:__args_main)
                  000013e0    00000020     csl6713.lib : csl_irq.obj (.text:_IRQ_globalDisable)
                  00001400    00000020                 : csl_irq.obj (.text:_IRQ_globalEnable)
                  00001420    00000020                 : csl_irq.obj (.text:_IRQ_nmiEnable)
                  00001440    00000020                 : csl_mcbsp.obj (.text:_MCBSP_read)
                  00001460    00000020                 : csl_mcbsp.obj (.text:_MCBSP_write)
                  00001480    00000020     rts6700.lib : exit.obj (.text:_abort)
                  000014a0    00000020     csl6713.lib : csl_irq.obj (.text)

.bss       0    00000200    00000000     UNINITIALIZED

.data      0    00000200    00000000     UNINITIALIZED

.stack     0    000014c0    00000400     UNINITIALIZED
                  000014c0    00000008     rts6700.lib : boot.obj (.stack)
                  000014c8    000003f8     --HOLE--

.cinit     0    000018c0    0000020c     
                  000018c0    0000012c     csl6713.lib : csl_irq.obj (.cinit)
                  000019ec    00000004     --HOLE-- [fill = 0]
                  000019f0    00000054                 : csl_mcbsp.obj (.cinit)
                  00001a44    00000004     --HOLE-- [fill = 0]
                  00001a48    0000004a     lab2_IIR_SOS.obj (.cinit)
                  00001a92    00000006     --HOLE-- [fill = 0]
                  00001a98    0000002c     rts6700.lib : exit.obj (.cinit)
                  00001ac4    00000004     --HOLE-- [fill = 0]
                  00001ac8    00000004     (.pad.cinit) [fill = 0]

.far       0    00001acc    000001ec     UNINITIALIZED
                  00001acc    000000f4     csl6713.lib : csl_irq.obj (.far)
                  00001bc0    000000b2     lab2_IIR_SOS.obj (.far)
                  00001c72    00000002     --HOLE--
                  00001c74    00000038     csl6713.lib : csl_mcbsp.obj (.far)
                  00001cac    0000000c     rts6700.lib : exit.obj (.far)

.const     0    00001cb8    00000108     
                  00001cb8    00000084     lab2_IIR_SOS.obj (.const:_DEN)
                  00001d3c    00000084     lab2_IIR_SOS.obj (.const:_NUM)


GLOBAL SYMBOLS: SORTED ALPHABETICALLY BY Name 

address    name
--------   ----
00000200   $bss
00000200   .bss
00000200   .data
00000200   .text
00001480   C$$EXIT
00001cb8   _DEN
UNDEFED    _DSK6713_AIC23_codecdatahandle
UNDEFED    _DSK6713_AIC23_openCodec
UNDEFED    _DSK6713_AIC23_setFreq
UNDEFED    _DSK6713_init
00001360   _IRQ_enable
000013e0   _IRQ_globalDisable
00001400   _IRQ_globalEnable
00000d60   _IRQ_map
00001420   _IRQ_nmiEnable
00001440   _MCBSP_read
00001460   _MCBSP_write
00001d3c   _NUM
00001bb8   __IRQ_dispatchTable
00001af4   __IRQ_eventTable
000014a0   __IRQ_hookFetchPacket
00001b78   __IRQ_intTable
00001ca4   __MCBSP_hDev0
00001ca8   __MCBSP_hDev1
000018c0   __STACK_END
00000400   __STACK_SIZE
00000001   __TI_args_main
00001260   ___TI_cpp_init
00001cb4   ___TI_enable_exit_profile_output
ffffffff   ___TI_pprof_out_hndl
ffffffff   ___TI_prof_data_size
ffffffff   ___TI_prof_data_start
ffffffff   ___binit__
00000200   ___bss__
ffffffff   ___c_args__
000018c0   ___cinit__
00000200   ___data__
00000200   ___edata__
00000200   ___end__
000014c0   ___etext__
ffffffff   ___pinit__
00000200   ___text__
000013a0   __args_main
00000f20   __auto_init
00001cac   __cleanup_ptr
000005a0   __divf
00001cb0   __dtors_ptr
000014c0   __stack
00001480   _abort
000012e0   _c_int00
00001bc4   _config
00001100   _copy_in
00001020   _exit
00001bc0   _hCodec
0000035c   _lordBiquad
00000200   _main
000008e0   _memcpy
00001c70   _n
00000b20   _serialPortRcvISR
00001bec   _w
ffffffff   binit
000018c0   cinit
00000200   edata
00000200   end
000014c0   etext
ffffffff   pinit


GLOBAL SYMBOLS: SORTED BY Symbol Address 

address    name
--------   ----
00000001   __TI_args_main
00000200   $bss
00000200   .bss
00000200   .data
00000200   .text
00000200   ___bss__
00000200   ___data__
00000200   ___edata__
00000200   ___end__
00000200   ___text__
00000200   _main
00000200   edata
00000200   end
0000035c   _lordBiquad
00000400   __STACK_SIZE
000005a0   __divf
000008e0   _memcpy
00000b20   _serialPortRcvISR
00000d60   _IRQ_map
00000f20   __auto_init
00001020   _exit
00001100   _copy_in
00001260   ___TI_cpp_init
000012e0   _c_int00
00001360   _IRQ_enable
000013a0   __args_main
000013e0   _IRQ_globalDisable
00001400   _IRQ_globalEnable
00001420   _IRQ_nmiEnable
00001440   _MCBSP_read
00001460   _MCBSP_write
00001480   C$$EXIT
00001480   _abort
000014a0   __IRQ_hookFetchPacket
000014c0   ___etext__
000014c0   __stack
000014c0   etext
000018c0   __STACK_END
000018c0   ___cinit__
000018c0   cinit
00001af4   __IRQ_eventTable
00001b78   __IRQ_intTable
00001bb8   __IRQ_dispatchTable
00001bc0   _hCodec
00001bc4   _config
00001bec   _w
00001c70   _n
00001ca4   __MCBSP_hDev0
00001ca8   __MCBSP_hDev1
00001cac   __cleanup_ptr
00001cb0   __dtors_ptr
00001cb4   ___TI_enable_exit_profile_output
00001cb8   _DEN
00001d3c   _NUM
ffffffff   ___TI_pprof_out_hndl
ffffffff   ___TI_prof_data_size
ffffffff   ___TI_prof_data_start
ffffffff   ___binit__
ffffffff   ___c_args__
ffffffff   ___pinit__
ffffffff   binit
ffffffff   pinit
UNDEFED    _DSK6713_AIC23_codecdatahandle
UNDEFED    _DSK6713_AIC23_openCodec
UNDEFED    _DSK6713_AIC23_setFreq
UNDEFED    _DSK6713_init

[66 symbols]
